<html>
<body>
<pre>
<h1>µVision Build Log</h1>
<h2>Tool Versions:</h2>
IDE-Version: ¶ÃVision V5.43.1.0
Copyright (C) 2025 ARM Ltd and ARM Germany GmbH. All rights reserved.
License Information: Sun Yi, sy, LIC=ATTQ1-CJC1D-JJW6S-LVE3T-C1LVJ-W8P63
 
Tool Versions:
Toolchain:       MDK-ARM Plus  Version: 5.43.0.0
Toolchain Path:  D:\AppData\Keil_v5\ARM\ARMCC\Bin
C Compiler:      Armcc.exe V5.06 update 5 (build 528)
Assembler:       Armasm.exe V5.06 update 5 (build 528)
Linker/Locator:  ArmLink.exe V5.06 update 5 (build 528)
Library Manager: ArmAr.exe V5.06 update 5 (build 528)
Hex Converter:   FromElf.exe V5.06 update 5 (build 528)
CPU DLL:         SARMCM3.DLL V5.43.0.0
Dialog DLL:      DCM.DLL V1.17.5.0
Target DLL:      STLink\ST-LINKIII-KEIL_SWO.dll V3.3.1.0
Dialog DLL:      TCM.DLL V1.56.6.0
 
<h2>Project:</h2>
C:\Users\23060\Desktop\Fan\Fan\MDK-ARM\SmartFan.uvprojx
Project File Date:  04/23/2026

<h2>Output:</h2>
*** Using Compiler 'V5.06 update 5 (build 528)', folder: 'D:\AppData\Keil_v5\ARM\ARMCC\Bin'
Rebuild target 'SmartFan'
assembling startup_stm32f103xb.s...
compiling stm32f1xx_hal_msp.c...
compiling usart.c...
compiling adc.c...
compiling iwdg.c...
compiling tim.c...
compiling gpio.c...
compiling bsp_mlx90614.c...
compiling i2c.c...
compiling bsp_fan_tacho.c...
compiling bsp_aht20.c...
compiling stm32f1xx_it.c...
compiling bsp_flash_storage.c...
compiling bsp_oled.c...
compiling bsp_humidity.c...
compiling main.c...
../Core/Src/main.c(802): warning:  #870-D: invalid multibyte character sequence
              Debug_Print("Âª∂Êó∂Â∑≤‰øùÂ≠?: %lu s\r\n", (unsigned long)g_sys.fan_delay_sec);
../Core/Src/main.c(833): warning:  #870-D: invalid multibyte character sequence
                  Debug_Print("ACS712 Â≥∞ÂÄ?:%u Â†µËΩ¨ÈòàÂÄ?:%u\r\n", g_sys.acs712_peak_adc, g_sys.acs712_stall_threshold);
../Core/Src/main.c(833): warning:  #870-D: invalid multibyte character sequence
                  Debug_Print("ACS712 Â≥∞ÂÄ?:%u Â†µËΩ¨ÈòàÂÄ?:%u\r\n", g_sys.acs712_peak_adc, g_sys.acs712_stall_threshold);
../Core/Src/main.c: 3 warnings, 0 errors
compiling bsp_pid.c...
compiling stm32f1xx_hal_gpio_ex.c...
compiling stm32f1xx_hal.c...
compiling stm32f1xx_hal_rcc_ex.c...
compiling stm32f1xx_hal_adc_ex.c...
compiling stm32f1xx_hal_adc.c...
compiling stm32f1xx_hal_gpio.c...
compiling stm32f1xx_hal_cortex.c...
compiling stm32f1xx_hal_pwr.c...
compiling stm32f1xx_hal_iwdg.c...
compiling stm32f1xx_hal_rcc.c...
compiling stm32f1xx_hal_dma.c...
compiling stm32f1xx_hal_flash_ex.c...
compiling stm32f1xx_hal_flash.c...
compiling stm32f1xx_hal_exti.c...
compiling system_stm32f1xx.c...
compiling stm32f1xx_hal_i2c.c...
compiling stm32f1xx_hal_tim.c...
compiling stm32f1xx_hal_tim_ex.c...
compiling stm32f1xx_hal_uart.c...
linking...
Program Size: Code=30566 RO-data=1502 RW-data=220 ZI-data=4284  
FromELF: creating hex file...
"SmartFan\SmartFan.axf" - 0 Error(s), 3 Warning(s).

<h2>Software Packages used:</h2>

Package Vendor: ARM
                https://www.keil.com/pack/ARM.CMSIS.6.3.0.pack
                ARM::CMSIS@6.3.0
                CMSIS (Common Microcontroller Software Interface Standard)
   * Component: CORE Version: 6.2.0

Package Vendor: Keil
                http://www.keil.com/pack/Keil.STM32F1xx_DFP.2.2.0.pack
                Keil::STM32F1xx_DFP@2.2.0
                STMicroelectronics STM32F1 Series Device Support, Drivers and Examples

<h2>Collection of Component include folders:</h2>
  ./RTE/_SmartFan
  D:/AppData/Keil_v5/ARM/Packs/ARM/CMSIS/6.3.0/CMSIS/Core/Include
  D:/AppData/Keil_v5/ARM/Packs/Keil/STM32F1xx_DFP/2.2.0/Device/Include

<h2>Collection of Component Files used:</h2>

   * Component: ARM::CMSIS:CORE@6.2.0
      Include file:  CMSIS/Core/Include/tz_context.h
Build Time Elapsed:  00:00:11
</pre>
</body>
</html>
