Component: ARM Compiler 5.05 update 1 (build 106) Tool: armlink [4d0efa]

==============================================================================

Section Cross References

    startup_stm32f10x_hd.o(RESET) refers to startup_stm32f10x_hd.o(STACK) for __initial_sp
    startup_stm32f10x_hd.o(RESET) refers to startup_stm32f10x_hd.o(.text) for Reset_Handler
    startup_stm32f10x_hd.o(RESET) refers to stm32f10x_it.o(.text) for NMI_Handler
    startup_stm32f10x_hd.o(RESET) refers to bsp_adc.o(.text) for ADC1_2_IRQHandler
    startup_stm32f10x_hd.o(RESET) refers to capture.o(.text) for TIM1_UP_IRQHandler
    startup_stm32f10x_hd.o(RESET) refers to encoder.o(.text) for TIM4_IRQHandler
    startup_stm32f10x_hd.o(RESET) refers to usartx.o(.text) for USART1_IRQHandler
    startup_stm32f10x_hd.o(RESET) refers to bluetooth.o(.text) for USART2_IRQHandler
    startup_stm32f10x_hd.o(RESET) refers to control.o(.text) for TIM5_IRQHandler
    startup_stm32f10x_hd.o(RESET) refers to lidar.o(.text) for UART5_IRQHandler
    startup_stm32f10x_hd.o(.text) refers to system_stm32f10x.o(.text) for SystemInit
    startup_stm32f10x_hd.o(.text) refers to entry.o(.ARM.Collect$$$$00000000) for __main
    system_stm32f10x.o(.text) refers to system_stm32f10x.o(.data) for SystemCoreClock
    stm32f10x_adc.o(.text) refers to stm32f10x_rcc.o(.text) for RCC_APB2PeriphResetCmd
    stm32f10x_bkp.o(.text) refers to stm32f10x_rcc.o(.text) for RCC_BackupResetCmd
    stm32f10x_can.o(.text) refers to stm32f10x_rcc.o(.text) for RCC_APB1PeriphResetCmd
    stm32f10x_cec.o(.text) refers to stm32f10x_rcc.o(.text) for RCC_APB1PeriphResetCmd
    stm32f10x_dac.o(.text) refers to stm32f10x_rcc.o(.text) for RCC_APB1PeriphResetCmd
    stm32f10x_gpio.o(.text) refers to stm32f10x_rcc.o(.text) for RCC_APB2PeriphResetCmd
    stm32f10x_i2c.o(.text) refers to stm32f10x_rcc.o(.text) for RCC_APB1PeriphResetCmd
    stm32f10x_pwr.o(.text) refers to stm32f10x_rcc.o(.text) for RCC_APB1PeriphResetCmd
    stm32f10x_rcc.o(.text) refers to stm32f10x_rcc.o(.data) for APBAHBPrescTable
    stm32f10x_spi.o(.text) refers to stm32f10x_rcc.o(.text) for RCC_APB2PeriphResetCmd
    stm32f10x_tim.o(.text) refers to stm32f10x_rcc.o(.text) for RCC_APB2PeriphResetCmd
    stm32f10x_usart.o(.text) refers to stm32f10x_rcc.o(.text) for RCC_APB2PeriphResetCmd
    stm32f10x_wwdg.o(.text) refers to stm32f10x_rcc.o(.text) for RCC_APB1PeriphResetCmd
    main.o(.text) refers to misc.o(.text) for NVIC_PriorityGroupConfig
    main.o(.text) refers to bsp_led.o(.text) for LED_GPIO_Config
    main.o(.text) refers to bsp_key.o(.text) for Key_GPIO_Config
    main.o(.text) refers to bsp_beep.o(.text) for BEEP_GPIO_Config
    main.o(.text) refers to bsp_oled.o(.text) for OLED_Init
    main.o(.text) refers to encoder.o(.text) for Encoder_Init
    main.o(.text) refers to bsp_motor.o(.text) for Motor_Init
    main.o(.text) refers to bsp_usart.o(.text) for DEBUG_USART_Init
    main.o(.text) refers to pstwo.o(.text) for PS2_Init
    main.o(.text) refers to bsp_adc.o(.text) for Car_Select_ADC_Init
    main.o(.text) refers to capture.o(.text) for PWM_Cap_Init
    main.o(.text) refers to mpu6050.o(.text) for MPU6050_Init
    main.o(.text) refers to show.o(.text) for Robot_Select
    main.o(.text) refers to bsp_systick.o(.text) for SysTick_Delay_Ms
    main.o(.text) refers to control.o(.text) for Car_Perimeter_Init
    main.o(.text) refers to bsp_generaltim.o(.text) for TIMING_TIM_Init
    main.o(.text) refers to main.o(.data) for Car_Num
    stm32f10x_it.o(.text) refers to bsp_systick.o(.text) for TimingDelay_Decrement
    bsp_beep.o(.text) refers to stm32f10x_rcc.o(.text) for RCC_APB2PeriphClockCmd
    bsp_beep.o(.text) refers to stm32f10x_gpio.o(.text) for GPIO_Init
    bsp_beep.o(.text) refers to bsp_beep.o(.data) for count_time
    bsp_key.o(.text) refers to stm32f10x_rcc.o(.text) for RCC_APB2PeriphClockCmd
    bsp_key.o(.text) refers to stm32f10x_gpio.o(.text) for GPIO_Init
    bsp_key.o(.text) refers to ele_ccd.o(.text) for ELE_ADC_Init
    bsp_key.o(.text) refers to memseta.o(.text) for __aeabi_memclr
    bsp_key.o(.text) refers to bsp_key.o(.data) for key_step
    bsp_key.o(.text) refers to control.o(.data) for Mode
    bsp_key.o(.text) refers to control.o(.bss) for MotorB
    bsp_key.o(.text) refers to main.o(.data) for Flag_Show
    bsp_key.o(.text) refers to lidar.o(.bss) for Dataprocess
    bsp_led.o(.text) refers to stm32f10x_rcc.o(.text) for RCC_APB2PeriphClockCmd
    bsp_led.o(.text) refers to stm32f10x_gpio.o(.text) for GPIO_Init
    bsp_led.o(.text) refers to bsp_led.o(.data) for count_time
    bsp_systick.o(.text) refers to system_stm32f10x.o(.data) for SystemCoreClock
    bsp_systick.o(.text) refers to bsp_systick.o(.data) for TimingDelay
    bsp_usart.o(.text) refers to stm32f10x_rcc.o(.text) for RCC_APB2PeriphClockCmd
    bsp_usart.o(.text) refers to stm32f10x_gpio.o(.text) for GPIO_Init
    bsp_usart.o(.text) refers to misc.o(.text) for NVIC_Init
[...]
    ADC_GetCalibrationStatus                 0x08000537   Thumb Code    20  stm32f10x_adc.o(.text)
    ADC_SoftwareStartConvCmd                 0x0800054b   Thumb Code    22  stm32f10x_adc.o(.text)
    ADC_GetSoftwareStartConvStatus           0x08000561   Thumb Code    20  stm32f10x_adc.o(.text)
    ADC_DiscModeChannelCountConfig           0x08000575   Thumb Code    24  stm32f10x_adc.o(.text)
    ADC_DiscModeCmd                          0x0800058d   Thumb Code    22  stm32f10x_adc.o(.text)
    ADC_RegularChannelConfig                 0x080005a3   Thumb Code   184  stm32f10x_adc.o(.text)
    ADC_ExternalTrigConvCmd                  0x0800065b   Thumb Code    22  stm32f10x_adc.o(.text)
    ADC_GetConversionValue                   0x08000671   Thumb Code     8  stm32f10x_adc.o(.text)
    ADC_GetDualModeConversionValue           0x08000679   Thumb Code     8  stm32f10x_adc.o(.text)
    ADC_AutoInjectedConvCmd                  0x08000681   Thumb Code    22  stm32f10x_adc.o(.text)
    ADC_InjectedDiscModeCmd                  0x08000697   Thumb Code    22  stm32f10x_adc.o(.text)
    ADC_ExternalTrigInjectedConvConfig       0x080006ad   Thumb Code    16  stm32f10x_adc.o(.text)
    ADC_ExternalTrigInjectedConvCmd          0x080006bd   Thumb Code    22  stm32f10x_adc.o(.text)
    ADC_SoftwareStartInjectedConvCmd         0x080006d3   Thumb Code    22  stm32f10x_adc.o(.text)
    ADC_GetSoftwareStartInjectedConvCmdStatus 0x080006e9   Thumb Code    20  stm32f10x_adc.o(.text)
    ADC_InjectedChannelConfig                0x080006fd   Thumb Code   130  stm32f10x_adc.o(.text)
    ADC_InjectedSequencerLengthConfig        0x0800077f   Thumb Code    24  stm32f10x_adc.o(.text)
    ADC_SetInjectedOffset                    0x08000797   Thumb Code    20  stm32f10x_adc.o(.text)
    ADC_GetInjectedConversionValue           0x080007ab   Thumb Code    28  stm32f10x_adc.o(.text)
    ADC_AnalogWatchdogCmd                    0x080007c7   Thumb Code    16  stm32f10x_adc.o(.text)
    ADC_AnalogWatchdogThresholdsConfig       0x080007d7   Thumb Code     6  stm32f10x_adc.o(.text)
    ADC_AnalogWatchdogSingleChannelConfig    0x080007dd   Thumb Code    16  stm32f10x_adc.o(.text)
    ADC_TempSensorVrefintCmd                 0x080007ed   Thumb Code    64  stm32f10x_adc.o(.text)
    ADC_GetFlagStatus                        0x0800082d   Thumb Code    18  stm32f10x_adc.o(.text)
    ADC_ClearFlag                            0x0800083f   Thumb Code     6  stm32f10x_adc.o(.text)
    ADC_GetITStatus                          0x08000845   Thumb Code    36  stm32f10x_adc.o(.text)
    ADC_ClearITPendingBit                    0x08000869   Thumb Code    10  stm32f10x_adc.o(.text)
    EXTI_DeInit                              0x08000875   Thumb Code    28  stm32f10x_exti.o(.text)
    EXTI_Init                                0x08000891   Thumb Code   142  stm32f10x_exti.o(.text)
    EXTI_StructInit                          0x0800091f   Thumb Code    16  stm32f10x_exti.o(.text)
    EXTI_GenerateSWInterrupt                 0x0800092f   Thumb Code    16  stm32f10x_exti.o(.text)
    EXTI_GetFlagStatus                       0x0800093f   Thumb Code    22  stm32f10x_exti.o(.text)
    EXTI_ClearFlag                           0x08000955   Thumb Code     8  stm32f10x_exti.o(.text)
    EXTI_GetITStatus                         0x0800095d   Thumb Code    34  stm32f10x_exti.o(.text)
    EXTI_ClearITPendingBit                   0x0800097f   Thumb Code     8  stm32f10x_exti.o(.text)
    GPIO_DeInit                              0x08000991   Thumb Code   172  stm32f10x_gpio.o(.text)
    GPIO_AFIODeInit                          0x08000a3d   Thumb Code    20  stm32f10x_gpio.o(.text)
    GPIO_Init                                0x08000a51   Thumb Code   278  stm32f10x_gpio.o(.text)
    GPIO_StructInit                          0x08000b67   Thumb Code    16  stm32f10x_gpio.o(.text)
    GPIO_ReadInputDataBit                    0x08000b77   Thumb Code    18  stm32f10x_gpio.o(.text)
    GPIO_ReadInputData                       0x08000b89   Thumb Code     8  stm32f10x_gpio.o(.text)
    GPIO_ReadOutputDataBit                   0x08000b91   Thumb Code    18  stm32f10x_gpio.o(.text)
    GPIO_ReadOutputData                      0x08000ba3   Thumb Code     8  stm32f10x_gpio.o(.text)
    GPIO_SetBits                             0x08000bab   Thumb Code     4  stm32f10x_gpio.o(.text)
    GPIO_ResetBits                           0x08000baf   Thumb Code     4  stm32f10x_gpio.o(.text)
    GPIO_WriteBit                            0x08000bb3   Thumb Code    10  stm32f10x_gpio.o(.text)
    GPIO_Write                               0x08000bbd   Thumb Code     4  stm32f10x_gpio.o(.text)
    GPIO_PinLockConfig                       0x08000bc1   Thumb Code    18  stm32f10x_gpio.o(.text)
    GPIO_EventOutputConfig                   0x08000bd3   Thumb Code    26  stm32f10x_gpio.o(.text)
    GPIO_EventOutputCmd                      0x08000bed   Thumb Code     6  stm32f10x_gpio.o(.text)
    GPIO_PinRemapConfig                      0x08000bf3   Thumb Code   138  stm32f10x_gpio.o(.text)
    GPIO_EXTILineConfig                      0x08000c7d   Thumb Code    66  stm32f10x_gpio.o(.text)
    GPIO_ETH_MediaInterfaceConfig            0x08000cbf   Thumb Code     8  stm32f10x_gpio.o(.text)
    RCC_DeInit                               0x08000ced   Thumb Code    64  stm32f10x_rcc.o(.text)
    RCC_HSEConfig                            0x08000d2d   Thumb Code    70  stm32f10x_rcc.o(.text)
    RCC_GetFlagStatus                        0x08000d73   Thumb Code    56  stm32f10x_rcc.o(.text)
    RCC_WaitForHSEStartUp                    0x08000dab   Thumb Code    56  stm32f10x_rcc.o(.text)
    RCC_AdjustHSICalibrationValue            0x08000de3   Thumb Code    20  stm32f10x_rcc.o(.text)
    RCC_HSICmd                               0x08000df7   Thumb Code     6  stm32f10x_rcc.o(.text)
    RCC_PLLConfig                            0x08000dfd   Thumb Code    24  stm32f10x_rcc.o(.text)
    RCC_PLLCmd                               0x08000e15   Thumb Code     6  stm32f10x_rcc.o(.text)
    RCC_SYSCLKConfig                         0x08000e1b   Thumb Code    18  stm32f10x_rcc.o(.text)
    RCC_GetSYSCLKSource                      0x08000e2d   Thumb Code    10  stm32f10x_rcc.o(.text)
    RCC_HCLKConfig                           0x08000e37   Thumb Code    18  stm32f10x_rcc.o(.text)
    RCC_PCLK1Config                          0x08000e49   Thumb Code    18  stm32f10x_rcc.o(.text)
    RCC_PCLK2Config                          0x08000e5b   Thumb Code    20  stm32f10x_rcc.o(.text)
    RCC_ITConfig                             0x08000e6f   Thumb Code    26  stm32f10x_rcc.o(.text)
    RCC_USBCLKConfig                         0x08000e89   Thumb Code     8  stm32f10x_rcc.o(.text)
    RCC_ADCCLKConfig                         0x08000e91   Thumb Code    18  stm32f10x_rcc.o(.text)
    RCC_LSEConfig                            0x08000ea3   Thumb Code    50  stm32f10x_rcc.o(.text)
    RCC_LSICmd                               0x08000ed5   Thumb Code     6  stm32f10x_rcc.o(.text)
    RCC_RTCCLKConfig                         0x08000edb   Thumb Code    12  stm32f10x_rcc.o(.text)
    RCC_RTCCLKCmd                            0x08000ee7   Thumb Code     8  stm32f10x_rcc.o(.text)
    RCC_GetClocksFreq                        0x08000eef   Thumb Code   192  stm32f10x_rcc.o(.text)
    RCC_AHBPeriphClockCmd                    0x08000faf   Thumb Code    26  stm32f10x_rcc.o(.text)
    RCC_APB2PeriphClockCmd                   0x08000fc9   Thumb Code    26  stm32f10x_rcc.o(.text)
    RCC_APB1PeriphClockCmd                   0x08000fe3   Thumb Code    26  stm32f10x_rcc.o(.text)
    RCC_APB2PeriphResetCmd                   0x08000ffd   Thumb Code    26  stm32f10x_rcc.o(.text)
    RCC_APB1PeriphResetCmd                   0x08001017   Thumb Code    26  stm32f10x_rcc.o(.text)
    RCC_BackupResetCmd                       0x08001031   Thumb Code     8  stm32f10x_rcc.o(.text)
    RCC_ClockSecuritySystemCmd               0x08001039   Thumb Code     6  stm32f10x_rcc.o(.text)
    RCC_MCOConfig                            0x0800103f   Thumb Code     6  stm32f10x_rcc.o(.text)
    RCC_ClearFlag                            0x08001045   Thumb Code    14  stm32f10x_rcc.o(.text)
    RCC_GetITStatus                          0x08001053   Thumb Code    20  stm32f10x_rcc.o(.text)
    RCC_ClearITPendingBit                    0x08001067   Thumb Code     6  stm32f10x_rcc.o(.text)
    TIM_DeInit                               0x08001091   Thumb Code   424  stm32f10x_tim.o(.text)
    TIM_TimeBaseInit                         0x08001239   Thumb Code   122  stm32f10x_tim.o(.text)
    TIM_OC1Init                              0x080012b3   Thumb Code   132  stm32f10x_tim.o(.text)
    TIM_OC2Init                              0x08001337   Thumb Code   154  stm32f10x_tim.o(.text)
    TIM_OC3Init                              0x080013d1   Thumb Code   150  stm32f10x_tim.o(.text)
    TIM_OC4Init                              0x08001467   Thumb Code   182  stm32f10x_tim.o(.text)
    TIM_SetIC4Prescaler                      0x0800151d   Thumb Code    26  stm32f10x_tim.o(.text)
    TIM_SetIC3Prescaler                      0x080015b9   Thumb Code    18  stm32f10x_tim.o(.text)
    TIM_SetIC2Prescaler                      0x08001645   Thumb Code    26  stm32f10x_tim.o(.text)
    TIM_SetIC1Prescaler                      0x080016e1   Thumb Code    18  stm32f10x_tim.o(.text)
    TIM_ICInit                               0x0800175f   Thumb Code   150  stm32f10x_tim.o(.text)
    TIM_PWMIConfig                           0x080017f5   Thumb Code   124  stm32f10x_tim.o(.text)
    TIM_BDTRConfig                           0x08001871   Thumb Code    32  stm32f10x_tim.o(.text)
    TIM_TimeBaseStructInit                   0x08001891   Thumb Code    18  stm32f10x_tim.o(.text)
    TIM_OCStructInit                         0x080018a3   Thumb Code    20  stm32f10x_tim.o(.text)
    TIM_ICStructInit                         0x080018b7   Thumb Code    18  stm32f10x_tim.o(.text)
    TIM_BDTRStructInit                       0x080018c9   Thumb Code    40  stm32f10x_tim.o(.text)
    TIM_Cmd                                  0x080018f1   Thumb Code    24  stm32f10x_tim.o(.text)
    TIM_CtrlPWMOutputs                       0x08001909   Thumb Code    30  stm32f10x_tim.o(.text)
    TIM_ITConfig                             0x08001927   Thumb Code    18  stm32f10x_tim.o(.text)
    TIM_GenerateEvent                        0x08001939   Thumb Code     4  stm32f10x_tim.o(.text)
    TIM_DMAConfig                            0x0800193d   Thumb Code    10  stm32f10x_tim.o(.text)
    TIM_DMACmd                               0x08001947   Thumb Code    18  stm32f10x_tim.o(.text)
    TIM_InternalClockConfig                  0x08001959   Thumb Code    12  stm32f10x_tim.o(.text)
    TIM_SelectInputTrigger                   0x08001965   Thumb Code    18  stm32f10x_tim.o(.text)
    TIM_ITRxExternalClockConfig              0x08001977   Thumb Code    24  stm32f10x_tim.o(.text)
    TIM_TIxExternalClockConfig               0x0800198f   Thumb Code    62  stm32f10x_tim.o(.text)
    TIM_ETRConfig                            0x080019cd   Thumb Code    28  stm32f10x_tim.o(.text)
    TIM_ETRClockMode1Config                  0x080019e9   Thumb Code    54  stm32f10x_tim.o(.text)
    TIM_ETRClockMode2Config                  0x08001a1f   Thumb Code    32  stm32f10x_tim.o(.text)
    TIM_PrescalerConfig                      0x08001a3f   Thumb Code     6  stm32f10x_tim.o(.text)
    TIM_CounterModeConfig                    0x08001a45   Thumb Code    18  stm32f10x_tim.o(.text)
    TIM_EncoderInterfaceConfig               0x08001a57   Thumb Code    66  stm32f10x_tim.o(.text)
    TIM_ForcedOC1Config                      0x08001a99   Thumb Code    18  stm32f10x_tim.o(.text)
    TIM_ForcedOC2Config                      0x08001aab   Thumb Code    26  stm32f10x_tim.o(.text)
    TIM_ForcedOC3Config                      0x08001ac5   Thumb Code    18  stm32f10x_tim.o(.text)
    TIM_ForcedOC4Config                      0x08001ad7   Thumb Code    26  stm32f10x_tim.o(.text)
    TIM_ARRPreloadConfig                     0x08001af1   Thumb Code    24  stm32f10x_tim.o(.text)
    TIM_SelectCOM                            0x08001b09   Thumb Code    24  stm32f10x_tim.o(.text)
    TIM_SelectCCDMA                          0x08001b21   Thumb Code    24  stm32f10x_tim.o(.text)
    TIM_CCPreloadControl                     0x08001b39   Thumb Code    24  stm32f10x_tim.o(.text)
    TIM_OC1PreloadConfig                     0x08001b51   Thumb Code    18  stm32f10x_tim.o(.text)
    TIM_OC2PreloadConfig                     0x08001b63   Thumb Code    26  stm32f10x_tim.o(.text)
    TIM_OC3PreloadConfig                     0x08001b7d   Thumb Code    18  stm32f10x_tim.o(.text)
    TIM_OC4PreloadConfig                     0x08001b8f   Thumb Code    26  stm32f10x_tim.o(.text)
    TIM_OC1FastConfig                        0x08001ba9   Thumb Code    18  stm32f10x_tim.o(.text)
    TIM_OC2FastConfig                        0x08001bbb   Thumb Code    26  stm32f10x_tim.o(.text)
    TIM_OC3FastConfig                        0x08001bd5   Thumb Code    18  stm32f10x_tim.o(.text)
    TIM_OC4FastConfig                        0x08001be7   Thumb Code    26  stm32f10x_tim.o(.text)
    TIM_ClearOC1Ref                          0x08001c01   Thumb Code    18  stm32f10x_tim.o(.text)
    TIM_ClearOC2Ref                          0x08001c13   Thumb Code    24  stm32f10x_tim.o(.text)
    TIM_ClearOC3Ref                          0x08001c2b   Thumb Code    18  stm32f10x_tim.o(.text)
    TIM_ClearOC4Ref                          0x08001c3d   Thumb Code    24  stm32f10x_tim.o(.text)
    TIM_OC1PolarityConfig                    0x08001c55   Thumb Code    18  stm32f10x_tim.o(.text)
    TIM_OC1NPolarityConfig                   0x08001c67   Thumb Code    18  stm32f10x_tim.o(.text)
    TIM_OC2PolarityConfig                    0x08001c79   Thumb Code    26  stm32f10x_tim.o(.text)
    TIM_OC2NPolarityConfig                   0x08001c93   Thumb Code    26  stm32f10x_tim.o(.text)
    TIM_OC3PolarityConfig                    0x08001cad   Thumb Code    26  stm32f10x_tim.o(.text)
    TIM_OC3NPolarityConfig                   0x08001cc7   Thumb Code    26  stm32f10x_tim.o(.text)
    TIM_OC4PolarityConfig                    0x08001ce1   Thumb Code    26  stm32f10x_tim.o(.text)
    TIM_CCxCmd                               0x08001cfb   Thumb Code    30  stm32f10x_tim.o(.text)
    TIM_CCxNCmd                              0x08001d19   Thumb Code    30  stm32f10x_tim.o(.text)
    TIM_SelectOCxM                           0x08001d37   Thumb Code    82  stm32f10x_tim.o(.text)
    TIM_UpdateDisableConfig                  0x08001d89   Thumb Code    24  stm32f10x_tim.o(.text)
    TIM_UpdateRequestConfig                  0x08001da1   Thumb Code    24  stm32f10x_tim.o(.text)
    TIM_SelectHallSensor                     0x08001db9   Thumb Code    24  stm32f10x_tim.o(.text)
    TIM_SelectOnePulseMode                   0x08001dd1   Thumb Code    18  stm32f10x_tim.o(.text)
    TIM_SelectOutputTrigger                  0x08001de3   Thumb Code    18  stm32f10x_tim.o(.text)
    TIM_SelectSlaveMode                      0x08001df5   Thumb Code    18  stm32f10x_tim.o(.text)
    TIM_SelectMasterSlaveMode                0x08001e07   Thumb Code    18  stm32f10x_tim.o(.text)
    TIM_SetCounter                           0x08001e19   Thumb Code     4  stm32f10x_tim.o(.text)
    TIM_SetAutoreload                        0x08001e1d   Thumb Code     4  stm32f10x_tim.o(.text)
    TIM_SetCompare1                          0x08001e21   Thumb Code     4  stm32f10x_tim.o(.text)
    TIM_SetCompare2                          0x08001e25   Thumb Code     4  stm32f10x_tim.o(.text)
    TIM_SetCompare3                          0x08001e29   Thumb Code     4  stm32f10x_tim.o(.text)
    TIM_SetCompare4                          0x08001e2d   Thumb Code     6  stm32f10x_tim.o(.text)
    TIM_SetClockDivision                     0x08001e33   Thumb Code    18  stm32f10x_tim.o(.text)
    TIM_GetCapture1                          0x08001e45   Thumb Code     6  stm32f10x_tim.o(.text)
    TIM_GetCapture2                          0x08001e4b   Thumb Code     6  stm32f10x_tim.o(.text)
    TIM_GetCapture3                          0x08001e51   Thumb Code     6  stm32f10x_tim.o(.text)
    TIM_GetCapture4                          0x08001e57   Thumb Code     8  stm32f10x_tim.o(.text)
    TIM_GetCounter                           0x08001e5f   Thumb Code     6  stm32f10x_tim.o(.text)
    TIM_GetPrescaler                         0x08001e65   Thumb Code     6  stm32f10x_tim.o(.text)
    TIM_GetFlagStatus                        0x08001e6b   Thumb Code    18  stm32f10x_tim.o(.text)
    TIM_ClearFlag                            0x08001e7d   Thumb Code     6  stm32f10x_tim.o(.text)
    TIM_GetITStatus                          0x08001e83   Thumb Code    34  stm32f10x_tim.o(.text)
    TIM_ClearITPendingBit                    0x08001ea5   Thumb Code     6  stm32f10x_tim.o(.text)
    USART_DeInit                             0x08001ead   Thumb Code   134  stm32f10x_usart.o(.text)
    USART_Init                               0x08001f33   Thumb Code   210  stm32f10x_usart.o(.text)
    USART_StructInit                         0x08002005   Thumb Code    24  stm32f10x_usart.o(.text)
    USART_ClockInit                          0x0800201d   Thumb Code    34  stm32f10x_usart.o(.text)
    USART_ClockStructInit                    0x0800203f   Thumb Code    12  stm32f10x_usart.o(.text)
    USART_Cmd                                0x0800204b   Thumb Code    24  stm32f10x_usart.o(.text)
    USART_ITConfig                           0x08002063   Thumb Code    74  stm32f10x_usart.o(.text)
    USART_DMACmd                             0x080020ad   Thumb Code    18  stm32f10x_usart.o(.text)
    USART_SetAddress                         0x080020bf   Thumb Code    18  stm32f10x_usart.o(.text)
    USART_WakeUpConfig                       0x080020d1   Thumb Code    18  stm32f10x_usart.o(.text)
    USART_ReceiverWakeUpCmd                  0x080020e3   Thumb Code    24  stm32f10x_usart.o(.text)
    USART_LINBreakDetectLengthConfig         0x080020fb   Thumb Code    18  stm32f10x_usart.o(.text)
    USART_LINCmd                             0x0800210d   Thumb Code    24  stm32f10x_usart.o(.text)
    USART_SendData                           0x08002125   Thumb Code     8  stm32f10x_usart.o(.text)
    USART_ReceiveData                        0x0800212d   Thumb Code    10  stm32f10x_usart.o(.text)
    USART_SendBreak                          0x08002137   Thumb Code    10  stm32f10x_usart.o(.text)
    USART_SetGuardTime                       0x08002141   Thumb Code    16  stm32f10x_usart.o(.text)
    USART_SetPrescaler                       0x08002151   Thumb Code    16  stm32f10x_usart.o(.text)
    USART_SmartCardCmd                       0x08002161   Thumb Code    24  stm32f10x_usart.o(.text)
    USART_SmartCardNACKCmd                   0x08002179   Thumb Code    24  stm32f10x_usart.o(.text)
    USART_HalfDuplexCmd                      0x08002191   Thumb Code    24  stm32f10x_usart.o(.text)
    USART_OverSampling8Cmd                   0x080021a9   Thumb Code    22  stm32f10x_usart.o(.text)
    USART_OneBitMethodCmd                    0x080021bf   Thumb Code    24  stm32f10x_usart.o(.text)
    USART_IrDAConfig                         0x080021d7   Thumb Code    18  stm32f10x_usart.o(.text)
    USART_IrDACmd                            0x080021e9   Thumb Code    24  stm32f10x_usart.o(.text)
    USART_GetFlagStatus                      0x08002201   Thumb Code    26  stm32f10x_usart.o(.text)
    USART_ClearFlag                          0x0800221b   Thumb Code    18  stm32f10x_usart.o(.text)
    USART_GetITStatus                        0x0800222d   Thumb Code    84  stm32f10x_usart.o(.text)
    USART_ClearITPendingBit                  0x08002281   Thumb Code    52  stm32f10x_usart.o(.text)
    main                                     0x080022b5   Thumb Code   242  main.o(.text)
    NMI_Handler                              0x080023c5   Thumb Code     2  stm32f10x_it.o(.text)
    HardFault_Handler                        0x080023c7   Thumb Code     4  stm32f10x_it.o(.text)
    MemManage_Handler                        0x080023cb   Thumb Code     4  stm32f10x_it.o(.text)
    BusFault_Handler                         0x080023cf   Thumb Code     4  stm32f10x_it.o(.text)
    UsageFault_Handler                       0x080023d3   Thumb Code     4  stm32f10x_it.o(.text)
    SVC_Handler                              0x080023d7   Thumb Code     2  stm32f10x_it.o(.text)
    DebugMon_Handler                         0x080023d9   Thumb Code     2  stm32f10x_it.o(.text)
    PendSV_Handler                           0x080023db   Thumb Code     2  stm32f10x_it.o(.text)
    SysTick_Handler                          0x080023dd   Thumb Code     8  stm32f10x_it.o(.text)
    JTAG_Set                                 0x080023e5   Thumb Code    38  bsp_beep.o(.text)
    BEEP_GPIO_Config                         0x0800240b   Thumb Code    62  bsp_beep.o(.text)
    Buzzer_Alarm                             0x08002449   Thumb Code    52  bsp_beep.o(.text)
    Key_GPIO_Config                          0x0800248d   Thumb Code    54  bsp_key.o(.text)
    Key_Scan                                 0x080024c3   Thumb Code    40  bsp_key.o(.text)
    User_Key_Scan                            0x080024eb   Thumb Code   312  bsp_key.o(.text)
    Get_KeyVal                               0x08002623   Thumb Code   216  bsp_key.o(.text)
    LED_GPIO_Config                          0x08002731   Thumb Code    68  bsp_led.o(.text)
    LED_Flash                                0x08002775   Thumb Code    44  bsp_led.o(.text)
    SysTick_Init                             0x080027f5   Thumb Code    26  bsp_systick.o(.text)
    Delay_us                                 0x0800280f   Thumb Code    36  bsp_systick.o(.text)
    TimingDelay_Decrement                    0x08002833   Thumb Code    18  bsp_systick.o(.text)
    SysTick_Delay_Us                         0x08002845   Thumb Code    64  bsp_systick.o(.text)
    SysTick_Delay_Ms                         0x08002885   Thumb Code    66  bsp_systick.o(.text)
    DEBUG_USART_Init                         0x080028e1   Thumb Code   158  bsp_usart.o(.text)
    BLUETOOTH_USART_Init                     0x0800297f   Thumb Code   158  bsp_usart.o(.text)
    LIDAR_USART_Init                         0x08002a1d   Thumb Code   154  bsp_usart.o(.text)
    WIRELESS_USART_Init                      0x08002ab7   Thumb Code   154  bsp_usart.o(.text)
    fputc                                    0x08002b51   Thumb Code    64  bsp_usart.o(.text)
    fgetc                                    0x08002b91   Thumb Code    26  bsp_usart.o(.text)
    PWM_OutPut_TIM_Init                      0x08002d33   Thumb Code    20  bsp_generaltim.o(.text)
    TIMING_TIM_Init                          0x08002d47   Thumb Code    96  bsp_generaltim.o(.text)
    Motor_Init                               0x08002db9   Thumb Code    16  bsp_motor.o(.text)
    Servo_Init                               0x08002dc9   Thumb Code   158  bsp_motor.o(.text)
    Set_Pwm                                  0x08002e67   Thumb Code   110  bsp_motor.o(.text)
    Voltage_ADC_Init                         0x08002fb7   Thumb Code    16  bsp_adc.o(.text)
    Car_Select_ADC_Init                      0x0800306d   Thumb Code    12  bsp_adc.o(.text)
    ADC1_2_IRQHandler                        0x08003079   Thumb Code    38  bsp_adc.o(.text)
    Get_Voltage                              0x0800309f   Thumb Code    58  bsp_adc.o(.text)
    Get_Adc                                  0x080030d9   Thumb Code    48  bsp_adc.o(.text)
    OLED_WR_Byte                             0x08003125   Thumb Code    80  bsp_oled.o(.text)
    OLED_Refresh_Gram                        0x08003175   Thumb Code    70  bsp_oled.o(.text)
    OLED_Display_On                          0x080031bb   Thumb Code    28  bsp_oled.o(.text)
    OLED_Display_Off                         0x080031d7   Thumb Code    28  bsp_oled.o(.text)
    OLED_Clear                               0x080031f3   Thumb Code    42  bsp_oled.o(.text)
    OLED_DrawPoint                           0x0800321d   Thumb Code   100  bsp_oled.o(.text)
    OLED_ShowChar                            0x08003281   Thumb Code   158  bsp_oled.o(.text)
    oled_pow                                 0x0800331f   Thumb Code    22  bsp_oled.o(.text)
    OLED_ShowNumber                          0x08003335   Thumb Code   148  bsp_oled.o(.text)
    OLED_ShowString                          0x080033c9   Thumb Code    68  bsp_oled.o(.text)
    OLED_Init                                0x0800340d   Thumb Code   398  bsp_oled.o(.text)
    OLED_Refresh_GRAM_Line                   0x0800359b   Thumb Code    48  bsp_oled.o(.text)
    Encoder_GPIO_Config                      0x080035d1   Thumb Code    52  encoder.o(.text)
    Encoder_NVIC_Config                      0x08003605   Thumb Code    60  encoder.o(.text)
    Encoder_TIM_Mode_Config                  0x08003641   Thumb Code   186  encoder.o(.text)
    Encoder_Init                             0x080036fb   Thumb Code    16  encoder.o(.text)
    Read_Encoder                             0x0800370b   Thumb Code    96  encoder.o(.text)
    TIM4_IRQHandler                          0x0800376b   Thumb Code    20  encoder.o(.text)
    TIM8_UP_IRQHandler                       0x0800377f   Thumb Code    20  encoder.o(.text)
    PS2_Init                                 0x080037a9   Thumb Code   118  pstwo.o(.text)
    PS2_Cmd                                  0x0800381f   Thumb Code   130  pstwo.o(.text)
    PS2_RedLight                             0x080038a1   Thumb Code    50  pstwo.o(.text)
    PS2_ReadData                             0x080038d3   Thumb Code   168  pstwo.o(.text)
    PS2_ClearData                            0x0800397b   Thumb Code    20  pstwo.o(.text)
    PS2_DataKey                              0x0800398f   Thumb Code    70  pstwo.o(.text)
    PS2_AnologData                           0x080039d5   Thumb Code     8  pstwo.o(.text)
    PS2_Vibration                            0x080039dd   Thumb Code    90  pstwo.o(.text)
    PS2_ShortPoll                            0x08003a37   Thumb Code    62  pstwo.o(.text)
    PS2_EnterConfing                         0x08003a75   Thumb Code    86  pstwo.o(.text)
    PS2_TurnOnAnalogMode                     0x08003acb   Thumb Code    80  pstwo.o(.text)
    PS2_VibrationMode                        0x08003b1b   Thumb Code    62  pstwo.o(.text)
    PS2_ExitConfing                          0x08003b59   Thumb Code   124  pstwo.o(.text)
    PS2_SetInit                              0x08003bd5   Thumb Code    28  pstwo.o(.text)
    PS2_Read                                 0x08003bf1   Thumb Code   140  pstwo.o(.text)
    Float2Byte                               0x08003cb9   Thumb Code    28  datascope_dp.o(.text)
    DataScope_Get_Channel_Data               0x08003cd5   Thumb Code   158  datascope_dp.o(.text)
    DataScope_Data_Generate                  0x08003d73   Thumb Code   148  datascope_dp.o(.text)
    Check_Sum                                0x08003e0d   Thumb Code    52  usartx.o(.text)
    data_transition                          0x08003e41   Thumb Code   718  usartx.o(.text)
    usart1_send                              0x0800410f   Thumb Code    22  usartx.o(.text)
    USART1_SEND                              0x08004125   Thumb Code    26  usartx.o(.text)
    XYZ_Target_Speed_transition              0x0800413f   Thumb Code    42  usartx.o(.text)
    float_abs                                0x08004169   Thumb Code    24  usartx.o(.text)
    Vz_to_Akm_Angle                          0x08004181   Thumb Code   288  usartx.o(.text)
    USART1_IRQHandler                        0x080042a1   Thumb Code   232  usartx.o(.text)
    PWM_Limit                                0x080043b9   Thumb Code    42  control.o(.text)
    Mean_Filter_Right                        0x080043e3   Thumb Code    92  control.o(.text)
    Mean_Filter_Left                         0x0800443f   Thumb Code    92  control.o(.text)
    Get_Motor_PWM                            0x0800449b   Thumb Code   114  control.o(.text)
    Turn_Off                                 0x0800450d   Thumb Code    50  control.o(.text)
    target_limit_float                       0x0800453f   Thumb Code    40  control.o(.text)
    target_limit_int                         0x08004567   Thumb Code    22  control.o(.text)
    RC_Lidar_avoid                           0x0800457d   Thumb Code   412  control.o(.text)
    Get_Target_Encoder                       0x08004719   Thumb Code  1016  control.o(.text)
    Lidar_along_wall                         0x08004b11   Thumb Code   216  control.o(.text)
    Lidar_Follow                             0x08004be9   Thumb Code   620  control.o(.text)
    Lidar_Avoid                              0x08004e55   Thumb Code   622  control.o(.text)
    Bluetooth_Control                        0x080050c3   Thumb Code   220  control.o(.text)
    Get_Angle                                0x0800519f   Thumb Code   560  control.o(.text)
    Get_Velocity_From_Encoder                0x080053cf   Thumb Code   210  control.o(.text)
    TIM5_IRQHandler                          0x080054a1   Thumb Code   466  control.o(.text)
    PS2_Control                              0x08005673   Thumb Code   470  control.o(.text)
    Car_Perimeter_Init                       0x08005849   Thumb Code    64  control.o(.text)
    Ultrasonic_Follow                        0x08005889   Thumb Code   182  control.o(.text)
    Remote_Control                           0x0800593f   Thumb Code   440  control.o(.text)
    myabs                                    0x08005b11   Thumb Code    16  show.o(.text)
    OLED_DrawPoint_Shu                       0x08005b21   Thumb Code    60  show.o(.text)
    OLED_Show_CCD                            0x08005b5d   Thumb Code    46  show.o(.text)
    Show                                     0x08005b8b   Thumb Code  3514  show.o(.text)
    Car_Select_Show                          0x08006945   Thumb Code   128  show.o(.text)
    APP_Show                                 0x080069c5   Thumb Code   258  show.o(.text)
    DataScope                                0x08006ac7   Thumb Code    98  show.o(.text)
    Robot_Select                             0x08006b29   Thumb Code    44  show.o(.text)
    calculate_checksum                       0x08006c49   Thumb Code    26  bluetooth.o(.text)
    trans_bluetooth                          0x08006c63   Thumb Code   322  bluetooth.o(.text)
    bluetooth_usart_send                     0x08006da5   Thumb Code    22  bluetooth.o(.text)
    Bluetooth_Send                           0x08006dbb   Thumb Code    28  bluetooth.o(.text)
    data_anal                                0x08006dd7   Thumb Code    60  bluetooth.o(.text)
    USART3_IRQHandler                        0x08006e13   Thumb Code   200  bluetooth.o(.text)
    data_anal_wireless                       0x08006edb   Thumb Code    80  bluetooth.o(.text)
    USART2_IRQHandler                        0x08006f2b   Thumb Code   192  bluetooth.o(.text)
    wireless_usart_send                      0x08006feb   Thumb Code    22  bluetooth.o(.text)
    wireless_Send                            0x08007001   Thumb Code    22  bluetooth.o(.text)
    Incremental_PI_Left                      0x08007069   Thumb Code   102  pid.o(.text)
    Incremental_PI_Right                     0x080070cf   Thumb Code   102  pid.o(.text)
    Along_Adjust_PID                         0x08007135   Thumb Code   460  pid.o(.text)
    Follow_Turn_PID                          0x08007301   Thumb Code   618  pid.o(.text)
    Distance_Adjust_PID                      0x0800756b   Thumb Code   198  pid.o(.text)
    ELE_PID                                  0x08007631   Thumb Code   562  pid.o(.text)
    CCD_PID                                  0x08007863   Thumb Code   622  pid.o(.text)
    data_process                             0x08007b09   Thumb Code   810  lidar.o(.text)
    UART5_IRQHandler                         0x08007e33   Thumb Code   852  lidar.o(.text)
    Distance_Capture_GPIO_Config             0x0800819d   Thumb Code   230  capture.o(.text)
    Distance_Capture_Mode_Config             0x08008283   Thumb Code   268  capture.o(.text)
    Distance_Capture_NVIC_Config             0x0800838f   Thumb Code    94  capture.o(.text)
    Distance_Cap_Init                        0x080083ed   Thumb Code    24  capture.o(.text)
    PWM_Capture_GPIO_Config                  0x08008405   Thumb Code    60  capture.o(.text)
    PWM_Capture_Mode_Config                  0x08008441   Thumb Code   168  capture.o(.text)
    PWM_Capture_NVIC_Config                  0x080084e9   Thumb Code    34  capture.o(.text)
    PWM_Cap_Init                             0x0800850b   Thumb Code    24  capture.o(.text)
    Read_Distane                             0x08008523   Thumb Code   344  capture.o(.text)
    TIM2_IRQHandler                          0x0800867b   Thumb Code   436  capture.o(.text)
    TIM1_CC_IRQHandler                       0x0800882f   Thumb Code   182  capture.o(.text)
    TIM1_UP_IRQHandler                       0x080088e5   Thumb Code    64  capture.o(.text)
    ELE_ADC_Init                             0x08008a6b   Thumb Code    12  ele_ccd.o(.text)
    CCD_Init                                 0x08008b4f   Thumb Code    12  ele_ccd.o(.text)
    Detect_Barrier                           0x08008b5b   Thumb Code   120  ele_ccd.o(.text)
    ELE_Mode                                 0x08008bd3   Thumb Code   186  ele_ccd.o(.text)
    Dly_us                                   0x08008c8d   Thumb Code    12  ele_ccd.o(.text)
    RD_TSL                                   0x08008c99   Thumb Code   122  ele_ccd.o(.text)
    Find_CCD_Median                          0x08008d13   Thumb Code   616  ele_ccd.o(.text)
    CCD_Mode                                 0x08008f7b   Thumb Code    42  ele_ccd.o(.text)
    mpu_reg_dump                             0x08009063   Thumb Code    72  inv_mpu.o(.text)
    mpu_read_reg                             0x080090ab   Thumb Code    66  inv_mpu.o(.text)
    mpu_set_int_latched                      0x080090ed   Thumb Code   102  inv_mpu.o(.text)
    mpu_set_sensors                          0x08009153   Thumb Code   202  inv_mpu.o(.text)
    mpu_set_bypass                           0x0800921d   Thumb Code   328  inv_mpu.o(.text)
    mpu_reset_fifo                           0x08009365   Thumb Code   444  inv_mpu.o(.text)
    mpu_configure_fifo                       0x08009521   Thumb Code   106  inv_mpu.o(.text)
    mpu_set_lpf                              0x0800958b   Thumb Code   126  inv_mpu.o(.text)
    mpu_lp_accel_mode                        0x08009609   Thumb Code   218  inv_mpu.o(.text)
    mpu_set_sample_rate                      0x080096e3   Thumb Code   152  inv_mpu.o(.text)
    mpu_set_accel_fsr                        0x0800977b   Thumb Code   132  inv_mpu.o(.text)
    mpu_set_gyro_fsr                         0x080097ff   Thumb Code   132  inv_mpu.o(.text)
    mpu_init                                 0x08009883   Thumb Code   416  inv_mpu.o(.text)
    myget_ms                                 0x08009a23   Thumb Code     2  inv_mpu.o(.text)
    mpu_get_gyro_reg                         0x08009a25   Thumb Code   110  inv_mpu.o(.text)
    mpu_get_accel_reg                        0x08009a93   Thumb Code   110  inv_mpu.o(.text)
    mpu_get_temperature                      0x08009b01   Thumb Code   150  inv_mpu.o(.text)
    mpu_set_accel_bias                       0x08009b97   Thumb Code   468  inv_mpu.o(.text)
    mpu_get_gyro_fsr                         0x08009d6b   Thumb Code    64  inv_mpu.o(.text)
    mpu_get_accel_fsr                        0x08009dab   Thumb Code    72  inv_mpu.o(.text)
    mpu_get_lpf                              0x08009df3   Thumb Code    74  inv_mpu.o(.text)
    mpu_get_sample_rate                      0x08009e3d   Thumb Code    26  inv_mpu.o(.text)
    mpu_get_compass_sample_rate              0x08009e57   Thumb Code    10  inv_mpu.o(.text)
    mpu_set_compass_sample_rate              0x08009e61   Thumb Code     8  inv_mpu.o(.text)
    mpu_get_gyro_sens                        0x08009e69   Thumb Code    58  inv_mpu.o(.text)
    mpu_get_accel_sens                       0x08009ea3   Thumb Code    78  inv_mpu.o(.text)
    mpu_get_fifo_config                      0x08009ef1   Thumb Code    12  inv_mpu.o(.text)
    mpu_get_power_state                      0x08009efd   Thumb Code    22  inv_mpu.o(.text)
    mpu_get_int_status                       0x08009f13   Thumb Code    64  inv_mpu.o(.text)
    mpu_read_fifo                            0x08009f53   Thumb Code   520  inv_mpu.o(.text)
    mpu_read_fifo_stream                     0x0800a15b   Thumb Code   186  inv_mpu.o(.text)
    mpu_set_int_level                        0x0800a215   Thumb Code    12  inv_mpu.o(.text)
    mpu_set_dmp_state                        0x0800a8f5   Thumb Code   138  inv_mpu.o(.text)
    mpu_run_self_test                        0x0800a97f   Thumb Code   278  inv_mpu.o(.text)
    mpu_write_mem                            0x0800aa95   Thumb Code   122  inv_mpu.o(.text)
    mpu_read_mem                             0x0800ab0f   Thumb Code   122  inv_mpu.o(.text)
    mpu_load_firmware                        0x0800ab89   Thumb Code   190  inv_mpu.o(.text)
    mpu_get_dmp_state                        0x0800ac47   Thumb Code    14  inv_mpu.o(.text)
    mpu_get_compass_reg                      0x0800ac55   Thumb Code     8  inv_mpu.o(.text)
    mpu_get_compass_fsr                      0x0800ac5d   Thumb Code     8  inv_mpu.o(.text)
    mpu_lp_motion_interrupt                  0x0800ac65   Thumb Code   512  inv_mpu.o(.text)
    dmp_load_motion_driver_firmware          0x0800ae69   Thumb Code    20  inv_mpu_dmp_motion_driver.o(.text)
    dmp_set_orientation                      0x0800ae7d   Thumb Code   290  inv_mpu_dmp_motion_driver.o(.text)
    dmp_set_gyro_bias                        0x0800af9f   Thumb Code   294  inv_mpu_dmp_motion_driver.o(.text)
    dmp_set_accel_bias                       0x0800b0c5   Thumb Code   300  inv_mpu_dmp_motion_driver.o(.text)
    dmp_set_fifo_rate                        0x0800b1f1   Thumb Code   136  inv_mpu_dmp_motion_driver.o(.text)
    dmp_get_fifo_rate                        0x0800b279   Thumb Code    12  inv_mpu_dmp_motion_driver.o(.text)
    dmp_set_tap_thresh                       0x0800b285   Thumb Code   396  inv_mpu_dmp_motion_driver.o(.text)
    dmp_set_tap_axes                         0x0800b411   Thumb Code    70  inv_mpu_dmp_motion_driver.o(.text)
    dmp_set_tap_count                        0x0800b457   Thumb Code    38  inv_mpu_dmp_motion_driver.o(.text)
    dmp_set_tap_time                         0x0800b47d   Thumb Code    38  inv_mpu_dmp_motion_driver.o(.text)
    dmp_set_tap_time_multi                   0x0800b4a3   Thumb Code    38  inv_mpu_dmp_motion_driver.o(.text)
    dmp_set_shake_reject_thresh              0x0800b4c9   Thumb Code    56  inv_mpu_dmp_motion_driver.o(.text)
    dmp_set_shake_reject_time                0x0800b501   Thumb Code    38  inv_mpu_dmp_motion_driver.o(.text)
    dmp_set_shake_reject_timeout             0x0800b527   Thumb Code    38  inv_mpu_dmp_motion_driver.o(.text)
    dmp_get_pedometer_step_count             0x0800b54d   Thumb Code    66  inv_mpu_dmp_motion_driver.o(.text)
    dmp_set_pedometer_step_count             0x0800b58f   Thumb Code    42  inv_mpu_dmp_motion_driver.o(.text)
    dmp_get_pedometer_walk_time              0x0800b5b9   Thumb Code    72  inv_mpu_dmp_motion_driver.o(.text)
    dmp_set_pedometer_walk_time              0x0800b601   Thumb Code    48  inv_mpu_dmp_motion_driver.o(.text)
    dmp_enable_6x_lp_quat                    0x0800b631   Thumb Code    84  inv_mpu_dmp_motion_driver.o(.text)
    dmp_enable_lp_quat                       0x0800b685   Thumb Code    60  inv_mpu_dmp_motion_driver.o(.text)
    dmp_enable_gyro_cal                      0x0800b6c1   Thumb Code    62  inv_mpu_dmp_motion_driver.o(.text)
    dmp_enable_feature                       0x0800b6ff   Thumb Code   530  inv_mpu_dmp_motion_driver.o(.text)
    dmp_get_enabled_features                 0x0800b911   Thumb Code    12  inv_mpu_dmp_motion_driver.o(.text)
    dmp_set_interrupt_mode                   0x0800b97b   Thumb Code    66  inv_mpu_dmp_motion_driver.o(.text)
    dmp_read_fifo                            0x0800b9bd   Thumb Code   514  inv_mpu_dmp_motion_driver.o(.text)
    dmp_register_tap_cb                      0x0800bbbf   Thumb Code    10  inv_mpu_dmp_motion_driver.o(.text)
    dmp_register_android_orient_cb           0x0800bbc9   Thumb Code    10  inv_mpu_dmp_motion_driver.o(.text)
    IIC_Init                                 0x0800bbd9   Thumb Code    40  ioi2c.o(.text)
    IIC_Start                                0x0800bc01   Thumb Code    96  ioi2c.o(.text)
    IIC_Stop                                 0x0800bc61   Thumb Code    68  ioi2c.o(.text)
    IIC_Wait_Ack                             0x0800bca5   Thumb Code    96  ioi2c.o(.text)
    IIC_Ack                                  0x0800bd05   Thumb Code    72  ioi2c.o(.text)
    IIC_NAck                                 0x0800bd4d   Thumb Code    70  ioi2c.o(.text)
    IIC_Send_Byte                            0x0800bd93   Thumb Code    94  ioi2c.o(.text)
    i2cWrite                                 0x0800bdf1   Thumb Code    96  ioi2c.o(.text)
    IIC_Read_Byte                            0x0800be51   Thumb Code   104  ioi2c.o(.text)
    i2cRead                                  0x0800beb9   Thumb Code   118  ioi2c.o(.text)
    I2C_ReadOneByte                          0x0800bf2f   Thumb Code    70  ioi2c.o(.text)
    IICreadBytes                             0x0800bf75   Thumb Code   112  ioi2c.o(.text)
    IICwriteBytes                            0x0800bfe5   Thumb Code    70  ioi2c.o(.text)
    IICreadByte                              0x0800c02b   Thumb Code    22  ioi2c.o(.text)
    IICwriteByte                             0x0800c041   Thumb Code    20  ioi2c.o(.text)
    IICwriteBits                             0x0800c055   Thumb Code   106  ioi2c.o(.text)
    IICwriteBit                              0x0800c0bf   Thumb Code    64  ioi2c.o(.text)
    MPU6050_newValues                        0x0800c207   Thumb Code   494  mpu6050.o(.text)
    MPU6050_setClockSource                   0x0800c3f5   Thumb Code    20  mpu6050.o(.text)
    MPU6050_setFullScaleGyroRange            0x0800c409   Thumb Code    20  mpu6050.o(.text)
    MPU6050_setFullScaleAccelRange           0x0800c41d   Thumb Code    20  mpu6050.o(.text)
    MPU6050_setSleepEnabled                  0x0800c431   Thumb Code    18  mpu6050.o(.text)
    MPU6050_getDeviceID                      0x0800c443   Thumb Code    20  mpu6050.o(.text)
    MPU6050_testConnection                   0x0800c457   Thumb Code    18  mpu6050.o(.text)
    MPU6050_setI2CMasterModeEnabled          0x0800c469   Thumb Code    18  mpu6050.o(.text)
    MPU6050_setI2CBypassEnabled              0x0800c47b   Thumb Code    18  mpu6050.o(.text)
    MPU6050_initialize                       0x0800c48d   Thumb Code    40  mpu6050.o(.text)
    DMP_Init                                 0x0800c4b5   Thumb Code   204  mpu6050.o(.text)
    Read_DMP                                 0x0800c581   Thumb Code   560  mpu6050.o(.text)
    Read_Temperature                         0x0800c7b1   Thumb Code   516  mpu6050.o(.text)
    MiniBalance_EXTI_Init                    0x0800c9b5   Thumb Code   108  mpu6050.o(.text)
    MPU6050_Init                             0x0800ca21   Thumb Code    12  mpu6050.o(.text)
    Kalman_Filter_x                          0x0800ca31   Thumb Code   558  filter.o(.text)
    Complementary_Filter_x                   0x0800cc5f   Thumb Code    82  filter.o(.text)
    Kalman_Filter_y                          0x0800ccb1   Thumb Code   680  filter.o(.text)
    Complementary_Filter_y                   0x0800cf59   Thumb Code    82  filter.o(.text)
    __aeabi_ldivmod                          0x0800cfdd   Thumb Code    98  ldiv.o(.text)
    __aeabi_memset                           0x0800d03f   Thumb Code    14  memseta.o(.text)
    __aeabi_memset4                          0x0800d03f   Thumb Code     0  memseta.o(.text)
    __aeabi_memset8                          0x0800d03f   Thumb Code     0  memseta.o(.text)
    __aeabi_memclr                           0x0800d04d   Thumb Code     4  memseta.o(.text)
    __aeabi_memclr4                          0x0800d04d   Thumb Code     0  memseta.o(.text)
    __aeabi_memclr8                          0x0800d04d   Thumb Code     0  memseta.o(.text)
    _memset$wrapper                          0x0800d051   Thumb Code    18  memseta.o(.text)
    memcmp                                   0x0800d063   Thumb Code    26  memcmp.o(.text)
    __aeabi_fadd                             0x0800d07d   Thumb Code   164  fadd.o(.text)
    __aeabi_fsub                             0x0800d121   Thumb Code     6  fadd.o(.text)
    __aeabi_frsub                            0x0800d127   Thumb Code     6  fadd.o(.text)
    __aeabi_fmul                             0x0800d12d   Thumb Code   100  fmul.o(.text)
    __aeabi_fdiv                             0x0800d191   Thumb Code   124  fdiv.o(.text)
    __aeabi_dadd                             0x0800d20d   Thumb Code   322  dadd.o(.text)
    __aeabi_dsub                             0x0800d34f   Thumb Code     6  dadd.o(.text)
    __aeabi_drsub                            0x0800d355   Thumb Code     6  dadd.o(.text)
    __aeabi_dmul                             0x0800d35b   Thumb Code   228  dmul.o(.text)
    __aeabi_ddiv                             0x0800d43f   Thumb Code   222  ddiv.o(.text)
    __aeabi_i2f                              0x0800d51d   Thumb Code    18  fflti.o(.text)
    __aeabi_ui2f                             0x0800d52f   Thumb Code    10  ffltui.o(.text)
    __aeabi_i2d                              0x0800d539   Thumb Code    34  dflti.o(.text)
    __aeabi_ui2d                             0x0800d55b   Thumb Code    26  dfltui.o(.text)
    __aeabi_f2iz                             0x0800d575   Thumb Code    50  ffixi.o(.text)
    __aeabi_f2uiz                            0x0800d5a7   Thumb Code    40  ffixui.o(.text)
    __aeabi_d2iz                             0x0800d5cf   Thumb Code    62  dfixi.o(.text)
    __aeabi_f2d                              0x0800d60d   Thumb Code    38  f2d.o(.text)
    __aeabi_cdcmpeq                          0x0800d635   Thumb Code     0  cdcmple.o(.text)
    __aeabi_cdcmple                          0x0800d635   Thumb Code    48  cdcmple.o(.text)
    __aeabi_cdrcmple                         0x0800d665   Thumb Code    48  cdrcmple.o(.text)
    __aeabi_d2f                              0x0800d695   Thumb Code    56  d2f.o(.text)
    __aeabi_cfcmpeq                          0x0800d6cd   Thumb Code     0  cfcmple.o(.text)
    __aeabi_cfcmple                          0x0800d6cd   Thumb Code    20  cfcmple.o(.text)
    __aeabi_cfrcmple                         0x0800d6e1   Thumb Code    20  cfrcmple.o(.text)
    __aeabi_uidiv                            0x0800d6f5   Thumb Code     0  uidiv.o(.text)
    __aeabi_uidivmod                         0x0800d6f5   Thumb Code    44  uidiv.o(.text)
    __aeabi_uldivmod                         0x0800d721   Thumb Code    98  uldiv.o(.text)
    __aeabi_llsl                             0x0800d783   Thumb Code    30  llshl.o(.text)
    _ll_shift_l                              0x0800d783   Thumb Code     0  llshl.o(.text)
    __aeabi_llsr                             0x0800d7a1   Thumb Code    32  llushr.o(.text)
    _ll_ushift_r                             0x0800d7a1   Thumb Code     0  llushr.o(.text)
    __aeabi_lasr                             0x0800d7c1   Thumb Code    36  llsshr.o(.text)
    _ll_sshift_r                             0x0800d7c1   Thumb Code     0  llsshr.o(.text)
    __I$use$fp                               0x0800d7e5   Thumb Code     0  iusefp.o(.text)
    _float_round                             0x0800d7e5   Thumb Code    18  fepilogue.o(.text)
    _float_epilogue                          0x0800d7f7   Thumb Code    92  fepilogue.o(.text)
    _double_round                            0x0800d853   Thumb Code    30  depilogue.o(.text)
    _double_epilogue                         0x0800d871   Thumb Code   156  depilogue.o(.text)
    __ARM_scalbn                             0x0800d90d   Thumb Code    46  dscalb.o(.text)
    scalbn                                   0x0800d90d   Thumb Code     0  dscalb.o(.text)
    __scatterload                            0x0800d93d   Thumb Code    28  init.o(.text)
    __scatterload_rt2                        0x0800d93d   Thumb Code     0  init.o(.text)
    _dsqrt                                   0x0800d961   Thumb Code   162  dsqrt.o(.text)
    __decompress                             0x0800da03   Thumb Code     0  __dczerorl2.o(.text)
    __decompress1                            0x0800da03   Thumb Code    86  __dczerorl2.o(.text)
    __0printf$1                              0x0800da59   Thumb Code    22  printf1.o(i.__0printf$1)
    __1printf$1                              0x0800da59   Thumb Code     0  printf1.o(i.__0printf$1)
    __2printf                                0x0800da59   Thumb Code     0  printf1.o(i.__0printf$1)
    __ARM_fpclassify                         0x0800da79   Thumb Code    40  fpclassify.o(i.__ARM_fpclassify)
    __ieee754_rem_pio2                       0x0800daa1   Thumb Code   828  rred.o(i.__ieee754_rem_pio2)
    __kernel_poly                            0x0800de29   Thumb Code   170  poly.o(i.__kernel_poly)
    __kernel_tan                             0x0800ded5   Thumb Code   586  tan_i.o(i.__kernel_tan)
    __mathlib_dbl_divzero                    0x0800e151   Thumb Code    12  dunder.o(i.__mathlib_dbl_divzero)
    __mathlib_dbl_infnan                     0x0800e161   Thumb Code     6  dunder.o(i.__mathlib_dbl_infnan)
    __mathlib_dbl_infnan2                    0x0800e167   Thumb Code     4  dunder.o(i.__mathlib_dbl_infnan2)
    __mathlib_dbl_invalid                    0x0800e16b   Thumb Code    12  dunder.o(i.__mathlib_dbl_invalid)
    __mathlib_dbl_overflow                   0x0800e177   Thumb Code    14  dunder.o(i.__mathlib_dbl_overflow)
    __mathlib_dbl_underflow                  0x0800e185   Thumb Code    10  dunder.o(i.__mathlib_dbl_underflow)
    __scatterload_copy                       0x0800e195   Thumb Code    14  handlers.o(i.__scatterload_copy)
    __scatterload_null                       0x0800e1a3   Thumb Code     2  handlers.o(i.__scatterload_null)
    __scatterload_zeroinit                   0x0800e1a5   Thumb Code    14  handlers.o(i.__scatterload_zeroinit)
    __set_errno                              0x0800e1b5   Thumb Code     6  errno.o(i.__set_errno)
    asin                                     0x0800e315   Thumb Code   572  asin.o(i.asin)
    atan                                     0x0800e585   Thumb Code   474  atan.o(i.atan)
    atan2                                    0x0800e7a5   Thumb Code   346  atan2.o(i.atan2)
    pow                                      0x0800e925   Thumb Code  2478  pow.o(i.pow)
    sqrt                                     0x0800f2dd   Thumb Code    76  sqrt.o(i.sqrt)
    tan                                      0x0800f329   Thumb Code    90  tan.o(i.tan)
    hw                                       0x080113b8   Data          12  inv_mpu.o(.constdata)
    reg                                      0x080113c4   Data          27  inv_mpu.o(.constdata)
    test                                     0x080113e0   Data          40  inv_mpu.o(.constdata)
    __mathlib_zero                           0x08012bd8   Data           8  qnan.o(.constdata)
    Region$$Table$$Base                      0x08012d58   Number         0  anon$$obj.o(Region$$Table)
    Region$$Table$$Limit                     0x08012d78   Number         0  anon$$obj.o(Region$$Table)
    SystemCoreClock                          0x20000000   Data           4  system_stm32f10x.o(.data)
    AHBPrescTable                            0x20000004   Data          16  system_stm32f10x.o(.data)
    delay_50                                 0x20000028   Data           1  main.o(.data)
    delay_flag                               0x20000029   Data           1  main.o(.data)
    Voltage                                  0x2000002a   Data           2  main.o(.data)
    Flag_Stop                                0x2000002c   Data           1  main.o(.data)
    PS2_ON_Flag                              0x2000002d   Data           1  main.o(.data)
    APP_ON_Flag                              0x2000002e   Data           1  main.o(.data)
    ROS_ON_Flag                              0x2000002f   Data           1  main.o(.data)
    Remote_ON_Flag                           0x20000030   Data           1  main.o(.data)
    Car_Num                                  0x20000031   Data           1  main.o(.data)
    Flag_Show                                0x20000032   Data           1  main.o(.data)
    Perimeter                                0x20000034   Data           4  main.o(.data)
    Wheelspacing                             0x20000038   Data           4  main.o(.data)
    DISTANCE                                 0x2000003c   Data           2  main.o(.data)
    ANGLE                                    0x2000003e   Data           2  main.o(.data)
    one_lap_data_success_flag                0x20000040   Data           1  main.o(.data)
    Lidar_Success_Receive_flag               0x20000041   Data           1  main.o(.data)
    lap_count                                0x20000044   Data           4  main.o(.data)
    PointDataProcess_count                   0x20000048   Data           4  main.o(.data)
    test_once_flag                           0x2000004c   Data           4  main.o(.data)
    Dividing_point                           0x20000050   Data           4  main.o(.data)
    Avoid_Flag                               0x20000054   Data           4  main.o(.data)
    ADC_ConvertedValue                       0x20000068   Data           2  bsp_adc.o(.data)
    Handkey                                  0x2000006c   Data           2  pstwo.o(.data)
    Comd                                     0x2000006e   Data           2  pstwo.o(.data)
    MASK                                     0x20000070   Data          32  pstwo.o(.data)
    PS2_LX                                   0x20000090   Data           4  pstwo.o(.data)
    PS2_LY                                   0x20000094   Data           4  pstwo.o(.data)
    PS2_RX                                   0x20000098   Data           4  pstwo.o(.data)
    PS2_RY                                   0x2000009c   Data           4  pstwo.o(.data)
    PS2_KEY                                  0x200000a0   Data           4  pstwo.o(.data)
    Time_count                               0x200000a8   Data           4  usartx.o(.data)
    Move_X                                   0x200000b0   Data           4  control.o(.data)
    Move_Z                                   0x200000b4   Data           4  control.o(.data)
    PWM_Left                                 0x200000b8   Data           4  control.o(.data)
    PWM_Right                                0x200000bc   Data           4  control.o(.data)
    RC_Velocity                              0x200000c0   Data           4  control.o(.data)
    RC_Turn_Velocity                         0x200000c4   Data           4  control.o(.data)
    Mode                                     0x200000c8   Data           1  control.o(.data)
    Servo_PWM                                0x200000cc   Data           4  control.o(.data)
    Lidar_Detect                             0x200000d0   Data           1  control.o(.data)
    CCD_Move_X                               0x200000d4   Data           4  control.o(.data)
    ELE_Move_X                               0x200000d8   Data           4  control.o(.data)
    Ros_count                                0x200000dc   Data           1  control.o(.data)
    Lidar_flag_count                         0x200000dd   Data           1  control.o(.data)
    OriginalEncoder                          0x200000e0   Data           8  control.o(.data)
    Accel_Y                                  0x200000e8   Data           2  control.o(.data)
    Accel_Z                                  0x200000ea   Data           2  control.o(.data)
    Accel_X                                  0x200000ec   Data           2  control.o(.data)
    Accel_Angle_x                            0x200000ee   Data           2  control.o(.data)
    Accel_Angle_y                            0x200000f0   Data           2  control.o(.data)
    Gyro_X                                   0x200000f2   Data           2  control.o(.data)
    Gyro_Z                                   0x200000f4   Data           2  control.o(.data)
    Gyro_Y                                   0x200000f6   Data           2  control.o(.data)
    angle1                                   0x200000f8   Data           4  control.o(.data)
    mini_distance1                           0x200000fc   Data           2  control.o(.data)
    PID_Send                                 0x2000011c   Data           1  bluetooth.o(.data)
    Flag_Direction                           0x2000011d   Data           1  bluetooth.o(.data)
    wireless_send_data                       0x2000011e   Data           1  bluetooth.o(.data)
    Velocity_KP                              0x20000138   Data           4  pid.o(.data)
    Velocity_KI                              0x2000013c   Data           4  pid.o(.data)
    Diff_Along_Distance_KP                   0x20000140   Data           4  pid.o(.data)
    Diff_Along_Distance_KD                   0x20000144   Data           4  pid.o(.data)
    Diff_Along_Distance_KI                   0x20000148   Data           4  pid.o(.data)
    Akm_Along_Distance_KP                    0x2000014c   Data           4  pid.o(.data)
    Akm_Along_Distance_KD                    0x20000150   Data           4  pid.o(.data)
    Akm_Along_Distance_KI                    0x20000154   Data           4  pid.o(.data)
    STank_Along_Distance_KP                  0x20000158   Data           4  pid.o(.data)
    STank_Along_Distance_KD                  0x2000015c   Data           4  pid.o(.data)
    STank_Along_Distance_KI                  0x20000160   Data           4  pid.o(.data)
    BTank_Along_Distance_KP                  0x20000164   Data           4  pid.o(.data)
    BTank_Along_Distance_KD                  0x20000168   Data           4  pid.o(.data)
    BTank_Along_Distance_KI                  0x2000016c   Data           4  pid.o(.data)
    Follow_KP_BTank                          0x20000170   Data           4  pid.o(.data)
    Follow_KD_BTank                          0x20000174   Data           4  pid.o(.data)
    Follow_KI_BTank                          0x20000178   Data           4  pid.o(.data)
    Follow_KP_Akm                            0x2000017c   Data           4  pid.o(.data)
    Follow_KD_Akm                            0x20000180   Data           4  pid.o(.data)
    Follow_KI_Akm                            0x20000184   Data           4  pid.o(.data)
    Follow_KP_STank                          0x20000188   Data           4  pid.o(.data)
    Follow_KD_STank                          0x2000018c   Data           4  pid.o(.data)
    Follow_KI_STank                          0x20000190   Data           4  pid.o(.data)
    Follow_KP_Diff                           0x20000194   Data           4  pid.o(.data)
    Follow_KD_Diff                           0x20000198   Data           4  pid.o(.data)
    Follow_KI_Diff                           0x2000019c   Data           4  pid.o(.data)
    Distance_KP                              0x200001a0   Data           4  pid.o(.data)
    Distance_KD                              0x200001a4   Data           4  pid.o(.data)
    Distance_KI                              0x200001a8   Data           4  pid.o(.data)
    ELE_KP_Diff                              0x200001ac   Data           4  pid.o(.data)
    ELE_KD_Diff                              0x200001b0   Data           4  pid.o(.data)
    ELE_KI_Diff                              0x200001b4   Data           4  pid.o(.data)
    ELE_K_Diff                               0x200001b8   Data           4  pid.o(.data)
    ELE_KP_Akm                               0x200001bc   Data           4  pid.o(.data)
    ELE_KD_Akm                               0x200001c0   Data           4  pid.o(.data)
    ELE_KI_Akm                               0x200001c4   Data           4  pid.o(.data)
    ELE_K_Akm                                0x200001c8   Data           4  pid.o(.data)
    ELE_KP_STank                             0x200001cc   Data           4  pid.o(.data)
    ELE_KD_STank                             0x200001d0   Data           4  pid.o(.data)
    ELE_KI_STank                             0x200001d4   Data           4  pid.o(.data)
    ELE_K_STank                              0x200001d8   Data           4  pid.o(.data)
    ELE_KP_BTank                             0x200001dc   Data           4  pid.o(.data)
    ELE_KD_BTank                             0x200001e0   Data           4  pid.o(.data)
    ELE_KI_BTank                             0x200001e4   Data           4  pid.o(.data)
    ELE_K_BTank                              0x200001e8   Data           4  pid.o(.data)
    CCD_KP_Akm                               0x200001ec   Data           4  pid.o(.data)
    CCD_KD_Akm                               0x200001f0   Data           4  pid.o(.data)
    CCD_KI_Akm                               0x200001f4   Data           4  pid.o(.data)
    CCD_KP_Diff                              0x200001f8   Data           4  pid.o(.data)
    CCD_KD_Diff                              0x200001fc   Data           4  pid.o(.data)
    CCD_KI_Diff                              0x20000200   Data           4  pid.o(.data)
    CCD_KP_STank                             0x20000204   Data           4  pid.o(.data)
    CCD_KD_STank                             0x20000208   Data           4  pid.o(.data)
    CCD_KI_STank                             0x2000020c   Data           4  pid.o(.data)
    CCD_KP_BTank                             0x20000210   Data           4  pid.o(.data)
    CCD_KD_BTank                             0x20000214   Data           4  pid.o(.data)
    CCD_KI_BTank                             0x20000218   Data           4  pid.o(.data)
    Remoter_Ch1                              0x20000288   Data           4  capture.o(.data)
    Remoter_Ch2                              0x2000028c   Data           4  capture.o(.data)
    Remoter_Ch3                              0x20000290   Data           4  capture.o(.data)
    L_Remoter_Ch1                            0x20000294   Data           4  capture.o(.data)
    L_Remoter_Ch2                            0x20000298   Data           4  capture.o(.data)
    L_Remoter_Ch3                            0x2000029c   Data           4  capture.o(.data)
    Distance1                                0x200002a0   Data           2  capture.o(.data)
    Distance2                                0x200002a2   Data           2  capture.o(.data)
    Distance3                                0x200002a4   Data           2  capture.o(.data)
    Distance4                                0x200002a6   Data           2  capture.o(.data)
    Sensor_Left                              0x200002b0   Data           4  ele_ccd.o(.data)
    Sensor_Middle                            0x200002b4   Data           4  ele_ccd.o(.data)
    Sensor_Right                             0x200002b8   Data           4  ele_ccd.o(.data)
    Sensor                                   0x200002bc   Data           4  ele_ccd.o(.data)
    CCD_Median                               0x200002c0   Data           1  ele_ccd.o(.data)
    CCD_Threshold                            0x200002c1   Data           1  ele_ccd.o(.data)
    gyro                                     0x200002f8   Data           6  mpu6050.o(.data)
    accel                                    0x200002fe   Data           6  mpu6050.o(.data)
    sensors                                  0x20000304   Data           2  mpu6050.o(.data)
    Roll                                     0x20000308   Data           4  mpu6050.o(.data)
    Pitch                                    0x2000030c   Data           4  mpu6050.o(.data)
    Yaw                                      0x20000310   Data           4  mpu6050.o(.data)
    q0                                       0x20000314   Data           4  mpu6050.o(.data)
    q1                                       0x20000318   Data           4  mpu6050.o(.data)
    q2                                       0x2000031c   Data           4  mpu6050.o(.data)
    q3                                       0x20000320   Data           4  mpu6050.o(.data)
    Gx_offset                                0x2000032e   Data           2  mpu6050.o(.data)
    Gy_offset                                0x20000330   Data           2  mpu6050.o(.data)
    Gz_offset                                0x20000332   Data           2  mpu6050.o(.data)
    dt                                       0x20000334   Data           4  filter.o(.data)
    __stdout                                 0x200003b8   Data           4  stdout.o(.data)
    OLED_GRAM                                0x200003c0   Data        1024  bsp_oled.o(.bss)
    Data                                     0x200007c0   Data           9  pstwo.o(.bss)
    DataScope_OutPut_Buffer                  0x200007c9   Data          42  datascope_dp.o(.bss)
    Send_Data                                0x200007f4   Data          48  usartx.o(.bss)
    Receive_Data                             0x20000824   Data          32  usartx.o(.bss)
    MotorA                                   0x20000844   Data          16  control.o(.bss)
    MotorB                                   0x20000854   Data          16  control.o(.bss)
    control_frame                            0x200008b4   Data          12  bluetooth.o(.bss)
    bluetooth_send_data                      0x200008c0   Data          28  bluetooth.o(.bss)
    wireless_receive_data                    0x200008dc   Data          10  bluetooth.o(.bss)
    PointDataProcess                         0x200008fa   Data        2520  lidar.o(.bss)
    Dataprocess                              0x200012d2   Data        2400  lidar.o(.bss)
    TempData                                 0x20001c32   Data          72  lidar.o(.bss)
    Pack_Data                                0x20001c7a   Data          47  lidar.o(.bss)
    Distance_TIM2_CH2_ICUserValueStructure   0x20001cac   Data          12  capture.o(.bss)
    Distance_TIM2_CH3_ICUserValueStructure   0x20001cb8   Data          12  capture.o(.bss)
    Distance_TIM2_CH4_ICUserValueStructure   0x20001cc4   Data          12  capture.o(.bss)
    Distance_TIM1_CH4_ICUserValueStructure   0x20001cd0   Data          12  capture.o(.bss)
    PWM_TIM2_CH4_ICUserValueStructure        0x20001cdc   Data          12  capture.o(.bss)
    PWM_TIM2_CH3_ICUserValueStructure        0x20001ce8   Data          12  capture.o(.bss)
    PWM_TIM1_CH4_ICUserValueStructure        0x20001cf4   Data          12  capture.o(.bss)
    PWM_TIM1_CH1_ICUserValueStructure        0x20001d00   Data          12  capture.o(.bss)
    CCD_ADV                                  0x20001d0c   Data         256  ele_ccd.o(.bss)
    buffer                                   0x20001e1c   Data          14  mpu6050.o(.bss)
    MPU6050_FIFO                             0x20001e2a   Data         132  mpu6050.o(.bss)
    __initial_sp                             0x200022d0   Data           0  startup_stm32f10x_hd.o(STACK)



==============================================================================

Memory Map of the image

  Image Entry point : 0x08000131

  Load Region LR_IROM1 (Base: 0x08000000, Size: 0x00013138, Max: 0x00040000, ABSOLUTE, COMPRESSED[0x00012ec0])

    Execution Region ER_IROM1 (Exec base: 0x08000000, Load base: 0x08000000, Size: 0x00012d78, Max: 0x00040000, ABSOLUTE)

    Exec Addr    Load Addr    Size         Type   Attr      Idx    E Section Name        Object

    0x08000000   0x08000000   0x00000130   Data   RO            3    RESET               startup_stm32f10x_hd.o
    0x08000130   0x08000130   0x00000000   Code   RO         1125  * .ARM.Collect$$$$00000000  mc_w.l(entry.o)
    0x08000130   0x08000130   0x00000004   Code   RO         1471    .ARM.Collect$$$$00000001  mc_w.l(entry2.o)
    0x08000134   0x08000134   0x00000004   Code   RO         1474    .ARM.Collect$$$$00000004  mc_w.l(entry5.o)
    0x08000138   0x08000138   0x00000000   Code   RO         1476    .ARM.Collect$$$$00000008  mc_w.l(entry7b.o)
    0x08000138   0x08000138   0x00000000   Code   RO         1478    .ARM.Collect$$$$0000000A  mc_w.l(entry8b.o)
    0x08000138   0x08000138   0x00000008   Code   RO         1479    .ARM.Collect$$$$0000000B  mc_w.l(entry9a.o)
    0x08000140   0x08000140   0x00000000   Code   RO         1481    .ARM.Collect$$$$0000000D  mc_w.l(entry10a.o)
    0x08000140   0x08000140   0x00000000   Code   RO         1483    .ARM.Collect$$$$0000000F  mc_w.l(entry11a.o)
    0x08000140   0x08000140   0x00000004   Code   RO         1472    .ARM.Collect$$$$00002712  mc_w.l(entry2.o)
    0x08000144   0x08000144   0x00000024   Code   RO            4    .text               startup_stm32f10x_hd.o
    0x08000168   0x08000168   0x000001e0   Code   RO           24    .text               system_stm32f10x.o
    0x08000348   0x08000348   0x000000dc   Code   RO          121    .text               misc.o
    0x08000424   0x08000424   0x0000044e   Code   RO          137    .text               stm32f10x_adc.o
    0x08000872   0x08000872   0x00000002   PAD
    0x08000874   0x08000874   0x0000011c   Code   RO          233    .text               stm32f10x_exti.o
    0x08000990   0x08000990   0x0000035c   Code   RO          269    .text               stm32f10x_gpio.o
    0x08000cec   0x08000cec   0x000003a4   Code   RO          317    .text               stm32f10x_rcc.o
    0x08001090   0x08001090   0x00000e1a   Code   RO          367    .text               stm32f10x_tim.o
    0x08001eaa   0x08001eaa   0x00000002   PAD
    0x08001eac   0x08001eac   0x00000408   Code   RO          379    .text               stm32f10x_usart.o
    0x080022b4   0x080022b4   0x00000110   Code   RO          403    .text               main.o
    0x080023c4   0x080023c4   0x00000020   Code   RO          532    .text               stm32f10x_it.o
    0x080023e4   0x080023e4   0x000000a8   Code   RO          547    .text               bsp_beep.o
    0x0800248c   0x0800248c   0x000002a4   Code   RO          606    .text               bsp_key.o
    0x08002730   0x08002730   0x00000078   Code   RO          624    .text               bsp_led.o
    0x080027a8   0x080027a8   0x00000138   Code   RO          639    .text               bsp_systick.o
    0x080028e0   0x080028e0   0x000002f0   Code   RO          657    .text               bsp_usart.o
    0x08002bd0   0x08002bd0   0x000001e8   Code   RO          671    .text               bsp_generaltim.o
    0x08002db8   0x08002db8   0x00000130   Code   RO          685    .text               bsp_motor.o
    0x08002ee8   0x08002ee8   0x0000023c   Code   RO          699    .text               bsp_adc.o
    0x08003124   0x08003124   0x000004ac   Code   RO          717    .text               bsp_oled.o
    0x080035d0   0x080035d0   0x000001d8   Code   RO          736    .text               encoder.o
    0x080037a8   0x080037a8   0x00000510   Code   RO          748    .text               pstwo.o
    0x08003cb8   0x08003cb8   0x00000154   Code   RO          768    .text               datascope_dp.o
    0x08003e0c   0x08003e0c   0x000005ac   Code   RO          786    .text               usartx.o
    0x080043b8   0x080043b8   0x00001758   Code   RO          806    .text               control.o
    0x08005b10   0x08005b10   0x00001138   Code   RO          850    .text               show.o
    0x08006c48   0x08006c48   0x00000420   Code   RO          876    .text               bluetooth.o
    0x08007068   0x08007068   0x00000aa0   Code   RO          896    .text               pid.o
    0x08007b08   0x08007b08   0x00000694   Code   RO          916    .text               lidar.o
    0x0800819c   0x0800819c   0x000007e8   Code   RO          936    .text               capture.o
    0x08008984   0x08008984   0x00000654   Code   RO          956    .text               ele_ccd.o
    0x08008fd8   0x08008fd8   0x00001e90   Code   RO          976    .text               inv_mpu.o
    0x0800ae68   0x0800ae68   0x00000d70   Code   RO         1009    .text               inv_mpu_dmp_motion_driver.o
    0x0800bbd8   0x0800bbd8   0x00000526   Code   RO         1024    .text               ioi2c.o
    0x0800c0fe   0x0800c0fe   0x00000002   PAD
    0x0800c100   0x0800c100   0x00000930   Code   RO         1038    .text               mpu6050.o
    0x0800ca30   0x0800ca30   0x000005ac   Code   RO         1063    .text               filter.o
    0x0800cfdc   0x0800cfdc   0x00000062   Code   RO         1128    .text               mc_w.l(ldiv.o)
    0x0800d03e   0x0800d03e   0x00000024   Code   RO         1130    .text               mc_w.l(memseta.o)
    0x0800d062   0x0800d062   0x0000001a   Code   RO         1132    .text               mc_w.l(memcmp.o)
    0x0800d07c   0x0800d07c   0x000000b0   Code   RO         1395    .text               mf_w.l(fadd.o)
    0x0800d12c   0x0800d12c   0x00000064   Code   RO         1397    .text               mf_w.l(fmul.o)
    0x0800d190   0x0800d190   0x0000007c   Code   RO         1399    .text               mf_w.l(fdiv.o)
    0x0800d20c   0x0800d20c   0x0000014e   Code   RO         1401    .text               mf_w.l(dadd.o)
    0x0800d35a   0x0800d35a   0x000000e4   Code   RO         1403    .text               mf_w.l(dmul.o)
    0x0800d43e   0x0800d43e   0x000000de   Code   RO         1405    .text               mf_w.l(ddiv.o)
    0x0800d51c   0x0800d51c   0x00000012   Code   RO         1407    .text               mf_w.l(fflti.o)
    0x0800d52e   0x0800d52e   0x0000000a   Code   RO         1409    .text               mf_w.l(ffltui.o)
    0x0800d538   0x0800d538   0x00000022   Code   RO         1411    .text               mf_w.l(dflti.o)
    0x0800d55a   0x0800d55a   0x0000001a   Code   RO         1413    .text               mf_w.l(dfltui.o)
    0x0800d574   0x0800d574   0x00000032   Code   RO         1415    .text               mf_w.l(ffixi.o)
    0x0800d5a6   0x0800d5a6   0x00000028   Code   RO         1417    .text               mf_w.l(ffixui.o)
    0x0800d5ce   0x0800d5ce   0x0000003e   Code   RO         1419    .text               mf_w.l(dfixi.o)
    0x0800d60c   0x0800d60c   0x00000026   Code   RO         1421    .text               mf_w.l(f2d.o)
    0x0800d632   0x0800d632   0x00000002   PAD
    0x0800d634   0x0800d634   0x00000030   Code   RO         1423    .text               mf_w.l(cdcmple.o)
    0x0800d664   0x0800d664   0x00000030   Code   RO         1425    .text               mf_w.l(cdrcmple.o)
    0x0800d694   0x0800d694   0x00000038   Code   RO         1427    .text               mf_w.l(d2f.o)
    0x0800d6cc   0x0800d6cc   0x00000014   Code   RO         1429    .text               mf_w.l(cfcmple.o)
    0x0800d6e0   0x0800d6e0   0x00000014   Code   RO         1431    .text               mf_w.l(cfrcmple.o)
    0x0800d6f4   0x0800d6f4   0x0000002c   Code   RO         1486    .text               mc_w.l(uidiv.o)
    0x0800d720   0x0800d720   0x00000062   Code   RO         1488    .text               mc_w.l(uldiv.o)
    0x0800d782   0x0800d782   0x0000001e   Code   RO         1490    .text               mc_w.l(llshl.o)
    0x0800d7a0   0x0800d7a0   0x00000020   Code   RO         1492    .text               mc_w.l(llushr.o)
    0x0800d7c0   0x0800d7c0   0x00000024   Code   RO         1494    .text               mc_w.l(llsshr.o)
    0x0800d7e4   0x0800d7e4   0x00000000   Code   RO         1503    .text               mc_w.l(iusefp.o)
    0x0800d7e4   0x0800d7e4   0x0000006e   Code   RO         1504    .text               mf_w.l(fepilogue.o)
    0x0800d852   0x0800d852   0x000000ba   Code   RO         1506    .text               mf_w.l(depilogue.o)
    0x0800d90c   0x0800d90c   0x0000002e   Code   RO         1508    .text               mf_w.l(dscalb.o)
    0x0800d93a   0x0800d93a   0x00000002   PAD
    0x0800d93c   0x0800d93c   0x00000024   Code   RO         1512    .text               mc_w.l(init.o)
    0x0800d960   0x0800d960   0x000000a2   Code   RO         1514    .text               mf_w.l(dsqrt.o)
    0x0800da02   0x0800da02   0x00000056   Code   RO         1524    .text               mc_w.l(__dczerorl2.o)
    0x0800da58   0x0800da58   0x00000020   Code   RO         1179    i.__0printf$1       mc_w.l(printf1.o)
    0x0800da78   0x0800da78   0x00000028   Code   RO         1447    i.__ARM_fpclassify  m_ws.l(fpclassify.o)
    0x0800daa0   0x0800daa0   0x00000388   Code   RO         1452    i.__ieee754_rem_pio2  m_ws.l(rred.o)
    0x0800de28   0x0800de28   0x000000aa   Code   RO         1449    i.__kernel_poly     m_ws.l(poly.o)
    0x0800ded2   0x0800ded2   0x00000002   PAD
    0x0800ded4   0x0800ded4   0x0000027c   Code   RO         1465    i.__kernel_tan      m_ws.l(tan_i.o)
    0x0800e150   0x0800e150   0x00000010   Code   RO         1433    i.__mathlib_dbl_divzero  m_ws.l(dunder.o)
    0x0800e160   0x0800e160   0x00000006   Code   RO         1434    i.__mathlib_dbl_infnan  m_ws.l(dunder.o)
    0x0800e166   0x0800e166   0x00000004   Code   RO         1435    i.__mathlib_dbl_infnan2  m_ws.l(dunder.o)
    0x0800e16a   0x0800e16a   0x0000000c   Code   RO         1436    i.__mathlib_dbl_invalid  m_ws.l(dunder.o)
    0x0800e176   0x0800e176   0x0000000e   Code   RO         1437    i.__mathlib_dbl_overflow  m_ws.l(dunder.o)
    0x0800e184   0x0800e184   0x00000010   Code   RO         1439    i.__mathlib_dbl_underflow  m_ws.l(dunder.o)
    0x0800e194   0x0800e194   0x0000000e   Code   RO         1518    i.__scatterload_copy  mc_w.l(handlers.o)
    0x0800e1a2   0x0800e1a2   0x00000002   Code   RO         1519    i.__scatterload_null  mc_w.l(handlers.o)
    0x0800e1a4   0x0800e1a4   0x0000000e   Code   RO         1520    i.__scatterload_zeroinit  mc_w.l(handlers.o)
    0x0800e1b2   0x0800e1b2   0x00000002   PAD
    0x0800e1b4   0x0800e1b4   0x0000000c   Code   RO         1498    i.__set_errno       mc_w.l(errno.o)
    0x0800e1c0   0x0800e1c0   0x00000154   Code   RO         1186    i._printf_core      mc_w.l(printf1.o)
    0x0800e314   0x0800e314   0x00000270   Code   RO         1080    i.asin              m_ws.l(asin.o)
    0x0800e584   0x0800e584   0x00000220   Code   RO         1090    i.atan              m_ws.l(atan.o)
    0x0800e7a4   0x0800e7a4   0x00000180   Code   RO         1100    i.atan2             m_ws.l(atan2.o)
    0x0800e924   0x0800e924   0x000009b8   Code   RO         1108    i.pow               m_ws.l(pow.o)
    0x0800f2dc   0x0800f2dc   0x0000004c   Code   RO         1458    i.sqrt              m_ws.l(sqrt.o)
    0x0800f328   0x0800f328   0x00000064   Code   RO         1118    i.tan               m_ws.l(tan.o)
    0x0800f38c   0x0800f38c   0x00000a64   Data   RO          719    .constdata          bsp_oled.o
    0x0800fdf0   0x0800fdf0   0x00000b64   Data   RO          918    .constdata          lidar.o
    0x08010954   0x08010954   0x00000ab4   Data   RO          977    .constdata          inv_mpu.o
    0x08011408   0x08011408   0x0000165a   Data   RO         1011    .constdata          inv_mpu_dmp_motion_driver.o
    0x08012a62   0x08012a62   0x00000006   PAD
    0x08012a68   0x08012a68   0x00000050   Data   RO         1081    .constdata          m_ws.l(asin.o)
    0x08012ab8   0x08012ab8   0x00000098   Data   RO         1091    .constdata          m_ws.l(atan.o)
    0x08012b50   0x08012b50   0x00000088   Data   RO         1109    .constdata          m_ws.l(pow.o)
    0x08012bd8   0x08012bd8   0x00000008   Data   RO         1451    .constdata          m_ws.l(qnan.o)
    0x08012be0   0x08012be0   0x000000c8   Data   RO         1454    .constdata          m_ws.l(rred.o)
    0x08012ca8   0x08012ca8   0x00000060   Data   RO         1466    .constdata          m_ws.l(tan_i.o)
    0x08012d08   0x08012d08   0x0000004e   Data   RO          978    .conststring        inv_mpu.o
    0x08012d56   0x08012d56   0x00000002   PAD
    0x08012d58   0x08012d58   0x00000020   Data   RO         1516    Region$$Table       anon$$obj.o


    Execution Region RW_IRAM1 (Exec base: 0x20000000, Load base: 0x08012d78, Size: 0x000022d0, Max: 0x0000c000, ABSOLUTE, COMPRESSED[0x00000148])

    Exec Addr    Load Addr    Size         Type   Attr      Idx    E Section Name        Object

    0x20000000   COMPRESSED   0x00000014   Data   RW           25    .data               system_stm32f10x.o
    0x20000014   COMPRESSED   0x00000014   Data   RW          318    .data               stm32f10x_rcc.o
    0x20000028   COMPRESSED   0x00000030   Data   RW          405    .data               main.o
    0x20000058   COMPRESSED   0x00000004   Data   RW          549    .data               bsp_beep.o
    0x2000005c   COMPRESSED   0x00000003   Data   RW          608    .data               bsp_key.o
    0x2000005f   COMPRESSED   0x00000001   PAD
    0x20000060   COMPRESSED   0x00000004   Data   RW          626    .data               bsp_led.o
    0x20000064   COMPRESSED   0x00000004   Data   RW          640    .data               bsp_systick.o
    0x20000068   COMPRESSED   0x00000002   Data   RW          700    .data               bsp_adc.o
    0x2000006a   COMPRESSED   0x00000002   PAD
    0x2000006c   COMPRESSED   0x0000003c   Data   RW          751    .data               pstwo.o
    0x200000a8   COMPRESSED   0x00000005   Data   RW          789    .data               usartx.o
    0x200000ad   COMPRESSED   0x00000003   PAD
    0x200000b0   COMPRESSED   0x00000069   Data   RW          809    .data               control.o
    0x20000119   COMPRESSED   0x00000001   Data   RW          852    .data               show.o
    0x2000011a   COMPRESSED   0x00000002   PAD
    0x2000011c   COMPRESSED   0x0000001c   Data   RW          879    .data               bluetooth.o
    0x20000138   COMPRESSED   0x0000014c   Data   RW          898    .data               pid.o
    0x20000284   COMPRESSED   0x00000003   Data   RW          919    .data               lidar.o
    0x20000287   COMPRESSED   0x00000001   PAD
    0x20000288   COMPRESSED   0x00000025   Data   RW          939    .data               capture.o
    0x200002ad   COMPRESSED   0x00000003   PAD
    0x200002b0   COMPRESSED   0x0000001c   Data   RW          959    .data               ele_ccd.o
    0x200002cc   COMPRESSED   0x0000002c   Data   RW          979    .data               inv_mpu.o
    0x200002f8   COMPRESSED   0x0000003c   Data   RW         1041    .data               mpu6050.o
    0x20000334   COMPRESSED   0x00000084   Data   RW         1065    .data               filter.o
    0x200003b8   COMPRESSED   0x00000004   Data   RW         1485    .data               mc_w.l(stdout.o)
    0x200003bc   COMPRESSED   0x00000004   Data   RW         1499    .data               mc_w.l(errno.o)
    0x200003c0        -       0x00000400   Zero   RW          718    .bss                bsp_oled.o
    0x200007c0        -       0x00000009   Zero   RW          749    .bss                pstwo.o
    0x200007c9        -       0x0000002a   Zero   RW          769    .bss                datascope_dp.o
    0x200007f3   COMPRESSED   0x00000001   PAD
    0x200007f4        -       0x00000050   Zero   RW          787    .bss                usartx.o
    0x20000844        -       0x00000070   Zero   RW          807    .bss                control.o
    0x200008b4        -       0x00000046   Zero   RW          877    .bss                bluetooth.o
    0x200008fa        -       0x000013af   Zero   RW          917    .bss                lidar.o
    0x20001ca9   COMPRESSED   0x00000003   PAD
    0x20001cac        -       0x00000060   Zero   RW          937    .bss                capture.o
    0x20001d0c        -       0x00000100   Zero   RW          957    .bss                ele_ccd.o
    0x20001e0c        -       0x00000010   Zero   RW         1010    .bss                inv_mpu_dmp_motion_driver.o
    0x20001e1c        -       0x00000092   Zero   RW         1039    .bss                mpu6050.o
    0x20001eae   COMPRESSED   0x00000002   PAD
    0x20001eb0        -       0x00000020   Zero   RW         1064    .bss                filter.o
    0x20001ed0        -       0x00000400   Zero   RW            1    STACK               startup_stm32f10x_hd.o


==============================================================================

Image component sizes


      Code (inc. data)   RO Data    RW Data    ZI Data      Debug   Object Name

      1056         82          0         28         70       4365   bluetooth.o
       572         28          0          2          0       2646   bsp_adc.o
       168         16          0          4          0       1273   bsp_beep.o
       488         18          0          0          0       1530   bsp_generaltim.o
       676         60          0          3          0       1752   bsp_key.o
       120          8          0          4          0        760   bsp_led.o
       304         20          0          0          0       1192   bsp_motor.o
      1196         40       2660          0       1024       4412   bsp_oled.o
       312         26          0          4          0      17279   bsp_systick.o
       752         38          0          0          0       2133   bsp_usart.o
      2024        152          0         37         96       8163   capture.o
      5976        722          0        105        112      10326   control.o
         0          0          0          0          0       4496   core_cm3.o
       340         30          0          0         42       2054   datascope_dp.o
      1620        140          0         28        256       3840   ele_ccd.o
       472         22          0          0          0       1755   encoder.o
      1452        170          0        132         32       2445   filter.o
      7824        172       2818         44          0      21107   inv_mpu.o
      3440        126       5722          0         16      15039   inv_mpu_dmp_motion_driver.o
      1318         12          0          0          0       5422   ioi2c.o
      1684        122       2916          3       5039       3310   lidar.o
       272         30          0         48          0       3685   main.o
       220         22          0          0          0       1821   misc.o
      2352        410          0         60        146      21433   mpu6050.o
      2720        418          0        332          0       5819   pid.o
      1296         98          0         60          9       4284   pstwo.o
      4408        742          0          1          0       3398   show.o
        36          8        304          0       1024        864   startup_stm32f10x_hd.o
      1102         26          0          0          0      10853   stm32f10x_adc.o
       284         10          0          0          0       2255   stm32f10x_exti.o
       860         38          0          0          0       5665   stm32f10x_gpio.o
        32          0          0          0          0       1294   stm32f10x_it.o
       932         36          0         20          0       8844   stm32f10x_rcc.o
      3610         88          0          0          0      22152   stm32f10x_tim.o
      1032         22          0          0          0       8392   stm32f10x_usart.o
       480         38          0         20          0     261571   system_stm32f10x.o
      1452        156          0          5         80       4496   usartx.o

    ----------------------------------------------------------------------
     52888       4146      14460        952       7952     482125   Object Totals
         0          0         32          0          0          0   (incl. Generated)
         6          0          8         12          6          0   (incl. Padding)

    ----------------------------------------------------------------------

      Code (inc. data)   RO Data    RW Data    ZI Data      Debug   Library Member Name

       624         52         80          0          0        168   asin.o
       544         70        152          0          0        124   atan.o
       384         38          0          0          0        144   atan2.o
        68         10          0          0          0        408   dunder.o
        40          0          0          0          0         68   fpclassify.o
       170          0          0          0          0         96   poly.o
      2488        190        136          0          0        300   pow.o
         0          0          8          0          0          0   qnan.o
       904         76        200          0          0        140   rred.o
        76          0          0          0          0         84   sqrt.o
       100         10          0          0          0         96   tan.o
       636         50         96          0          0        168   tan_i.o
        86          0          0          0          0          0   __dczerorl2.o
         0          0          0          0          0          0   entry.o
         0          0          0          0          0          0   entry10a.o
         0          0          0          0          0          0   entry11a.o
         8          4          0          0          0          0   entry2.o
         4          0          0          0          0          0   entry5.o
         0          0          0          0          0          0   entry7b.o
         0          0          0          0          0          0   entry8b.o
         8          4          0          0          0          0   entry9a.o
        12          6          0          4          0         68   errno.o
        30          0          0          0          0          0   handlers.o
        36          8          0          0          0         68   init.o
         0          0          0          0          0          0   iusefp.o
        98          0          0          0          0         84   ldiv.o
        30          0          0          0          0         68   llshl.o
        36          0          0          0          0         68   llsshr.o
        32          0          0          0          0         68   llushr.o
        26          0          0          0          0         80   memcmp.o
        36          0          0          0          0        108   memseta.o
       372         14          0          0          0        184   printf1.o
         0          0          0          4          0          0   stdout.o
        44          0          0          0          0         80   uidiv.o
        98          0          0          0          0         92   uldiv.o
        48          0          0          0          0         68   cdcmple.o
        48          0          0          0          0         68   cdrcmple.o
        20          0          0          0          0         68   cfcmple.o
        20          0          0          0          0         68   cfrcmple.o
        56          0          0          0          0         88   d2f.o
       334          0          0          0          0        148   dadd.o
       222          0          0          0          0        100   ddiv.o
       186          0          0          0          0        176   depilogue.o
        62          0          0          0          0         80   dfixi.o
        34          0          0          0          0         76   dflti.o
        26          0          0          0          0         76   dfltui.o
       228          0          0          0          0         96   dmul.o
        46          0          0          0          0         80   dscalb.o
       162          0          0          0          0        100   dsqrt.o
        38          0          0          0          0         68   f2d.o
       176          0          0          0          0        140   fadd.o
       124          0          0          0          0         88   fdiv.o
       110          0          0          0          0        168   fepilogue.o
        50          0          0          0          0         68   ffixi.o
        40          0          0          0          0         68   ffixui.o
        18          0          0          0          0         68   fflti.o
        10          0          0          0          0         68   ffltui.o
       100          0          0          0          0         76   fmul.o

    ----------------------------------------------------------------------
      9156        532        672          8          0       4868   Library Totals
         8          0          0          0          0          0   (incl. Padding)

    ----------------------------------------------------------------------

      Code (inc. data)   RO Data    RW Data    ZI Data      Debug   Library Name

      6034        496        672          0          0       1796   m_ws.l
       956         36          0          8          0        968   mc_w.l
      2158          0          0          0          0       2104   mf_w.l

    ----------------------------------------------------------------------
      9156        532        672          8          0       4868   Library Totals

    ----------------------------------------------------------------------

==============================================================================


      Code (inc. data)   RO Data    RW Data    ZI Data      Debug   

     62044       4678      15132        960       7952     481401   Grand Totals
     62044       4678      15132        328       7952     481401   ELF Image Totals (compressed)
     62044       4678      15132        328          0          0   ROM Totals

==============================================================================

    Total RO  Size (Code + RO Data)                77176 (  75.37kB)
    Total RW  Size (RW Data + ZI Data)              8912 (   8.70kB)
    Total ROM Size (Code + RO Data + RW Data)      77504 (  75.69kB)

==============================================================================

