Component: ARM Compiler 5.06 update 5 (build 528) Tool: armlink [4d35e2]

==============================================================================

Section Cross References

    startup_stm32f103xb.o(STACK) refers (Special) to heapauxi.o(.text) for __use_two_region_memory
    startup_stm32f103xb.o(HEAP) refers (Special) to heapauxi.o(.text) for __use_two_region_memory
    startup_stm32f103xb.o(RESET) refers (Special) to heapauxi.o(.text) for __use_two_region_memory
    startup_stm32f103xb.o(RESET) refers to startup_stm32f103xb.o(STACK) for __initial_sp
    startup_stm32f103xb.o(RESET) refers to startup_stm32f103xb.o(.text) for Reset_Handler
    startup_stm32f103xb.o(RESET) refers to stm32f1xx_it.o(i.NMI_Handler) for NMI_Handler
    startup_stm32f103xb.o(RESET) refers to stm32f1xx_it.o(i.HardFault_Handler) for HardFault_Handler
    startup_stm32f103xb.o(RESET) refers to stm32f1xx_it.o(i.MemManage_Handler) for MemManage_Handler
    startup_stm32f103xb.o(RESET) refers to stm32f1xx_it.o(i.BusFault_Handler) for BusFault_Handler
    startup_stm32f103xb.o(RESET) refers to stm32f1xx_it.o(i.UsageFault_Handler) for UsageFault_Handler
    startup_stm32f103xb.o(RESET) refers to stm32f1xx_it.o(i.SVC_Handler) for SVC_Handler
    startup_stm32f103xb.o(RESET) refers to stm32f1xx_it.o(i.DebugMon_Handler) for DebugMon_Handler
    startup_stm32f103xb.o(RESET) refers to stm32f1xx_it.o(i.PendSV_Handler) for PendSV_Handler
    startup_stm32f103xb.o(RESET) refers to stm32f1xx_it.o(i.SysTick_Handler) for SysTick_Handler
    startup_stm32f103xb.o(RESET) refers to stm32f1xx_it.o(i.DMA1_Channel3_IRQHandler) for DMA1_Channel3_IRQHandler
    startup_stm32f103xb.o(RESET) refers to stm32f1xx_it.o(i.DMA1_Channel6_IRQHandler) for DMA1_Channel6_IRQHandler
    startup_stm32f103xb.o(RESET) refers to stm32f1xx_it.o(i.USART2_IRQHandler) for USART2_IRQHandler
    startup_stm32f103xb.o(.text) refers (Special) to heapauxi.o(.text) for __use_two_region_memory
    startup_stm32f103xb.o(.text) refers to system_stm32f1xx.o(i.SystemInit) for SystemInit
    startup_stm32f103xb.o(.text) refers to __main.o(!!!main) for __main
    startup_stm32f103xb.o(.text) refers to startup_stm32f103xb.o(HEAP) for Heap_Mem
    startup_stm32f103xb.o(.text) refers to startup_stm32f103xb.o(STACK) for Stack_Mem
    main.o(i.SystemClock_Config) refers to rt_memclr_w.o(.text) for __aeabi_memclr4
    main.o(i.SystemClock_Config) refers to stm32f1xx_hal_rcc.o(i.HAL_RCC_OscConfig) for HAL_RCC_OscConfig
    main.o(i.SystemClock_Config) refers to stm32f1xx_hal_rcc.o(i.HAL_RCC_ClockConfig) for HAL_RCC_ClockConfig
    main.o(i.main) refers to stm32f1xx_hal.o(i.HAL_Init) for HAL_Init
    main.o(i.main) refers to main.o(i.SystemClock_Config) for SystemClock_Config
    main.o(i.main) refers to gpio.o(i.MX_GPIO_Init) for MX_GPIO_Init
    main.o(i.main) refers to dma.o(i.MX_DMA_Init) for MX_DMA_Init
    main.o(i.main) refers to usart.o(i.MX_USART2_UART_Init) for MX_USART2_UART_Init
    main.o(i.main) refers to spi.o(i.MX_SPI1_Init) for MX_SPI1_Init
    main.o(i.main) refers to usart.o(i.MX_USART1_UART_Init) for MX_USART1_UART_Init
    main.o(i.main) refers to app_ir_camera.o(i.App_IRCamera_Init) for App_IRCamera_Init
    main.o(i.main) refers to app_ir_camera.o(i.App_IRCamera_Task) for App_IRCamera_Task
    gpio.o(i.MX_GPIO_Init) refers to stm32f1xx_hal_gpio.o(i.HAL_GPIO_WritePin) for HAL_GPIO_WritePin
    gpio.o(i.MX_GPIO_Init) refers to stm32f1xx_hal_gpio.o(i.HAL_GPIO_Init) for HAL_GPIO_Init
    dma.o(i.MX_DMA_Init) refers to stm32f1xx_hal_cortex.o(i.HAL_NVIC_SetPriority) for HAL_NVIC_SetPriority
    dma.o(i.MX_DMA_Init) refers to stm32f1xx_hal_cortex.o(i.HAL_NVIC_EnableIRQ) for HAL_NVIC_EnableIRQ
    spi.o(i.HAL_SPI_MspDeInit) refers to stm32f1xx_hal_gpio.o(i.HAL_GPIO_DeInit) for HAL_GPIO_DeInit
    spi.o(i.HAL_SPI_MspDeInit) refers to stm32f1xx_hal_dma.o(i.HAL_DMA_DeInit) for HAL_DMA_DeInit
    spi.o(i.HAL_SPI_MspInit) refers to stm32f1xx_hal_gpio.o(i.HAL_GPIO_Init) for HAL_GPIO_Init
    spi.o(i.HAL_SPI_MspInit) refers to stm32f1xx_hal_dma.o(i.HAL_DMA_Init) for HAL_DMA_Init
    spi.o(i.HAL_SPI_MspInit) refers to main.o(i.Error_Handler) for Error_Handler
    spi.o(i.HAL_SPI_MspInit) refers to spi.o(.bss) for .bss
    spi.o(i.MX_SPI1_Init) refers to stm32f1xx_hal_spi.o(i.HAL_SPI_Init) for HAL_SPI_Init
    spi.o(i.MX_SPI1_Init) refers to main.o(i.Error_Handler) for Error_Handler
    spi.o(i.MX_SPI1_Init) refers to spi.o(.bss) for .bss
    usart.o(i.HAL_UART_MspDeInit) refers to stm32f1xx_hal_gpio.o(i.HAL_GPIO_DeInit) for HAL_GPIO_DeInit
    usart.o(i.HAL_UART_MspDeInit) refers to stm32f1xx_hal_dma.o(i.HAL_DMA_DeInit) for HAL_DMA_DeInit
    usart.o(i.HAL_UART_MspDeInit) refers to stm32f1xx_hal_cortex.o(i.HAL_NVIC_DisableIRQ) for HAL_NVIC_DisableIRQ
    usart.o(i.HAL_UART_MspInit) refers to stm32f1xx_hal_gpio.o(i.HAL_GPIO_Init) for HAL_GPIO_Init
    usart.o(i.HAL_UART_MspInit) refers to stm32f1xx_hal_dma.o(i.HAL_DMA_Init) for HAL_DMA_Init
[...]
    ../Drivers/STM32F1xx_HAL_Driver/Src/stm32f1xx_hal_gpio.c 0x00000000   Number         0  stm32f1xx_hal_gpio.o ABSOLUTE
    ../Drivers/STM32F1xx_HAL_Driver/Src/stm32f1xx_hal_gpio_ex.c 0x00000000   Number         0  stm32f1xx_hal_gpio_ex.o ABSOLUTE
    ../Drivers/STM32F1xx_HAL_Driver/Src/stm32f1xx_hal_pwr.c 0x00000000   Number         0  stm32f1xx_hal_pwr.o ABSOLUTE
    ../Drivers/STM32F1xx_HAL_Driver/Src/stm32f1xx_hal_rcc.c 0x00000000   Number         0  stm32f1xx_hal_rcc.o ABSOLUTE
    ../Drivers/STM32F1xx_HAL_Driver/Src/stm32f1xx_hal_rcc_ex.c 0x00000000   Number         0  stm32f1xx_hal_rcc_ex.o ABSOLUTE
    ../Drivers/STM32F1xx_HAL_Driver/Src/stm32f1xx_hal_spi.c 0x00000000   Number         0  stm32f1xx_hal_spi.o ABSOLUTE
    ../Drivers/STM32F1xx_HAL_Driver/Src/stm32f1xx_hal_uart.c 0x00000000   Number         0  stm32f1xx_hal_uart.o ABSOLUTE
    ../clib/angel/boardlib.s                 0x00000000   Number         0  boardinit1.o ABSOLUTE
    ../clib/angel/boardlib.s                 0x00000000   Number         0  boardshut.o ABSOLUTE
    ../clib/angel/boardlib.s                 0x00000000   Number         0  boardinit3.o ABSOLUTE
    ../clib/angel/boardlib.s                 0x00000000   Number         0  boardinit2.o ABSOLUTE
    ../clib/angel/handlers.s                 0x00000000   Number         0  __scatter_zi.o ABSOLUTE
    ../clib/angel/handlers.s                 0x00000000   Number         0  __scatter_copy.o ABSOLUTE
    ../clib/angel/kernel.s                   0x00000000   Number         0  __rtentry2.o ABSOLUTE
    ../clib/angel/kernel.s                   0x00000000   Number         0  __rtentry4.o ABSOLUTE
    ../clib/angel/kernel.s                   0x00000000   Number         0  rtexit2.o ABSOLUTE
    ../clib/angel/kernel.s                   0x00000000   Number         0  rtexit.o ABSOLUTE
    ../clib/angel/kernel.s                   0x00000000   Number         0  __rtentry.o ABSOLUTE
    ../clib/angel/rt.s                       0x00000000   Number         0  rt_raise.o ABSOLUTE
    ../clib/angel/scatter.s                  0x00000000   Number         0  __scatter.o ABSOLUTE
    ../clib/angel/startup.s                  0x00000000   Number         0  __main.o ABSOLUTE
    ../clib/angel/sys.s                      0x00000000   Number         0  indicate_semi.o ABSOLUTE
    ../clib/angel/sys.s                      0x00000000   Number         0  use_no_semi.o ABSOLUTE
    ../clib/angel/sys.s                      0x00000000   Number         0  sys_stackheap_outer.o ABSOLUTE
    ../clib/angel/sys.s                      0x00000000   Number         0  libspace.o ABSOLUTE
    ../clib/angel/sysapp.c                   0x00000000   Number         0  sys_wrch.o ABSOLUTE
    ../clib/angel/sysapp.c                   0x00000000   Number         0  sys_command.o ABSOLUTE
    ../clib/angel/sysapp.c                   0x00000000   Number         0  sys_exit.o ABSOLUTE
    ../clib/armsys.c                         0x00000000   Number         0  argv_veneer.o ABSOLUTE
    ../clib/armsys.c                         0x00000000   Number         0  argv_veneer.o ABSOLUTE
    ../clib/armsys.c                         0x00000000   Number         0  no_argv.o ABSOLUTE
    ../clib/armsys.c                         0x00000000   Number         0  _get_argv_nomalloc.o ABSOLUTE
    ../clib/heapalloc.c                      0x00000000   Number         0  hrguard.o ABSOLUTE
    ../clib/heapaux.c                        0x00000000   Number         0  heapauxi.o ABSOLUTE
    ../clib/libinit.s                        0x00000000   Number         0  libinit2.o ABSOLUTE
    ../clib/libinit.s                        0x00000000   Number         0  libshutdown2.o ABSOLUTE
    ../clib/libinit.s                        0x00000000   Number         0  libinit.o ABSOLUTE
    ../clib/libinit.s                        0x00000000   Number         0  libshutdown.o ABSOLUTE
    ../clib/longlong.s                       0x00000000   Number         0  llushr.o ABSOLUTE
    ../clib/memcpset.s                       0x00000000   Number         0  rt_memclr_w.o ABSOLUTE
    ../clib/memcpset.s                       0x00000000   Number         0  rt_memclr.o ABSOLUTE
    ../clib/memcpset.s                       0x00000000   Number         0  rt_memmove_w.o ABSOLUTE
    ../clib/memcpset.s                       0x00000000   Number         0  rt_memmove_v6.o ABSOLUTE
    ../clib/memcpset.s                       0x00000000   Number         0  rt_memcpy_v6.o ABSOLUTE
    ../clib/memcpset.s                       0x00000000   Number         0  rt_memcpy_w.o ABSOLUTE
    ../clib/signal.c                         0x00000000   Number         0  __raise.o ABSOLUTE
    ../clib/signal.c                         0x00000000   Number         0  defsig_rtmem_inner.o ABSOLUTE
    ../clib/signal.c                         0x00000000   Number         0  defsig_exit.o ABSOLUTE
    ../clib/signal.c                         0x00000000   Number         0  defsig_general.o ABSOLUTE
    ../clib/signal.c                         0x00000000   Number         0  defsig_rtmem_outer.o ABSOLUTE
    ../clib/signal.c                         0x00000000   Number         0  defsig_segv_inner.o ABSOLUTE
    ../clib/signal.c                         0x00000000   Number         0  defsig_rtmem_formal.o ABSOLUTE
    ../clib/signal.c                         0x00000000   Number         0  defsig_other.o ABSOLUTE
    ../clib/signal.c                         0x00000000   Number         0  defsig_cppl_inner.o ABSOLUTE
    ../clib/signal.c                         0x00000000   Number         0  defsig_pvfn_inner.o ABSOLUTE
    ../clib/signal.c                         0x00000000   Number         0  defsig_stak_inner.o ABSOLUTE
    ../clib/signal.c                         0x00000000   Number         0  defsig_rtred_inner.o ABSOLUTE
    ../clib/signal.c                         0x00000000   Number         0  defsig_fpe_inner.o ABSOLUTE
    ../clib/signal.c                         0x00000000   Number         0  defsig_abrt_inner.o ABSOLUTE
    ../clib/signal.s                         0x00000000   Number         0  defsig.o ABSOLUTE
    ../clib/stdlib.c                         0x00000000   Number         0  exit.o ABSOLUTE
    ../clib/string.c                         0x00000000   Number         0  strlen.o ABSOLUTE
    ../fplib/fpinit.s                        0x00000000   Number         0  fpinit.o ABSOLUTE
    ..\Core\Src\app_ir_camera.c              0x00000000   Number         0  app_ir_camera.o ABSOLUTE
    ..\Core\Src\dma.c                        0x00000000   Number         0  dma.o ABSOLUTE
    ..\Core\Src\gpio.c                       0x00000000   Number         0  gpio.o ABSOLUTE
    ..\Core\Src\gy_mcu90640.c                0x00000000   Number         0  gy_mcu90640.o ABSOLUTE
    ..\Core\Src\main.c                       0x00000000   Number         0  main.o ABSOLUTE
    ..\Core\Src\spi.c                        0x00000000   Number         0  spi.o ABSOLUTE
    ..\Core\Src\st7735.c                     0x00000000   Number         0  st7735.o ABSOLUTE
    ..\Core\Src\stm32f1xx_hal_msp.c          0x00000000   Number         0  stm32f1xx_hal_msp.o ABSOLUTE
    ..\Core\Src\stm32f1xx_it.c               0x00000000   Number         0  stm32f1xx_it.o ABSOLUTE
    ..\Core\Src\system_stm32f1xx.c           0x00000000   Number         0  system_stm32f1xx.o ABSOLUTE
    ..\Core\Src\thermal_view.c               0x00000000   Number         0  thermal_view.o ABSOLUTE
    ..\Core\Src\usart.c                      0x00000000   Number         0  usart.o ABSOLUTE
    ..\Drivers\STM32F1xx_HAL_Driver\Src\stm32f1xx_hal.c 0x00000000   Number         0  stm32f1xx_hal.o ABSOLUTE
    ..\Drivers\STM32F1xx_HAL_Driver\Src\stm32f1xx_hal_cortex.c 0x00000000   Number         0  stm32f1xx_hal_cortex.o ABSOLUTE
    ..\Drivers\STM32F1xx_HAL_Driver\Src\stm32f1xx_hal_dma.c 0x00000000   Number         0  stm32f1xx_hal_dma.o ABSOLUTE
    ..\Drivers\STM32F1xx_HAL_Driver\Src\stm32f1xx_hal_exti.c 0x00000000   Number         0  stm32f1xx_hal_exti.o ABSOLUTE
    ..\Drivers\STM32F1xx_HAL_Driver\Src\stm32f1xx_hal_flash.c 0x00000000   Number         0  stm32f1xx_hal_flash.o ABSOLUTE
    ..\Drivers\STM32F1xx_HAL_Driver\Src\stm32f1xx_hal_flash_ex.c 0x00000000   Number         0  stm32f1xx_hal_flash_ex.o ABSOLUTE
    ..\Drivers\STM32F1xx_HAL_Driver\Src\stm32f1xx_hal_gpio.c 0x00000000   Number         0  stm32f1xx_hal_gpio.o ABSOLUTE
    ..\Drivers\STM32F1xx_HAL_Driver\Src\stm32f1xx_hal_gpio_ex.c 0x00000000   Number         0  stm32f1xx_hal_gpio_ex.o ABSOLUTE
    ..\Drivers\STM32F1xx_HAL_Driver\Src\stm32f1xx_hal_pwr.c 0x00000000   Number         0  stm32f1xx_hal_pwr.o ABSOLUTE
    ..\Drivers\STM32F1xx_HAL_Driver\Src\stm32f1xx_hal_rcc.c 0x00000000   Number         0  stm32f1xx_hal_rcc.o ABSOLUTE
    ..\Drivers\STM32F1xx_HAL_Driver\Src\stm32f1xx_hal_rcc_ex.c 0x00000000   Number         0  stm32f1xx_hal_rcc_ex.o ABSOLUTE
    ..\Drivers\STM32F1xx_HAL_Driver\Src\stm32f1xx_hal_spi.c 0x00000000   Number         0  stm32f1xx_hal_spi.o ABSOLUTE
    ..\Drivers\STM32F1xx_HAL_Driver\Src\stm32f1xx_hal_uart.c 0x00000000   Number         0  stm32f1xx_hal_uart.o ABSOLUTE
    dc.s                                     0x00000000   Number         0  dc.o ABSOLUTE
    startup_stm32f103xb.s                    0x00000000   Number         0  startup_stm32f103xb.o ABSOLUTE
    RESET                                    0x08000000   Section      236  startup_stm32f103xb.o(RESET)
    !!!main                                  0x080000ec   Section        8  __main.o(!!!main)
    !!!scatter                               0x080000f4   Section       52  __scatter.o(!!!scatter)
    !!handler_copy                           0x08000128   Section       26  __scatter_copy.o(!!handler_copy)
    !!handler_zi                             0x08000144   Section       28  __scatter_zi.o(!!handler_zi)
    .ARM.Collect$$libinit$$00000000          0x08000160   Section        2  libinit.o(.ARM.Collect$$libinit$$00000000)
    .ARM.Collect$$libinit$$00000002          0x08000162   Section        0  libinit2.o(.ARM.Collect$$libinit$$00000002)
    .ARM.Collect$$libinit$$00000004          0x08000162   Section        0  libinit2.o(.ARM.Collect$$libinit$$00000004)
    .ARM.Collect$$libinit$$0000000A          0x08000162   Section        0  libinit2.o(.ARM.Collect$$libinit$$0000000A)
    .ARM.Collect$$libinit$$0000000C          0x08000162   Section        0  libinit2.o(.ARM.Collect$$libinit$$0000000C)
    .ARM.Collect$$libinit$$0000000E          0x08000162   Section        0  libinit2.o(.ARM.Collect$$libinit$$0000000E)
    .ARM.Collect$$libinit$$00000011          0x08000162   Section        0  libinit2.o(.ARM.Collect$$libinit$$00000011)
    .ARM.Collect$$libinit$$00000013          0x08000162   Section        0  libinit2.o(.ARM.Collect$$libinit$$00000013)
    .ARM.Collect$$libinit$$00000015          0x08000162   Section        0  libinit2.o(.ARM.Collect$$libinit$$00000015)
    .ARM.Collect$$libinit$$00000017          0x08000162   Section        0  libinit2.o(.ARM.Collect$$libinit$$00000017)
    .ARM.Collect$$libinit$$00000019          0x08000162   Section        0  libinit2.o(.ARM.Collect$$libinit$$00000019)
    .ARM.Collect$$libinit$$0000001B          0x08000162   Section        0  libinit2.o(.ARM.Collect$$libinit$$0000001B)
    .ARM.Collect$$libinit$$0000001D          0x08000162   Section        0  libinit2.o(.ARM.Collect$$libinit$$0000001D)
    .ARM.Collect$$libinit$$0000001F          0x08000162   Section        0  libinit2.o(.ARM.Collect$$libinit$$0000001F)
    .ARM.Collect$$libinit$$00000021          0x08000162   Section        0  libinit2.o(.ARM.Collect$$libinit$$00000021)
    .ARM.Collect$$libinit$$00000023          0x08000162   Section        0  libinit2.o(.ARM.Collect$$libinit$$00000023)
    .ARM.Collect$$libinit$$00000025          0x08000162   Section        0  libinit2.o(.ARM.Collect$$libinit$$00000025)
    .ARM.Collect$$libinit$$0000002C          0x08000162   Section        0  libinit2.o(.ARM.Collect$$libinit$$0000002C)
    .ARM.Collect$$libinit$$0000002E          0x08000162   Section        0  libinit2.o(.ARM.Collect$$libinit$$0000002E)
    .ARM.Collect$$libinit$$00000030          0x08000162   Section        0  libinit2.o(.ARM.Collect$$libinit$$00000030)
    .ARM.Collect$$libinit$$00000032          0x08000162   Section        0  libinit2.o(.ARM.Collect$$libinit$$00000032)
    .ARM.Collect$$libinit$$00000033          0x08000162   Section        2  libinit2.o(.ARM.Collect$$libinit$$00000033)
    .ARM.Collect$$libshutdown$$00000000      0x08000164   Section        2  libshutdown.o(.ARM.Collect$$libshutdown$$00000000)
    .ARM.Collect$$libshutdown$$00000002      0x08000166   Section        0  libshutdown2.o(.ARM.Collect$$libshutdown$$00000002)
    .ARM.Collect$$libshutdown$$00000004      0x08000166   Section        0  libshutdown2.o(.ARM.Collect$$libshutdown$$00000004)
    .ARM.Collect$$libshutdown$$00000007      0x08000166   Section        0  libshutdown2.o(.ARM.Collect$$libshutdown$$00000007)
    .ARM.Collect$$libshutdown$$0000000A      0x08000166   Section        0  libshutdown2.o(.ARM.Collect$$libshutdown$$0000000A)
    .ARM.Collect$$libshutdown$$0000000C      0x08000166   Section        0  libshutdown2.o(.ARM.Collect$$libshutdown$$0000000C)
    .ARM.Collect$$libshutdown$$0000000F      0x08000166   Section        0  libshutdown2.o(.ARM.Collect$$libshutdown$$0000000F)
    .ARM.Collect$$libshutdown$$00000010      0x08000166   Section        2  libshutdown2.o(.ARM.Collect$$libshutdown$$00000010)
    .ARM.Collect$$rtentry$$00000000          0x08000168   Section        0  __rtentry.o(.ARM.Collect$$rtentry$$00000000)
    .ARM.Collect$$rtentry$$00000002          0x08000168   Section        0  __rtentry2.o(.ARM.Collect$$rtentry$$00000002)
    .ARM.Collect$$rtentry$$00000004          0x08000168   Section        6  __rtentry4.o(.ARM.Collect$$rtentry$$00000004)
    .ARM.Collect$$rtentry$$00000009          0x0800016e   Section        0  __rtentry2.o(.ARM.Collect$$rtentry$$00000009)
    .ARM.Collect$$rtentry$$0000000A          0x0800016e   Section        4  __rtentry2.o(.ARM.Collect$$rtentry$$0000000A)
    .ARM.Collect$$rtentry$$0000000C          0x08000172   Section        0  __rtentry2.o(.ARM.Collect$$rtentry$$0000000C)
    .ARM.Collect$$rtentry$$0000000D          0x08000172   Section        8  __rtentry2.o(.ARM.Collect$$rtentry$$0000000D)
    .ARM.Collect$$rtexit$$00000000           0x0800017a   Section        2  rtexit.o(.ARM.Collect$$rtexit$$00000000)
    .ARM.Collect$$rtexit$$00000002           0x0800017c   Section        0  rtexit2.o(.ARM.Collect$$rtexit$$00000002)
    .ARM.Collect$$rtexit$$00000003           0x0800017c   Section        4  rtexit2.o(.ARM.Collect$$rtexit$$00000003)
    .ARM.Collect$$rtexit$$00000004           0x08000180   Section        6  rtexit2.o(.ARM.Collect$$rtexit$$00000004)
    .text                                    0x08000188   Section       64  startup_stm32f103xb.o(.text)
    .text                                    0x080001c8   Section        0  strlen.o(.text)
    .text                                    0x08000206   Section      138  rt_memcpy_v6.o(.text)
    .text                                    0x08000290   Section      132  rt_memmove_v6.o(.text)
    .text                                    0x08000314   Section      100  rt_memcpy_w.o(.text)
    .text                                    0x08000378   Section       68  rt_memclr.o(.text)
    .text                                    0x080003bc   Section       78  rt_memclr_w.o(.text)
    .text                                    0x0800040a   Section        0  heapauxi.o(.text)
    .text                                    0x08000410   Section      122  rt_memmove_w.o(.text)
    .text                                    0x0800048a   Section       74  sys_stackheap_outer.o(.text)
    .text                                    0x080004d4   Section        0  exit.o(.text)
    .text                                    0x080004e8   Section        8  libspace.o(.text)
    .text                                    0x080004f0   Section        0  sys_exit.o(.text)
    .text                                    0x080004fc   Section        2  use_no_semi.o(.text)
    .text                                    0x080004fe   Section        0  indicate_semi.o(.text)
    i.App_IRCamera_Init                      0x08000500   Section        0  app_ir_camera.o(i.App_IRCamera_Init)
    i.App_IRCamera_Task                      0x08000568   Section        0  app_ir_camera.o(i.App_IRCamera_Task)
    i.BusFault_Handler                       0x080005b0   Section        0  stm32f1xx_it.o(i.BusFault_Handler)
    i.DMA1_Channel3_IRQHandler               0x080005b4   Section        0  stm32f1xx_it.o(i.DMA1_Channel3_IRQHandler)
    i.DMA1_Channel6_IRQHandler               0x080005c0   Section        0  stm32f1xx_it.o(i.DMA1_Channel6_IRQHandler)
    i.DMA_SetConfig                          0x080005cc   Section        0  stm32f1xx_hal_dma.o(i.DMA_SetConfig)
    DMA_SetConfig                            0x080005cd   Thumb Code    42  stm32f1xx_hal_dma.o(i.DMA_SetConfig)
    i.DebugMon_Handler                       0x080005f6   Section        0  stm32f1xx_it.o(i.DebugMon_Handler)
    i.Error_Handler                          0x080005f8   Section        0  main.o(i.Error_Handler)
    i.GY_MCU90640_ErrorCallback              0x080005fc   Section        0  gy_mcu90640.o(i.GY_MCU90640_ErrorCallback)
    i.GY_MCU90640_Init                       0x08000624   Section        0  gy_mcu90640.o(i.GY_MCU90640_Init)
    i.GY_MCU90640_PopFrame                   0x0800068c   Section        0  gy_mcu90640.o(i.GY_MCU90640_PopFrame)
    i.GY_MCU90640_RxEventCallback            0x080007b4   Section        0  gy_mcu90640.o(i.GY_MCU90640_RxEventCallback)
    i.HAL_DMA_Abort                          0x0800084c   Section        0  stm32f1xx_hal_dma.o(i.HAL_DMA_Abort)
    i.HAL_DMA_Abort_IT                       0x08000894   Section        0  stm32f1xx_hal_dma.o(i.HAL_DMA_Abort_IT)
    i.HAL_DMA_IRQHandler                     0x0800092c   Section        0  stm32f1xx_hal_dma.o(i.HAL_DMA_IRQHandler)
    i.HAL_DMA_Init                           0x08000a80   Section        0  stm32f1xx_hal_dma.o(i.HAL_DMA_Init)
    i.HAL_DMA_Start_IT                       0x08000adc   Section        0  stm32f1xx_hal_dma.o(i.HAL_DMA_Start_IT)
    i.HAL_Delay                              0x08000b4c   Section        0  stm32f1xx_hal.o(i.HAL_Delay)
    i.HAL_GPIO_Init                          0x08000b70   Section        0  stm32f1xx_hal_gpio.o(i.HAL_GPIO_Init)
    i.HAL_GPIO_WritePin                      0x08000d50   Section        0  stm32f1xx_hal_gpio.o(i.HAL_GPIO_WritePin)
    i.HAL_GetTick                            0x08000d5c   Section        0  stm32f1xx_hal.o(i.HAL_GetTick)
    i.HAL_IncTick                            0x08000d68   Section        0  stm32f1xx_hal.o(i.HAL_IncTick)
    i.HAL_Init                               0x08000d78   Section        0  stm32f1xx_hal.o(i.HAL_Init)
    i.HAL_InitTick                           0x08000d9c   Section        0  stm32f1xx_hal.o(i.HAL_InitTick)
    i.HAL_MspInit                            0x08000ddc   Section        0  stm32f1xx_hal_msp.o(i.HAL_MspInit)
    i.HAL_NVIC_EnableIRQ                     0x08000e18   Section        0  stm32f1xx_hal_cortex.o(i.HAL_NVIC_EnableIRQ)
    i.HAL_NVIC_SetPriority                   0x08000e34   Section        0  stm32f1xx_hal_cortex.o(i.HAL_NVIC_SetPriority)
    i.HAL_NVIC_SetPriorityGrouping           0x08000e74   Section        0  stm32f1xx_hal_cortex.o(i.HAL_NVIC_SetPriorityGrouping)
    i.HAL_RCC_ClockConfig                    0x08000e98   Section        0  stm32f1xx_hal_rcc.o(i.HAL_RCC_ClockConfig)
    i.HAL_RCC_GetPCLK1Freq                   0x08000fc4   Section        0  stm32f1xx_hal_rcc.o(i.HAL_RCC_GetPCLK1Freq)
    i.HAL_RCC_GetPCLK2Freq                   0x08000fe4   Section        0  stm32f1xx_hal_rcc.o(i.HAL_RCC_GetPCLK2Freq)
    i.HAL_RCC_GetSysClockFreq                0x08001004   Section        0  stm32f1xx_hal_rcc.o(i.HAL_RCC_GetSysClockFreq)
    i.HAL_RCC_OscConfig                      0x08001050   Section        0  stm32f1xx_hal_rcc.o(i.HAL_RCC_OscConfig)
    i.HAL_SPI_ErrorCallback                  0x08001370   Section        0  stm32f1xx_hal_spi.o(i.HAL_SPI_ErrorCallback)
    i.HAL_SPI_Init                           0x08001372   Section        0  stm32f1xx_hal_spi.o(i.HAL_SPI_Init)
    i.HAL_SPI_MspInit                        0x08001424   Section        0  spi.o(i.HAL_SPI_MspInit)
    i.HAL_SPI_Transmit                       0x080014b4   Section        0  stm32f1xx_hal_spi.o(i.HAL_SPI_Transmit)
    i.HAL_SPI_Transmit_DMA                   0x0800161c   Section        0  stm32f1xx_hal_spi.o(i.HAL_SPI_Transmit_DMA)
    i.HAL_SPI_TxCpltCallback                 0x080016e8   Section        0  app_ir_camera.o(i.HAL_SPI_TxCpltCallback)
    i.HAL_SPI_TxHalfCpltCallback             0x080016ec   Section        0  stm32f1xx_hal_spi.o(i.HAL_SPI_TxHalfCpltCallback)
    i.HAL_SYSTICK_Config                     0x080016ee   Section        0  stm32f1xx_hal_cortex.o(i.HAL_SYSTICK_Config)
    i.HAL_UARTEx_ReceiveToIdle_DMA           0x08001716   Section        0  stm32f1xx_hal_uart.o(i.HAL_UARTEx_ReceiveToIdle_DMA)
    i.HAL_UARTEx_RxEventCallback             0x08001760   Section        0  app_ir_camera.o(i.HAL_UARTEx_RxEventCallback)
    i.HAL_UART_DMAStop                       0x08001764   Section        0  stm32f1xx_hal_uart.o(i.HAL_UART_DMAStop)
    i.HAL_UART_ErrorCallback                 0x080017d4   Section        0  app_ir_camera.o(i.HAL_UART_ErrorCallback)
    i.HAL_UART_IRQHandler                    0x080017d8   Section        0  stm32f1xx_hal_uart.o(i.HAL_UART_IRQHandler)
    i.HAL_UART_Init                          0x08001a44   Section        0  stm32f1xx_hal_uart.o(i.HAL_UART_Init)
    i.HAL_UART_MspInit                       0x08001aa8   Section        0  usart.o(i.HAL_UART_MspInit)
    i.HAL_UART_RxCpltCallback                0x08001ba8   Section        0  stm32f1xx_hal_uart.o(i.HAL_UART_RxCpltCallback)
    i.HAL_UART_RxHalfCpltCallback            0x08001baa   Section        0  stm32f1xx_hal_uart.o(i.HAL_UART_RxHalfCpltCallback)
    i.HAL_UART_Transmit                      0x08001bac   Section        0  stm32f1xx_hal_uart.o(i.HAL_UART_Transmit)
    i.HAL_UART_TxCpltCallback                0x08001c4c   Section        0  stm32f1xx_hal_uart.o(i.HAL_UART_TxCpltCallback)
    i.HardFault_Handler                      0x08001c4e   Section        0  stm32f1xx_it.o(i.HardFault_Handler)
    i.MX_DMA_Init                            0x08001c50   Section        0  dma.o(i.MX_DMA_Init)
    i.MX_GPIO_Init                           0x08001c8c   Section        0  gpio.o(i.MX_GPIO_Init)
    i.MX_SPI1_Init                           0x08001d28   Section        0  spi.o(i.MX_SPI1_Init)
    i.MX_USART1_UART_Init                    0x08001d70   Section        0  usart.o(i.MX_USART1_UART_Init)
    i.MX_USART2_UART_Init                    0x08001da8   Section        0  usart.o(i.MX_USART2_UART_Init)
    i.MemManage_Handler                      0x08001de0   Section        0  stm32f1xx_it.o(i.MemManage_Handler)
    i.NMI_Handler                            0x08001de2   Section        0  stm32f1xx_it.o(i.NMI_Handler)
    i.PendSV_Handler                         0x08001de4   Section        0  stm32f1xx_it.o(i.PendSV_Handler)
    i.SPI_DMAError                           0x08001de6   Section        0  stm32f1xx_hal_spi.o(i.SPI_DMAError)
    SPI_DMAError                             0x08001de7   Thumb Code    34  stm32f1xx_hal_spi.o(i.SPI_DMAError)
    i.SPI_DMAHalfTransmitCplt                0x08001e08   Section        0  stm32f1xx_hal_spi.o(i.SPI_DMAHalfTransmitCplt)
    SPI_DMAHalfTransmitCplt                  0x08001e09   Thumb Code    10  stm32f1xx_hal_spi.o(i.SPI_DMAHalfTransmitCplt)
    i.SPI_DMATransmitCplt                    0x08001e12   Section        0  stm32f1xx_hal_spi.o(i.SPI_DMATransmitCplt)
    SPI_DMATransmitCplt                      0x08001e13   Thumb Code   100  stm32f1xx_hal_spi.o(i.SPI_DMATransmitCplt)
    i.SPI_EndRxTxTransaction                 0x08001e76   Section        0  stm32f1xx_hal_spi.o(i.SPI_EndRxTxTransaction)
    SPI_EndRxTxTransaction                   0x08001e77   Thumb Code    52  stm32f1xx_hal_spi.o(i.SPI_EndRxTxTransaction)
    i.SPI_WaitFlagStateUntilTimeout          0x08001eac   Section        0  stm32f1xx_hal_spi.o(i.SPI_WaitFlagStateUntilTimeout)
    SPI_WaitFlagStateUntilTimeout            0x08001ead   Thumb Code   180  stm32f1xx_hal_spi.o(i.SPI_WaitFlagStateUntilTimeout)
    i.ST7735_BeginWritePixels                0x08001f64   Section        0  st7735.o(i.ST7735_BeginWritePixels)
    i.ST7735_EndWritePixels                  0x08001f88   Section        0  st7735.o(i.ST7735_EndWritePixels)
    i.ST7735_FillScreen                      0x08001f98   Section        0  st7735.o(i.ST7735_FillScreen)
    i.ST7735_Init                            0x08001fe4   Section        0  st7735.o(i.ST7735_Init)
    i.ST7735_RGB565                          0x08002168   Section        0  st7735.o(i.ST7735_RGB565)
    i.ST7735_TestPattern                     0x0800217c   Section        0  st7735.o(i.ST7735_TestPattern)
    i.ST7735_TxCpltCallback                  0x080021c4   Section        0  st7735.o(i.ST7735_TxCpltCallback)
    i.ST7735_WaitTransfer                    0x080021dc   Section        0  st7735.o(i.ST7735_WaitTransfer)
    i.ST7735_WritePixelsDMA                  0x080021ec   Section        0  st7735.o(i.ST7735_WritePixelsDMA)
    i.SVC_Handler                            0x08002220   Section        0  stm32f1xx_it.o(i.SVC_Handler)
    i.SysTick_Handler                        0x08002222   Section        0  stm32f1xx_it.o(i.SysTick_Handler)
    i.SystemClock_Config                     0x08002226   Section        0  main.o(i.SystemClock_Config)
    i.SystemInit                             0x08002284   Section        0  system_stm32f1xx.o(i.SystemInit)
    i.ThermalView_RenderFrame                0x08002288   Section        0  thermal_view.o(i.ThermalView_RenderFrame)
    i.ThermalView_ShowNoFrame                0x08002350   Section        0  thermal_view.o(i.ThermalView_ShowNoFrame)
    i.ThermalView_ShowWaiting                0x08002398   Section        0  thermal_view.o(i.ThermalView_ShowWaiting)
    i.UART_DMAAbortOnError                   0x080023b6   Section        0  stm32f1xx_hal_uart.o(i.UART_DMAAbortOnError)
    UART_DMAAbortOnError                     0x080023b7   Thumb Code    16  stm32f1xx_hal_uart.o(i.UART_DMAAbortOnError)
    i.UART_DMAError                          0x080023c6   Section        0  stm32f1xx_hal_uart.o(i.UART_DMAError)
    UART_DMAError                            0x080023c7   Thumb Code    74  stm32f1xx_hal_uart.o(i.UART_DMAError)
    i.UART_DMAReceiveCplt                    0x08002410   Section        0  stm32f1xx_hal_uart.o(i.UART_DMAReceiveCplt)
    UART_DMAReceiveCplt                      0x08002411   Thumb Code   134  stm32f1xx_hal_uart.o(i.UART_DMAReceiveCplt)
    i.UART_DMARxHalfCplt                     0x08002496   Section        0  stm32f1xx_hal_uart.o(i.UART_DMARxHalfCplt)
    UART_DMARxHalfCplt                       0x08002497   Thumb Code    30  stm32f1xx_hal_uart.o(i.UART_DMARxHalfCplt)
    i.UART_EndRxTransfer                     0x080024b4   Section        0  stm32f1xx_hal_uart.o(i.UART_EndRxTransfer)
    UART_EndRxTransfer                       0x080024b5   Thumb Code    78  stm32f1xx_hal_uart.o(i.UART_EndRxTransfer)
    i.UART_EndTxTransfer                     0x08002502   Section        0  stm32f1xx_hal_uart.o(i.UART_EndTxTransfer)
    UART_EndTxTransfer                       0x08002503   Thumb Code    28  stm32f1xx_hal_uart.o(i.UART_EndTxTransfer)
    i.UART_Receive_IT                        0x0800251e   Section        0  stm32f1xx_hal_uart.o(i.UART_Receive_IT)
    UART_Receive_IT                          0x0800251f   Thumb Code   194  stm32f1xx_hal_uart.o(i.UART_Receive_IT)
    i.UART_SetConfig                         0x080025e0   Section        0  stm32f1xx_hal_uart.o(i.UART_SetConfig)
    UART_SetConfig                           0x080025e1   Thumb Code   178  stm32f1xx_hal_uart.o(i.UART_SetConfig)
    i.UART_Start_Receive_DMA                 0x08002698   Section        0  stm32f1xx_hal_uart.o(i.UART_Start_Receive_DMA)
    i.UART_WaitOnFlagUntilTimeout            0x08002728   Section        0  stm32f1xx_hal_uart.o(i.UART_WaitOnFlagUntilTimeout)
    UART_WaitOnFlagUntilTimeout              0x08002729   Thumb Code   114  stm32f1xx_hal_uart.o(i.UART_WaitOnFlagUntilTimeout)
    i.USART2_IRQHandler                      0x0800279c   Section        0  stm32f1xx_it.o(i.USART2_IRQHandler)
    i.UsageFault_Handler                     0x080027a8   Section        0  stm32f1xx_it.o(i.UsageFault_Handler)
    i.__NVIC_SetPriority                     0x080027aa   Section        0  stm32f1xx_hal_cortex.o(i.__NVIC_SetPriority)
    __NVIC_SetPriority                       0x080027ab   Thumb Code    32  stm32f1xx_hal_cortex.o(i.__NVIC_SetPriority)
    i.append_char                            0x080027ca   Section        0  thermal_view.o(i.append_char)
    append_char                              0x080027cb   Thumb Code    22  thermal_view.o(i.append_char)
    i.append_temp                            0x080027e0   Section        0  thermal_view.o(i.append_temp)
    append_temp                              0x080027e1   Thumb Code    74  thermal_view.o(i.append_temp)
    i.append_uint                            0x0800282c   Section        0  thermal_view.o(i.append_uint)
    append_uint                              0x0800282d   Thumb Code    66  thermal_view.o(i.append_uint)
    i.calc_stats                             0x0800286e   Section        0  thermal_view.o(i.calc_stats)
    calc_stats                               0x0800286f   Thumb Code   110  thermal_view.o(i.calc_stats)
    i.debug_write                            0x080028dc   Section        0  app_ir_camera.o(i.debug_write)
    debug_write                              0x080028dd   Thumb Code    24  app_ir_camera.o(i.debug_write)
    i.draw_text                              0x080028f8   Section        0  thermal_view.o(i.draw_text)
    draw_text                                0x080028f9   Thumb Code   132  thermal_view.o(i.draw_text)
    i.fill_status_bg                         0x08002980   Section        0  thermal_view.o(i.fill_status_bg)
    fill_status_bg                           0x08002981   Thumb Code    36  thermal_view.o(i.fill_status_bg)
    i.font5x7                                0x080029a8   Section        0  thermal_view.o(i.font5x7)
    font5x7                                  0x080029a9   Thumb Code   160  thermal_view.o(i.font5x7)
    i.gy_consume_stream                      0x08002a4c   Section        0  gy_mcu90640.o(i.gy_consume_stream)
    gy_consume_stream                        0x08002a4d   Thumb Code    52  gy_mcu90640.o(i.gy_consume_stream)
    i.gy_send_command                        0x08002a88   Section        0  gy_mcu90640.o(i.gy_send_command)
    gy_send_command                          0x08002a89   Thumb Code    12  gy_mcu90640.o(i.gy_send_command)
    i.gy_start_receive                       0x08002a98   Section        0  gy_mcu90640.o(i.gy_start_receive)
    gy_start_receive                         0x08002a99   Thumb Code    34  gy_mcu90640.o(i.gy_start_receive)
    i.main                                   0x08002ac4   Section        0  main.o(i.main)
    i.render_status                          0x08002aec   Section        0  thermal_view.o(i.render_status)
    render_status                            0x08002aed   Thumb Code   180  thermal_view.o(i.render_status)
    i.st7735_data_mode                       0x08002ba4   Section        0  st7735.o(i.st7735_data_mode)
    st7735_data_mode                         0x08002ba5   Thumb Code    10  st7735.o(i.st7735_data_mode)
    i.st7735_select                          0x08002bb4   Section        0  st7735.o(i.st7735_select)
    st7735_select                            0x08002bb5   Thumb Code    10  st7735.o(i.st7735_select)
    i.st7735_set_window                      0x08002bc4   Section        0  st7735.o(i.st7735_set_window)
    st7735_set_window                        0x08002bc5   Thumb Code   116  st7735.o(i.st7735_set_window)
    i.st7735_unselect                        0x08002c38   Section        0  st7735.o(i.st7735_unselect)
    st7735_unselect                          0x08002c39   Thumb Code    10  st7735.o(i.st7735_unselect)
    i.st7735_write_command                   0x08002c48   Section        0  st7735.o(i.st7735_write_command)
    st7735_write_command                     0x08002c49   Thumb Code    36  st7735.o(i.st7735_write_command)
    i.st7735_write_reg                       0x08002c74   Section        0  st7735.o(i.st7735_write_reg)
    st7735_write_reg                         0x08002c75   Thumb Code    46  st7735.o(i.st7735_write_reg)
    i.thermal_color                          0x08002ca8   Section        0  thermal_view.o(i.thermal_color)
    thermal_color                            0x08002ca9   Thumb Code    92  thermal_view.o(i.thermal_color)
    .constdata                               0x08002d04   Section        8  gy_mcu90640.o(.constdata)
    cmd_4hz                                  0x08002d04   Data           4  gy_mcu90640.o(.constdata)
    cmd_auto                                 0x08002d08   Data           4  gy_mcu90640.o(.constdata)
    .constdata                               0x08002d0c   Section       32  st7735.o(.constdata)
    gamma_pos                                0x08002d0c   Data          16  st7735.o(.constdata)
    gamma_neg                                0x08002d1c   Data          16  st7735.o(.constdata)
    .constdata                               0x08002d2c   Section      115  thermal_view.o(.constdata)
    letter_c                                 0x08002d2c   Data           5  thermal_view.o(.constdata)
    letter_a                                 0x08002d31   Data           5  thermal_view.o(.constdata)
    letter_e                                 0x08002d36   Data           5  thermal_view.o(.constdata)
    letter_f                                 0x08002d3b   Data           5  thermal_view.o(.constdata)
    letter_l                                 0x08002d40   Data           5  thermal_view.o(.constdata)
    letter_h                                 0x08002d45   Data           5  thermal_view.o(.constdata)
    letter_m                                 0x08002d4a   Data           5  thermal_view.o(.constdata)
    letter_n                                 0x08002d4f   Data           5  thermal_view.o(.constdata)
    letter_o                                 0x08002d54   Data           5  thermal_view.o(.constdata)
    letter_r                                 0x08002d59   Data           5  thermal_view.o(.constdata)
    colon                                    0x08002d5e   Data           5  thermal_view.o(.constdata)
    dot                                      0x08002d63   Data           5  thermal_view.o(.constdata)
    minus                                    0x08002d68   Data           5  thermal_view.o(.constdata)
    digits                                   0x08002d6d   Data          50  thermal_view.o(.constdata)
    .constdata                               0x08002d9f   Section       18  stm32f1xx_hal_rcc.o(.constdata)
    aPredivFactorTable                       0x08002d9f   Data           2  stm32f1xx_hal_rcc.o(.constdata)
    aPLLMULFactorTable                       0x08002da1   Data          16  stm32f1xx_hal_rcc.o(.constdata)
    .constdata                               0x08002db1   Section       16  system_stm32f1xx.o(.constdata)
    .constdata                               0x08002dc1   Section        8  system_stm32f1xx.o(.constdata)
    .data                                    0x20000000   Section       14  app_ir_camera.o(.data)
    no_frame_shown                           0x20000000   Data           1  app_ir_camera.o(.data)
    last_frame_tick                          0x20000004   Data           4  app_ir_camera.o(.data)
    view_stats                               0x20000008   Data           6  app_ir_camera.o(.data)
    .data                                    0x2000000e   Section        4  gy_mcu90640.o(.data)
    frame_ready                              0x2000000e   Data           1  gy_mcu90640.o(.data)
    stream_len                               0x20000010   Data           2  gy_mcu90640.o(.data)
    .data                                    0x20000012   Section        1  st7735.o(.data)
    st7735_tx_busy                           0x20000012   Data           1  st7735.o(.data)
    .data                                    0x20000014   Section       12  stm32f1xx_hal.o(.data)
    .data                                    0x20000020   Section        4  system_stm32f1xx.o(.data)
    .bss                                     0x20000024   Section      156  spi.o(.bss)
    .bss                                     0x200000c0   Section      212  usart.o(.bss)
    .bss                                     0x20000194   Section     1536  app_ir_camera.o(.bss)
    temp_frame                               0x20000194   Data        1536  app_ir_camera.o(.bss)
    .bss                                     0x20000794   Section     7808  gy_mcu90640.o(.bss)
    gy_status                                0x20000794   Data          32  gy_mcu90640.o(.bss)
    rx_dma_buf                               0x200007b4   Data        1600  gy_mcu90640.o(.bss)
    stream_buf                               0x20000df4   Data        3088  gy_mcu90640.o(.bss)
    parse_buf                                0x20001a04   Data        3088  gy_mcu90640.o(.bss)
    .bss                                     0x20002614   Section      320  st7735.o(.bss)
    fill_line                                0x20002614   Data         320  st7735.o(.bss)
    .bss                                     0x20002754   Section     4160  thermal_view.o(.bss)
    heat_block                               0x20002754   Data        1600  thermal_view.o(.bss)
    status_block                             0x20002d94   Data        2560  thermal_view.o(.bss)
    .bss                                     0x20003794   Section       96  libspace.o(.bss)
    HEAP                                     0x200037f8   Section     1024  startup_stm32f103xb.o(HEAP)
    Heap_Mem                                 0x200037f8   Data        1024  startup_stm32f103xb.o(HEAP)
    STACK                                    0x20003bf8   Section     2048  startup_stm32f103xb.o(STACK)
    Stack_Mem                                0x20003bf8   Data        2048  startup_stm32f103xb.o(STACK)
    __initial_sp                             0x200043f8   Data           0  startup_stm32f103xb.o(STACK)

    Global Symbols

    Symbol Name                              Value     Ov Type        Size  Object(Section)

    BuildAttributes$$THM_ISAv4$P$D$K$B$S$PE$A:L22UL41UL21$X:L11$S22US41US21$IEEE1$IW$USESV6$~STKCKD$USESV7$~SHL$OSPACE$ROPI$EBA8$UX$STANDARDLIB$REQ8$PRES8$EABIv2 0x00000000   Number         0  anon$$obj.o ABSOLUTE
    __ARM_use_no_argv                        0x00000000   Number         0  main.o ABSOLUTE
    __ARM_exceptions_init                     - Undefined Weak Reference
    __alloca_initialize                       - Undefined Weak Reference
    __arm_preinit_                            - Undefined Weak Reference
    __cpp_initialize__aeabi_                  - Undefined Weak Reference
    __cxa_finalize                            - Undefined Weak Reference
    __rt_locale                               - Undefined Weak Reference
    __sigvec_lookup                           - Undefined Weak Reference
    _atexit_init                              - Undefined Weak Reference
    _call_atexit_fns                          - Undefined Weak Reference
    _clock_init                               - Undefined Weak Reference
    _fp_trap_init                             - Undefined Weak Reference
    _fp_trap_shutdown                         - Undefined Weak Reference
    _get_lc_collate                           - Undefined Weak Reference
    _get_lc_ctype                             - Undefined Weak Reference
    _get_lc_monetary                          - Undefined Weak Reference
    _get_lc_numeric                           - Undefined Weak Reference
    _get_lc_time                              - Undefined Weak Reference
    _getenv_init                              - Undefined Weak Reference
    _handle_redirection                       - Undefined Weak Reference
    _init_alloc                               - Undefined Weak Reference
    _init_user_alloc                          - Undefined Weak Reference
    _initio                                   - Undefined Weak Reference
    _rand_init                                - Undefined Weak Reference
    _signal_finish                            - Undefined Weak Reference
    _signal_init                              - Undefined Weak Reference
    _terminate_alloc                          - Undefined Weak Reference
    _terminate_user_alloc                     - Undefined Weak Reference
    _terminateio                              - Undefined Weak Reference
    __Vectors_Size                           0x000000ec   Number         0  startup_stm32f103xb.o ABSOLUTE
    __Vectors                                0x08000000   Data           4  startup_stm32f103xb.o(RESET)
    __Vectors_End                            0x080000ec   Data           0  startup_stm32f103xb.o(RESET)
    __main                                   0x080000ed   Thumb Code     8  __main.o(!!!main)
    __scatterload                            0x080000f5   Thumb Code     0  __scatter.o(!!!scatter)
    __scatterload_rt2                        0x080000f5   Thumb Code    44  __scatter.o(!!!scatter)
    __scatterload_rt2_thumb_only             0x080000f5   Thumb Code     0  __scatter.o(!!!scatter)
    __scatterload_null                       0x08000103   Thumb Code     0  __scatter.o(!!!scatter)
    __scatterload_copy                       0x08000129   Thumb Code    26  __scatter_copy.o(!!handler_copy)
    __scatterload_zeroinit                   0x08000145   Thumb Code    28  __scatter_zi.o(!!handler_zi)
    __rt_lib_init                            0x08000161   Thumb Code     0  libinit.o(.ARM.Collect$$libinit$$00000000)
    __rt_lib_init_alloca_1                   0x08000163   Thumb Code     0  libinit2.o(.ARM.Collect$$libinit$$0000002E)
    __rt_lib_init_argv_1                     0x08000163   Thumb Code     0  libinit2.o(.ARM.Collect$$libinit$$0000002C)
    __rt_lib_init_atexit_1                   0x08000163   Thumb Code     0  libinit2.o(.ARM.Collect$$libinit$$0000001B)
    __rt_lib_init_clock_1                    0x08000163   Thumb Code     0  libinit2.o(.ARM.Collect$$libinit$$00000021)
    __rt_lib_init_cpp_1                      0x08000163   Thumb Code     0  libinit2.o(.ARM.Collect$$libinit$$00000032)
    __rt_lib_init_exceptions_1               0x08000163   Thumb Code     0  libinit2.o(.ARM.Collect$$libinit$$00000030)
    __rt_lib_init_fp_1                       0x08000163   Thumb Code     0  libinit2.o(.ARM.Collect$$libinit$$00000002)
    __rt_lib_init_fp_trap_1                  0x08000163   Thumb Code     0  libinit2.o(.ARM.Collect$$libinit$$0000001F)
    __rt_lib_init_getenv_1                   0x08000163   Thumb Code     0  libinit2.o(.ARM.Collect$$libinit$$00000023)
    __rt_lib_init_heap_1                     0x08000163   Thumb Code     0  libinit2.o(.ARM.Collect$$libinit$$0000000A)
    __rt_lib_init_lc_collate_1               0x08000163   Thumb Code     0  libinit2.o(.ARM.Collect$$libinit$$00000011)
    __rt_lib_init_lc_ctype_1                 0x08000163   Thumb Code     0  libinit2.o(.ARM.Collect$$libinit$$00000013)
    __rt_lib_init_lc_monetary_1              0x08000163   Thumb Code     0  libinit2.o(.ARM.Collect$$libinit$$00000015)
    __rt_lib_init_lc_numeric_1               0x08000163   Thumb Code     0  libinit2.o(.ARM.Collect$$libinit$$00000017)
    __rt_lib_init_lc_time_1                  0x08000163   Thumb Code     0  libinit2.o(.ARM.Collect$$libinit$$00000019)
    __rt_lib_init_preinit_1                  0x08000163   Thumb Code     0  libinit2.o(.ARM.Collect$$libinit$$00000004)
    __rt_lib_init_rand_1                     0x08000163   Thumb Code     0  libinit2.o(.ARM.Collect$$libinit$$0000000E)
    __rt_lib_init_return                     0x08000163   Thumb Code     0  libinit2.o(.ARM.Collect$$libinit$$00000033)
    __rt_lib_init_signal_1                   0x08000163   Thumb Code     0  libinit2.o(.ARM.Collect$$libinit$$0000001D)
    __rt_lib_init_stdio_1                    0x08000163   Thumb Code     0  libinit2.o(.ARM.Collect$$libinit$$00000025)
    __rt_lib_init_user_alloc_1               0x08000163   Thumb Code     0  libinit2.o(.ARM.Collect$$libinit$$0000000C)
    __rt_lib_shutdown                        0x08000165   Thumb Code     0  libshutdown.o(.ARM.Collect$$libshutdown$$00000000)
    __rt_lib_shutdown_cpp_1                  0x08000167   Thumb Code     0  libshutdown2.o(.ARM.Collect$$libshutdown$$00000002)
    __rt_lib_shutdown_fp_trap_1              0x08000167   Thumb Code     0  libshutdown2.o(.ARM.Collect$$libshutdown$$00000007)
    __rt_lib_shutdown_heap_1                 0x08000167   Thumb Code     0  libshutdown2.o(.ARM.Collect$$libshutdown$$0000000F)
    __rt_lib_shutdown_return                 0x08000167   Thumb Code     0  libshutdown2.o(.ARM.Collect$$libshutdown$$00000010)
    __rt_lib_shutdown_signal_1               0x08000167   Thumb Code     0  libshutdown2.o(.ARM.Collect$$libshutdown$$0000000A)
    __rt_lib_shutdown_stdio_1                0x08000167   Thumb Code     0  libshutdown2.o(.ARM.Collect$$libshutdown$$00000004)
    __rt_lib_shutdown_user_alloc_1           0x08000167   Thumb Code     0  libshutdown2.o(.ARM.Collect$$libshutdown$$0000000C)
    __rt_entry                               0x08000169   Thumb Code     0  __rtentry.o(.ARM.Collect$$rtentry$$00000000)
    __rt_entry_presh_1                       0x08000169   Thumb Code     0  __rtentry2.o(.ARM.Collect$$rtentry$$00000002)
    __rt_entry_sh                            0x08000169   Thumb Code     0  __rtentry4.o(.ARM.Collect$$rtentry$$00000004)
    __rt_entry_li                            0x0800016f   Thumb Code     0  __rtentry2.o(.ARM.Collect$$rtentry$$0000000A)
    __rt_entry_postsh_1                      0x0800016f   Thumb Code     0  __rtentry2.o(.ARM.Collect$$rtentry$$00000009)
    __rt_entry_main                          0x08000173   Thumb Code     0  __rtentry2.o(.ARM.Collect$$rtentry$$0000000D)
    __rt_entry_postli_1                      0x08000173   Thumb Code     0  __rtentry2.o(.ARM.Collect$$rtentry$$0000000C)
    __rt_exit                                0x0800017b   Thumb Code     0  rtexit.o(.ARM.Collect$$rtexit$$00000000)
    __rt_exit_ls                             0x0800017d   Thumb Code     0  rtexit2.o(.ARM.Collect$$rtexit$$00000003)
    __rt_exit_prels_1                        0x0800017d   Thumb Code     0  rtexit2.o(.ARM.Collect$$rtexit$$00000002)
    __rt_exit_exit                           0x08000181   Thumb Code     0  rtexit2.o(.ARM.Collect$$rtexit$$00000004)
    Reset_Handler                            0x08000189   Thumb Code     8  startup_stm32f103xb.o(.text)
    ADC1_2_IRQHandler                        0x080001a3   Thumb Code     0  startup_stm32f103xb.o(.text)
    CAN1_RX1_IRQHandler                      0x080001a3   Thumb Code     0  startup_stm32f103xb.o(.text)
    CAN1_SCE_IRQHandler                      0x080001a3   Thumb Code     0  startup_stm32f103xb.o(.text)
    DMA1_Channel1_IRQHandler                 0x080001a3   Thumb Code     0  startup_stm32f103xb.o(.text)
    DMA1_Channel2_IRQHandler                 0x080001a3   Thumb Code     0  startup_stm32f103xb.o(.text)
    DMA1_Channel4_IRQHandler                 0x080001a3   Thumb Code     0  startup_stm32f103xb.o(.text)
    DMA1_Channel5_IRQHandler                 0x080001a3   Thumb Code     0  startup_stm32f103xb.o(.text)
    DMA1_Channel7_IRQHandler                 0x080001a3   Thumb Code     0  startup_stm32f103xb.o(.text)
    EXTI0_IRQHandler                         0x080001a3   Thumb Code     0  startup_stm32f103xb.o(.text)
    EXTI15_10_IRQHandler                     0x080001a3   Thumb Code     0  startup_stm32f103xb.o(.text)
    EXTI1_IRQHandler                         0x080001a3   Thumb Code     0  startup_stm32f103xb.o(.text)
    EXTI2_IRQHandler                         0x080001a3   Thumb Code     0  startup_stm32f103xb.o(.text)
    EXTI3_IRQHandler                         0x080001a3   Thumb Code     0  startup_stm32f103xb.o(.text)
    EXTI4_IRQHandler                         0x080001a3   Thumb Code     0  startup_stm32f103xb.o(.text)
    EXTI9_5_IRQHandler                       0x080001a3   Thumb Code     0  startup_stm32f103xb.o(.text)
    FLASH_IRQHandler                         0x080001a3   Thumb Code     0  startup_stm32f103xb.o(.text)
    I2C1_ER_IRQHandler                       0x080001a3   Thumb Code     0  startup_stm32f103xb.o(.text)
    I2C1_EV_IRQHandler                       0x080001a3   Thumb Code     0  startup_stm32f103xb.o(.text)
    I2C2_ER_IRQHandler                       0x080001a3   Thumb Code     0  startup_stm32f103xb.o(.text)
    I2C2_EV_IRQHandler                       0x080001a3   Thumb Code     0  startup_stm32f103xb.o(.text)
    PVD_IRQHandler                           0x080001a3   Thumb Code     0  startup_stm32f103xb.o(.text)
    RCC_IRQHandler                           0x080001a3   Thumb Code     0  startup_stm32f103xb.o(.text)
    RTC_Alarm_IRQHandler                     0x080001a3   Thumb Code     0  startup_stm32f103xb.o(.text)
    RTC_IRQHandler                           0x080001a3   Thumb Code     0  startup_stm32f103xb.o(.text)
    SPI1_IRQHandler                          0x080001a3   Thumb Code     0  startup_stm32f103xb.o(.text)
    SPI2_IRQHandler                          0x080001a3   Thumb Code     0  startup_stm32f103xb.o(.text)
    TAMPER_IRQHandler                        0x080001a3   Thumb Code     0  startup_stm32f103xb.o(.text)
    TIM1_BRK_IRQHandler                      0x080001a3   Thumb Code     0  startup_stm32f103xb.o(.text)
    TIM1_CC_IRQHandler                       0x080001a3   Thumb Code     0  startup_stm32f103xb.o(.text)
    TIM1_TRG_COM_IRQHandler                  0x080001a3   Thumb Code     0  startup_stm32f103xb.o(.text)
    TIM1_UP_IRQHandler                       0x080001a3   Thumb Code     0  startup_stm32f103xb.o(.text)
    TIM2_IRQHandler                          0x080001a3   Thumb Code     0  startup_stm32f103xb.o(.text)
    TIM3_IRQHandler                          0x080001a3   Thumb Code     0  startup_stm32f103xb.o(.text)
    TIM4_IRQHandler                          0x080001a3   Thumb Code     0  startup_stm32f103xb.o(.text)
    USART1_IRQHandler                        0x080001a3   Thumb Code     0  startup_stm32f103xb.o(.text)
    USART3_IRQHandler                        0x080001a3   Thumb Code     0  startup_stm32f103xb.o(.text)
    USBWakeUp_IRQHandler                     0x080001a3   Thumb Code     0  startup_stm32f103xb.o(.text)
    USB_HP_CAN1_TX_IRQHandler                0x080001a3   Thumb Code     0  startup_stm32f103xb.o(.text)
    USB_LP_CAN1_RX0_IRQHandler               0x080001a3   Thumb Code     0  startup_stm32f103xb.o(.text)
    WWDG_IRQHandler                          0x080001a3   Thumb Code     0  startup_stm32f103xb.o(.text)
    __user_initial_stackheap                 0x080001a5   Thumb Code     0  startup_stm32f103xb.o(.text)
    strlen                                   0x080001c9   Thumb Code    62  strlen.o(.text)
    __aeabi_memcpy                           0x08000207   Thumb Code     0  rt_memcpy_v6.o(.text)
    __rt_memcpy                              0x08000207   Thumb Code   138  rt_memcpy_v6.o(.text)
    _memcpy_lastbytes                        0x0800026d   Thumb Code     0  rt_memcpy_v6.o(.text)
    __aeabi_memmove                          0x08000291   Thumb Code     0  rt_memmove_v6.o(.text)
    __rt_memmove                             0x08000291   Thumb Code   132  rt_memmove_v6.o(.text)
    __memmove_lastfew                        0x080002f1   Thumb Code     0  rt_memmove_v6.o(.text)
    __aeabi_memcpy4                          0x08000315   Thumb Code     0  rt_memcpy_w.o(.text)
    __aeabi_memcpy8                          0x08000315   Thumb Code     0  rt_memcpy_w.o(.text)
    __rt_memcpy_w                            0x08000315   Thumb Code   100  rt_memcpy_w.o(.text)
    _memcpy_lastbytes_aligned                0x0800035d   Thumb Code     0  rt_memcpy_w.o(.text)
    __aeabi_memclr                           0x08000379   Thumb Code     0  rt_memclr.o(.text)
    __rt_memclr                              0x08000379   Thumb Code    68  rt_memclr.o(.text)
    _memset                                  0x0800037d   Thumb Code     0  rt_memclr.o(.text)
    __aeabi_memclr4                          0x080003bd   Thumb Code     0  rt_memclr_w.o(.text)
    __aeabi_memclr8                          0x080003bd   Thumb Code     0  rt_memclr_w.o(.text)
    __rt_memclr_w                            0x080003bd   Thumb Code    78  rt_memclr_w.o(.text)
    _memset_w                                0x080003c1   Thumb Code     0  rt_memclr_w.o(.text)
    __use_two_region_memory                  0x0800040b   Thumb Code     2  heapauxi.o(.text)
    __rt_heap_escrow$2region                 0x0800040d   Thumb Code     2  heapauxi.o(.text)
    __rt_heap_expand$2region                 0x0800040f   Thumb Code     2  heapauxi.o(.text)
    __aeabi_memmove4                         0x08000411   Thumb Code     0  rt_memmove_w.o(.text)
    __aeabi_memmove8                         0x08000411   Thumb Code     0  rt_memmove_w.o(.text)
    __rt_memmove_w                           0x08000411   Thumb Code   122  rt_memmove_w.o(.text)
    __memmove_aligned                        0x08000437   Thumb Code     0  rt_memmove_w.o(.text)
    __memmove_lastfew_aligned                0x0800046f   Thumb Code     0  rt_memmove_w.o(.text)
    __user_setup_stackheap                   0x0800048b   Thumb Code    74  sys_stackheap_outer.o(.text)
    exit                                     0x080004d5   Thumb Code    18  exit.o(.text)
    __user_libspace                          0x080004e9   Thumb Code     8  libspace.o(.text)
    __user_perproc_libspace                  0x080004e9   Thumb Code     0  libspace.o(.text)
    __user_perthread_libspace                0x080004e9   Thumb Code     0  libspace.o(.text)
    _sys_exit                                0x080004f1   Thumb Code     8  sys_exit.o(.text)
    __I$use$semihosting                      0x080004fd   Thumb Code     0  use_no_semi.o(.text)
    __use_no_semihosting_swi                 0x080004fd   Thumb Code     2  use_no_semi.o(.text)
    __semihosting_library_function           0x080004ff   Thumb Code     0  indicate_semi.o(.text)
    App_IRCamera_Init                        0x08000501   Thumb Code    46  app_ir_camera.o(i.App_IRCamera_Init)
    App_IRCamera_Task                        0x08000569   Thumb Code    64  app_ir_camera.o(i.App_IRCamera_Task)
    BusFault_Handler                         0x080005b1   Thumb Code     2  stm32f1xx_it.o(i.BusFault_Handler)
    DMA1_Channel3_IRQHandler                 0x080005b5   Thumb Code     6  stm32f1xx_it.o(i.DMA1_Channel3_IRQHandler)
    DMA1_Channel6_IRQHandler                 0x080005c1   Thumb Code     6  stm32f1xx_it.o(i.DMA1_Channel6_IRQHandler)
    DebugMon_Handler                         0x080005f7   Thumb Code     2  stm32f1xx_it.o(i.DebugMon_Handler)
    Error_Handler                            0x080005f9   Thumb Code     4  main.o(i.Error_Handler)
    GY_MCU90640_ErrorCallback                0x080005fd   Thumb Code    32  gy_mcu90640.o(i.GY_MCU90640_ErrorCallback)
    GY_MCU90640_Init                         0x08000625   Thumb Code    86  gy_mcu90640.o(i.GY_MCU90640_Init)
    GY_MCU90640_PopFrame                     0x0800068d   Thumb Code   278  gy_mcu90640.o(i.GY_MCU90640_PopFrame)
    GY_MCU90640_RxEventCallback              0x080007b5   Thumb Code   134  gy_mcu90640.o(i.GY_MCU90640_RxEventCallback)
    HAL_DMA_Abort                            0x0800084d   Thumb Code    70  stm32f1xx_hal_dma.o(i.HAL_DMA_Abort)
    HAL_DMA_Abort_IT                         0x08000895   Thumb Code   148  stm32f1xx_hal_dma.o(i.HAL_DMA_Abort_IT)
    HAL_DMA_IRQHandler                       0x0800092d   Thumb Code   316  stm32f1xx_hal_dma.o(i.HAL_DMA_IRQHandler)
    HAL_DMA_Init                             0x08000a81   Thumb Code    84  stm32f1xx_hal_dma.o(i.HAL_DMA_Init)
    HAL_DMA_Start_IT                         0x08000add   Thumb Code   112  stm32f1xx_hal_dma.o(i.HAL_DMA_Start_IT)
    HAL_Delay                                0x08000b4d   Thumb Code    32  stm32f1xx_hal.o(i.HAL_Delay)
    HAL_GPIO_Init                            0x08000b71   Thumb Code   446  stm32f1xx_hal_gpio.o(i.HAL_GPIO_Init)
    HAL_GPIO_WritePin                        0x08000d51   Thumb Code    10  stm32f1xx_hal_gpio.o(i.HAL_GPIO_WritePin)
    HAL_GetTick                              0x08000d5d   Thumb Code     6  stm32f1xx_hal.o(i.HAL_GetTick)
    HAL_IncTick                              0x08000d69   Thumb Code    12  stm32f1xx_hal.o(i.HAL_IncTick)
    HAL_Init                                 0x08000d79   Thumb Code    32  stm32f1xx_hal.o(i.HAL_Init)
    HAL_InitTick                             0x08000d9d   Thumb Code    54  stm32f1xx_hal.o(i.HAL_InitTick)
    HAL_MspInit                              0x08000ddd   Thumb Code    52  stm32f1xx_hal_msp.o(i.HAL_MspInit)
    HAL_NVIC_EnableIRQ                       0x08000e19   Thumb Code    26  stm32f1xx_hal_cortex.o(i.HAL_NVIC_EnableIRQ)
    HAL_NVIC_SetPriority                     0x08000e35   Thumb Code    60  stm32f1xx_hal_cortex.o(i.HAL_NVIC_SetPriority)
    HAL_NVIC_SetPriorityGrouping             0x08000e75   Thumb Code    26  stm32f1xx_hal_cortex.o(i.HAL_NVIC_SetPriorityGrouping)
    HAL_RCC_ClockConfig                      0x08000e99   Thumb Code   280  stm32f1xx_hal_rcc.o(i.HAL_RCC_ClockConfig)
    HAL_RCC_GetPCLK1Freq                     0x08000fc5   Thumb Code    20  stm32f1xx_hal_rcc.o(i.HAL_RCC_GetPCLK1Freq)
    HAL_RCC_GetPCLK2Freq                     0x08000fe5   Thumb Code    20  stm32f1xx_hal_rcc.o(i.HAL_RCC_GetPCLK2Freq)
    HAL_RCC_GetSysClockFreq                  0x08001005   Thumb Code    58  stm32f1xx_hal_rcc.o(i.HAL_RCC_GetSysClockFreq)
    HAL_RCC_OscConfig                        0x08001051   Thumb Code   778  stm32f1xx_hal_rcc.o(i.HAL_RCC_OscConfig)
    HAL_SPI_ErrorCallback                    0x08001371   Thumb Code     2  stm32f1xx_hal_spi.o(i.HAL_SPI_ErrorCallback)
    HAL_SPI_Init                             0x08001373   Thumb Code   178  stm32f1xx_hal_spi.o(i.HAL_SPI_Init)
    HAL_SPI_MspInit                          0x08001425   Thumb Code   124  spi.o(i.HAL_SPI_MspInit)
    HAL_SPI_Transmit                         0x080014b5   Thumb Code   358  stm32f1xx_hal_spi.o(i.HAL_SPI_Transmit)
    HAL_SPI_Transmit_DMA                     0x0800161d   Thumb Code   190  stm32f1xx_hal_spi.o(i.HAL_SPI_Transmit_DMA)
    HAL_SPI_TxCpltCallback                   0x080016e9   Thumb Code     4  app_ir_camera.o(i.HAL_SPI_TxCpltCallback)
    HAL_SPI_TxHalfCpltCallback               0x080016ed   Thumb Code     2  stm32f1xx_hal_spi.o(i.HAL_SPI_TxHalfCpltCallback)
    HAL_SYSTICK_Config                       0x080016ef   Thumb Code    40  stm32f1xx_hal_cortex.o(i.HAL_SYSTICK_Config)
    HAL_UARTEx_ReceiveToIdle_DMA             0x08001717   Thumb Code    74  stm32f1xx_hal_uart.o(i.HAL_UARTEx_ReceiveToIdle_DMA)
    HAL_UARTEx_RxEventCallback               0x08001761   Thumb Code     4  app_ir_camera.o(i.HAL_UARTEx_RxEventCallback)
    HAL_UART_DMAStop                         0x08001765   Thumb Code   112  stm32f1xx_hal_uart.o(i.HAL_UART_DMAStop)
    HAL_UART_ErrorCallback                   0x080017d5   Thumb Code     4  app_ir_camera.o(i.HAL_UART_ErrorCallback)
    HAL_UART_IRQHandler                      0x080017d9   Thumb Code   616  stm32f1xx_hal_uart.o(i.HAL_UART_IRQHandler)
    HAL_UART_Init                            0x08001a45   Thumb Code   100  stm32f1xx_hal_uart.o(i.HAL_UART_Init)
    HAL_UART_MspInit                         0x08001aa9   Thumb Code   230  usart.o(i.HAL_UART_MspInit)
    HAL_UART_RxCpltCallback                  0x08001ba9   Thumb Code     2  stm32f1xx_hal_uart.o(i.HAL_UART_RxCpltCallback)
    HAL_UART_RxHalfCpltCallback              0x08001bab   Thumb Code     2  stm32f1xx_hal_uart.o(i.HAL_UART_RxHalfCpltCallback)
    HAL_UART_Transmit                        0x08001bad   Thumb Code   160  stm32f1xx_hal_uart.o(i.HAL_UART_Transmit)
    HAL_UART_TxCpltCallback                  0x08001c4d   Thumb Code     2  stm32f1xx_hal_uart.o(i.HAL_UART_TxCpltCallback)
    HardFault_Handler                        0x08001c4f   Thumb Code     2  stm32f1xx_it.o(i.HardFault_Handler)
    MX_DMA_Init                              0x08001c51   Thumb Code    56  dma.o(i.MX_DMA_Init)
    MX_GPIO_Init                             0x08001c8d   Thumb Code   142  gpio.o(i.MX_GPIO_Init)
    MX_SPI1_Init                             0x08001d29   Thumb Code    62  spi.o(i.MX_SPI1_Init)
    MX_USART1_UART_Init                      0x08001d71   Thumb Code    48  usart.o(i.MX_USART1_UART_Init)
    MX_USART2_UART_Init                      0x08001da9   Thumb Code    48  usart.o(i.MX_USART2_UART_Init)
    MemManage_Handler                        0x08001de1   Thumb Code     2  stm32f1xx_it.o(i.MemManage_Handler)
    NMI_Handler                              0x08001de3   Thumb Code     2  stm32f1xx_it.o(i.NMI_Handler)
    PendSV_Handler                           0x08001de5   Thumb Code     2  stm32f1xx_it.o(i.PendSV_Handler)
    ST7735_BeginWritePixels                  0x08001f65   Thumb Code    32  st7735.o(i.ST7735_BeginWritePixels)
    ST7735_EndWritePixels                    0x08001f89   Thumb Code    12  st7735.o(i.ST7735_EndWritePixels)
    ST7735_FillScreen                        0x08001f99   Thumb Code    72  st7735.o(i.ST7735_FillScreen)
    ST7735_Init                              0x08001fe5   Thumb Code   380  st7735.o(i.ST7735_Init)
    ST7735_RGB565                            0x08002169   Thumb Code    20  st7735.o(i.ST7735_RGB565)
    ST7735_TestPattern                       0x0800217d   Thumb Code    72  st7735.o(i.ST7735_TestPattern)
    ST7735_TxCpltCallback                    0x080021c5   Thumb Code    14  st7735.o(i.ST7735_TxCpltCallback)
    ST7735_WaitTransfer                      0x080021dd   Thumb Code    10  st7735.o(i.ST7735_WaitTransfer)
    ST7735_WritePixelsDMA                    0x080021ed   Thumb Code    42  st7735.o(i.ST7735_WritePixelsDMA)
    SVC_Handler                              0x08002221   Thumb Code     2  stm32f1xx_it.o(i.SVC_Handler)
    SysTick_Handler                          0x08002223   Thumb Code     4  stm32f1xx_it.o(i.SysTick_Handler)
    SystemClock_Config                       0x08002227   Thumb Code    94  main.o(i.SystemClock_Config)
    SystemInit                               0x08002285   Thumb Code     2  system_stm32f1xx.o(i.SystemInit)
    ThermalView_RenderFrame                  0x08002289   Thumb Code   194  thermal_view.o(i.ThermalView_RenderFrame)
    ThermalView_ShowNoFrame                  0x08002351   Thumb Code    56  thermal_view.o(i.ThermalView_ShowNoFrame)
    ThermalView_ShowWaiting                  0x08002399   Thumb Code    30  thermal_view.o(i.ThermalView_ShowWaiting)
    UART_Start_Receive_DMA                   0x08002699   Thumb Code   130  stm32f1xx_hal_uart.o(i.UART_Start_Receive_DMA)
    USART2_IRQHandler                        0x0800279d   Thumb Code     6  stm32f1xx_it.o(i.USART2_IRQHandler)
    UsageFault_Handler                       0x080027a9   Thumb Code     2  stm32f1xx_it.o(i.UsageFault_Handler)
    main                                     0x08002ac5   Thumb Code    38  main.o(i.main)
    AHBPrescTable                            0x08002db1   Data          16  system_stm32f1xx.o(.constdata)
    APBPrescTable                            0x08002dc1   Data           8  system_stm32f1xx.o(.constdata)
    Region$$Table$$Base                      0x08002dcc   Number         0  anon$$obj.o(Region$$Table)
    Region$$Table$$Limit                     0x08002dec   Number         0  anon$$obj.o(Region$$Table)
    uwTickFreq                               0x20000014   Data           1  stm32f1xx_hal.o(.data)
    uwTickPrio                               0x20000018   Data           4  stm32f1xx_hal.o(.data)
    uwTick                                   0x2000001c   Data           4  stm32f1xx_hal.o(.data)
    SystemCoreClock                          0x20000020   Data           4  system_stm32f1xx.o(.data)
    hspi1                                    0x20000024   Data          88  spi.o(.bss)
    hdma_spi1_tx                             0x2000007c   Data          68  spi.o(.bss)
    huart1                                   0x200000c0   Data          72  usart.o(.bss)
    huart2                                   0x20000108   Data          72  usart.o(.bss)
    hdma_usart2_rx                           0x20000150   Data          68  usart.o(.bss)
    __libspace_start                         0x20003794   Data          96  libspace.o(.bss)
    __temporary_stack_top$libspace           0x200037f4   Data           0  libspace.o(.bss)



==============================================================================

Memory Map of the image

  Image Entry point : 0x080000ed

  Load Region LR_IROM1 (Base: 0x08000000, Size: 0x00002e10, Max: 0x00010000, ABSOLUTE)

    Execution Region ER_IROM1 (Exec base: 0x08000000, Load base: 0x08000000, Size: 0x00002dec, Max: 0x00010000, ABSOLUTE)

    Exec Addr    Load Addr    Size         Type   Attr      Idx    E Section Name        Object

    0x08000000   0x08000000   0x000000ec   Data   RO            3    RESET               startup_stm32f103xb.o
    0x080000ec   0x080000ec   0x00000008   Code   RO         2486  * !!!main             c_w.l(__main.o)
    0x080000f4   0x080000f4   0x00000034   Code   RO         2645    !!!scatter          c_w.l(__scatter.o)
    0x08000128   0x08000128   0x0000001a   Code   RO         2647    !!handler_copy      c_w.l(__scatter_copy.o)
    0x08000142   0x08000142   0x00000002   PAD
    0x08000144   0x08000144   0x0000001c   Code   RO         2649    !!handler_zi        c_w.l(__scatter_zi.o)
    0x08000160   0x08000160   0x00000002   Code   RO         2515    .ARM.Collect$$libinit$$00000000  c_w.l(libinit.o)
    0x08000162   0x08000162   0x00000000   Code   RO         2522    .ARM.Collect$$libinit$$00000002  c_w.l(libinit2.o)
    0x08000162   0x08000162   0x00000000   Code   RO         2524    .ARM.Collect$$libinit$$00000004  c_w.l(libinit2.o)
    0x08000162   0x08000162   0x00000000   Code   RO         2527    .ARM.Collect$$libinit$$0000000A  c_w.l(libinit2.o)
    0x08000162   0x08000162   0x00000000   Code   RO         2529    .ARM.Collect$$libinit$$0000000C  c_w.l(libinit2.o)
    0x08000162   0x08000162   0x00000000   Code   RO         2531    .ARM.Collect$$libinit$$0000000E  c_w.l(libinit2.o)
    0x08000162   0x08000162   0x00000000   Code   RO         2534    .ARM.Collect$$libinit$$00000011  c_w.l(libinit2.o)
    0x08000162   0x08000162   0x00000000   Code   RO         2536    .ARM.Collect$$libinit$$00000013  c_w.l(libinit2.o)
    0x08000162   0x08000162   0x00000000   Code   RO         2538    .ARM.Collect$$libinit$$00000015  c_w.l(libinit2.o)
    0x08000162   0x08000162   0x00000000   Code   RO         2540    .ARM.Collect$$libinit$$00000017  c_w.l(libinit2.o)
    0x08000162   0x08000162   0x00000000   Code   RO         2542    .ARM.Collect$$libinit$$00000019  c_w.l(libinit2.o)
    0x08000162   0x08000162   0x00000000   Code   RO         2544    .ARM.Collect$$libinit$$0000001B  c_w.l(libinit2.o)
    0x08000162   0x08000162   0x00000000   Code   RO         2546    .ARM.Collect$$libinit$$0000001D  c_w.l(libinit2.o)
    0x08000162   0x08000162   0x00000000   Code   RO         2548    .ARM.Collect$$libinit$$0000001F  c_w.l(libinit2.o)
    0x08000162   0x08000162   0x00000000   Code   RO         2550    .ARM.Collect$$libinit$$00000021  c_w.l(libinit2.o)
    0x08000162   0x08000162   0x00000000   Code   RO         2552    .ARM.Collect$$libinit$$00000023  c_w.l(libinit2.o)
    0x08000162   0x08000162   0x00000000   Code   RO         2554    .ARM.Collect$$libinit$$00000025  c_w.l(libinit2.o)
    0x08000162   0x08000162   0x00000000   Code   RO         2558    .ARM.Collect$$libinit$$0000002C  c_w.l(libinit2.o)
    0x08000162   0x08000162   0x00000000   Code   RO         2560    .ARM.Collect$$libinit$$0000002E  c_w.l(libinit2.o)
    0x08000162   0x08000162   0x00000000   Code   RO         2562    .ARM.Collect$$libinit$$00000030  c_w.l(libinit2.o)
    0x08000162   0x08000162   0x00000000   Code   RO         2564    .ARM.Collect$$libinit$$00000032  c_w.l(libinit2.o)
    0x08000162   0x08000162   0x00000002   Code   RO         2565    .ARM.Collect$$libinit$$00000033  c_w.l(libinit2.o)
    0x08000164   0x08000164   0x00000002   Code   RO         2585    .ARM.Collect$$libshutdown$$00000000  c_w.l(libshutdown.o)
    0x08000166   0x08000166   0x00000000   Code   RO         2598    .ARM.Collect$$libshutdown$$00000002  c_w.l(libshutdown2.o)
    0x08000166   0x08000166   0x00000000   Code   RO         2600    .ARM.Collect$$libshutdown$$00000004  c_w.l(libshutdown2.o)
    0x08000166   0x08000166   0x00000000   Code   RO         2603    .ARM.Collect$$libshutdown$$00000007  c_w.l(libshutdown2.o)
    0x08000166   0x08000166   0x00000000   Code   RO         2606    .ARM.Collect$$libshutdown$$0000000A  c_w.l(libshutdown2.o)
    0x08000166   0x08000166   0x00000000   Code   RO         2608    .ARM.Collect$$libshutdown$$0000000C  c_w.l(libshutdown2.o)
    0x08000166   0x08000166   0x00000000   Code   RO         2611    .ARM.Collect$$libshutdown$$0000000F  c_w.l(libshutdown2.o)
    0x08000166   0x08000166   0x00000002   Code   RO         2612    .ARM.Collect$$libshutdown$$00000010  c_w.l(libshutdown2.o)
    0x08000168   0x08000168   0x00000000   Code   RO         2488    .ARM.Collect$$rtentry$$00000000  c_w.l(__rtentry.o)
    0x08000168   0x08000168   0x00000000   Code   RO         2492    .ARM.Collect$$rtentry$$00000002  c_w.l(__rtentry2.o)
    0x08000168   0x08000168   0x00000006   Code   RO         2504    .ARM.Collect$$rtentry$$00000004  c_w.l(__rtentry4.o)
    0x0800016e   0x0800016e   0x00000000   Code   RO         2494    .ARM.Collect$$rtentry$$00000009  c_w.l(__rtentry2.o)
    0x0800016e   0x0800016e   0x00000004   Code   RO         2495    .ARM.Collect$$rtentry$$0000000A  c_w.l(__rtentry2.o)
    0x08000172   0x08000172   0x00000000   Code   RO         2497    .ARM.Collect$$rtentry$$0000000C  c_w.l(__rtentry2.o)
    0x08000172   0x08000172   0x00000008   Code   RO         2498    .ARM.Collect$$rtentry$$0000000D  c_w.l(__rtentry2.o)
    0x0800017a   0x0800017a   0x00000002   Code   RO         2519    .ARM.Collect$$rtexit$$00000000  c_w.l(rtexit.o)
    0x0800017c   0x0800017c   0x00000000   Code   RO         2567    .ARM.Collect$$rtexit$$00000002  c_w.l(rtexit2.o)
    0x0800017c   0x0800017c   0x00000004   Code   RO         2568    .ARM.Collect$$rtexit$$00000003  c_w.l(rtexit2.o)
    0x08000180   0x08000180   0x00000006   Code   RO         2569    .ARM.Collect$$rtexit$$00000004  c_w.l(rtexit2.o)
    0x08000186   0x08000186   0x00000002   PAD
    0x08000188   0x08000188   0x00000040   Code   RO            4    .text               startup_stm32f103xb.o
    0x080001c8   0x080001c8   0x0000003e   Code   RO         2472    .text               c_w.l(strlen.o)
    0x08000206   0x08000206   0x0000008a   Code   RO         2474    .text               c_w.l(rt_memcpy_v6.o)
    0x08000290   0x08000290   0x00000084   Code   RO         2476    .text               c_w.l(rt_memmove_v6.o)
    0x08000314   0x08000314   0x00000064   Code   RO         2478    .text               c_w.l(rt_memcpy_w.o)
    0x08000378   0x08000378   0x00000044   Code   RO         2480    .text               c_w.l(rt_memclr.o)
    0x080003bc   0x080003bc   0x0000004e   Code   RO         2482    .text               c_w.l(rt_memclr_w.o)
    0x0800040a   0x0800040a   0x00000006   Code   RO         2484    .text               c_w.l(heapauxi.o)
    0x08000410   0x08000410   0x0000007a   Code   RO         2489    .text               c_w.l(rt_memmove_w.o)
    0x0800048a   0x0800048a   0x0000004a   Code   RO         2506    .text               c_w.l(sys_stackheap_outer.o)
    0x080004d4   0x080004d4   0x00000012   Code   RO         2508    .text               c_w.l(exit.o)
    0x080004e6   0x080004e6   0x00000002   PAD
    0x080004e8   0x080004e8   0x00000008   Code   RO         2516    .text               c_w.l(libspace.o)
    0x080004f0   0x080004f0   0x0000000c   Code   RO         2577    .text               c_w.l(sys_exit.o)
    0x080004fc   0x080004fc   0x00000002   Code   RO         2588    .text               c_w.l(use_no_semi.o)
    0x080004fe   0x080004fe   0x00000000   Code   RO         2590    .text               c_w.l(indicate_semi.o)
    0x080004fe   0x080004fe   0x00000002   PAD
    0x08000500   0x08000500   0x00000068   Code   RO          407    i.App_IRCamera_Init  app_ir_camera.o
    0x08000568   0x08000568   0x00000048   Code   RO          408    i.App_IRCamera_Task  app_ir_camera.o
    0x080005b0   0x080005b0   0x00000002   Code   RO          289    i.BusFault_Handler  stm32f1xx_it.o
    0x080005b2   0x080005b2   0x00000002   PAD
    0x080005b4   0x080005b4   0x0000000c   Code   RO          290    i.DMA1_Channel3_IRQHandler  stm32f1xx_it.o
    0x080005c0   0x080005c0   0x0000000c   Code   RO          291    i.DMA1_Channel6_IRQHandler  stm32f1xx_it.o
    0x080005cc   0x080005cc   0x0000002a   Code   RO         1473    i.DMA_SetConfig     stm32f1xx_hal_dma.o
    0x080005f6   0x080005f6   0x00000002   Code   RO          292    i.DebugMon_Handler  stm32f1xx_it.o
    0x080005f8   0x080005f8   0x00000004   Code   RO           13    i.Error_Handler     main.o
    0x080005fc   0x080005fc   0x00000028   Code   RO          478    i.GY_MCU90640_ErrorCallback  gy_mcu90640.o
    0x08000624   0x08000624   0x00000068   Code   RO          480    i.GY_MCU90640_Init  gy_mcu90640.o
    0x0800068c   0x0800068c   0x00000128   Code   RO          481    i.GY_MCU90640_PopFrame  gy_mcu90640.o
    0x080007b4   0x080007b4   0x00000098   Code   RO          482    i.GY_MCU90640_RxEventCallback  gy_mcu90640.o
    0x0800084c   0x0800084c   0x00000046   Code   RO         1474    i.HAL_DMA_Abort     stm32f1xx_hal_dma.o
    0x08000892   0x08000892   0x00000002   PAD
    0x08000894   0x08000894   0x00000098   Code   RO         1475    i.HAL_DMA_Abort_IT  stm32f1xx_hal_dma.o
    0x0800092c   0x0800092c   0x00000154   Code   RO         1479    i.HAL_DMA_IRQHandler  stm32f1xx_hal_dma.o
    0x08000a80   0x08000a80   0x0000005c   Code   RO         1480    i.HAL_DMA_Init      stm32f1xx_hal_dma.o
    0x08000adc   0x08000adc   0x00000070   Code   RO         1484    i.HAL_DMA_Start_IT  stm32f1xx_hal_dma.o
    0x08000b4c   0x08000b4c   0x00000024   Code   RO         1100    i.HAL_Delay         stm32f1xx_hal.o
    0x08000b70   0x08000b70   0x000001e0   Code   RO         1410    i.HAL_GPIO_Init     stm32f1xx_hal_gpio.o
    0x08000d50   0x08000d50   0x0000000a   Code   RO         1414    i.HAL_GPIO_WritePin  stm32f1xx_hal_gpio.o
    0x08000d5a   0x08000d5a   0x00000002   PAD
    0x08000d5c   0x08000d5c   0x0000000c   Code   RO         1104    i.HAL_GetTick       stm32f1xx_hal.o
    0x08000d68   0x08000d68   0x00000010   Code   RO         1110    i.HAL_IncTick       stm32f1xx_hal.o
    0x08000d78   0x08000d78   0x00000024   Code   RO         1111    i.HAL_Init          stm32f1xx_hal.o
    0x08000d9c   0x08000d9c   0x00000040   Code   RO         1112    i.HAL_InitTick      stm32f1xx_hal.o
    0x08000ddc   0x08000ddc   0x0000003c   Code   RO          383    i.HAL_MspInit       stm32f1xx_hal_msp.o
    0x08000e18   0x08000e18   0x0000001a   Code   RO         1570    i.HAL_NVIC_EnableIRQ  stm32f1xx_hal_cortex.o
    0x08000e32   0x08000e32   0x00000002   PAD
    0x08000e34   0x08000e34   0x00000040   Code   RO         1576    i.HAL_NVIC_SetPriority  stm32f1xx_hal_cortex.o
    0x08000e74   0x08000e74   0x00000024   Code   RO         1577    i.HAL_NVIC_SetPriorityGrouping  stm32f1xx_hal_cortex.o
    0x08000e98   0x08000e98   0x0000012c   Code   RO         1268    i.HAL_RCC_ClockConfig  stm32f1xx_hal_rcc.o
    0x08000fc4   0x08000fc4   0x00000020   Code   RO         1275    i.HAL_RCC_GetPCLK1Freq  stm32f1xx_hal_rcc.o
    0x08000fe4   0x08000fe4   0x00000020   Code   RO         1276    i.HAL_RCC_GetPCLK2Freq  stm32f1xx_hal_rcc.o
    0x08001004   0x08001004   0x0000004c   Code   RO         1277    i.HAL_RCC_GetSysClockFreq  stm32f1xx_hal_rcc.o
    0x08001050   0x08001050   0x00000320   Code   RO         1280    i.HAL_RCC_OscConfig  stm32f1xx_hal_rcc.o
    0x08001370   0x08001370   0x00000002   Code   RO          778    i.HAL_SPI_ErrorCallback  stm32f1xx_hal_spi.o
    0x08001372   0x08001372   0x000000b2   Code   RO          782    i.HAL_SPI_Init      stm32f1xx_hal_spi.o
    0x08001424   0x08001424   0x00000090   Code   RO          200    i.HAL_SPI_MspInit   spi.o
    0x080014b4   0x080014b4   0x00000166   Code   RO          790    i.HAL_SPI_Transmit  stm32f1xx_hal_spi.o
    0x0800161a   0x0800161a   0x00000002   PAD
    0x0800161c   0x0800161c   0x000000cc   Code   RO          794    i.HAL_SPI_Transmit_DMA  stm32f1xx_hal_spi.o
    0x080016e8   0x080016e8   0x00000004   Code   RO          409    i.HAL_SPI_TxCpltCallback  app_ir_camera.o
    0x080016ec   0x080016ec   0x00000002   Code   RO          797    i.HAL_SPI_TxHalfCpltCallback  stm32f1xx_hal_spi.o
    0x080016ee   0x080016ee   0x00000028   Code   RO         1581    i.HAL_SYSTICK_Config  stm32f1xx_hal_cortex.o
    0x08001716   0x08001716   0x0000004a   Code   RO         2080    i.HAL_UARTEx_ReceiveToIdle_DMA  stm32f1xx_hal_uart.o
    0x08001760   0x08001760   0x00000004   Code   RO          410    i.HAL_UARTEx_RxEventCallback  app_ir_camera.o
    0x08001764   0x08001764   0x00000070   Code   RO         2094    i.HAL_UART_DMAStop  stm32f1xx_hal_uart.o
    0x080017d4   0x080017d4   0x00000004   Code   RO          411    i.HAL_UART_ErrorCallback  app_ir_camera.o
    0x080017d8   0x080017d8   0x0000026c   Code   RO         2099    i.HAL_UART_IRQHandler  stm32f1xx_hal_uart.o
    0x08001a44   0x08001a44   0x00000064   Code   RO         2100    i.HAL_UART_Init     stm32f1xx_hal_uart.o
    0x08001aa8   0x08001aa8   0x00000100   Code   RO          242    i.HAL_UART_MspInit  usart.o
    0x08001ba8   0x08001ba8   0x00000002   Code   RO         2106    i.HAL_UART_RxCpltCallback  stm32f1xx_hal_uart.o
    0x08001baa   0x08001baa   0x00000002   Code   RO         2107    i.HAL_UART_RxHalfCpltCallback  stm32f1xx_hal_uart.o
    0x08001bac   0x08001bac   0x000000a0   Code   RO         2108    i.HAL_UART_Transmit  stm32f1xx_hal_uart.o
    0x08001c4c   0x08001c4c   0x00000002   Code   RO         2111    i.HAL_UART_TxCpltCallback  stm32f1xx_hal_uart.o
    0x08001c4e   0x08001c4e   0x00000002   Code   RO          293    i.HardFault_Handler  stm32f1xx_it.o
    0x08001c50   0x08001c50   0x0000003c   Code   RO          175    i.MX_DMA_Init       dma.o
    0x08001c8c   0x08001c8c   0x0000009c   Code   RO          151    i.MX_GPIO_Init      gpio.o
    0x08001d28   0x08001d28   0x00000048   Code   RO          201    i.MX_SPI1_Init      spi.o
    0x08001d70   0x08001d70   0x00000038   Code   RO          243    i.MX_USART1_UART_Init  usart.o
    0x08001da8   0x08001da8   0x00000038   Code   RO          244    i.MX_USART2_UART_Init  usart.o
    0x08001de0   0x08001de0   0x00000002   Code   RO          294    i.MemManage_Handler  stm32f1xx_it.o
    0x08001de2   0x08001de2   0x00000002   Code   RO          295    i.NMI_Handler       stm32f1xx_it.o
    0x08001de4   0x08001de4   0x00000002   Code   RO          296    i.PendSV_Handler    stm32f1xx_it.o
    0x08001de6   0x08001de6   0x00000022   Code   RO          810    i.SPI_DMAError      stm32f1xx_hal_spi.o
    0x08001e08   0x08001e08   0x0000000a   Code   RO          812    i.SPI_DMAHalfTransmitCplt  stm32f1xx_hal_spi.o
    0x08001e12   0x08001e12   0x00000064   Code   RO          816    i.SPI_DMATransmitCplt  stm32f1xx_hal_spi.o
    0x08001e76   0x08001e76   0x00000034   Code   RO          820    i.SPI_EndRxTxTransaction  stm32f1xx_hal_spi.o
    0x08001eaa   0x08001eaa   0x00000002   PAD
    0x08001eac   0x08001eac   0x000000b8   Code   RO          825    i.SPI_WaitFlagStateUntilTimeout  stm32f1xx_hal_spi.o
    0x08001f64   0x08001f64   0x00000024   Code   RO          548    i.ST7735_BeginWritePixels  st7735.o
    0x08001f88   0x08001f88   0x00000010   Code   RO          549    i.ST7735_EndWritePixels  st7735.o
    0x08001f98   0x08001f98   0x0000004c   Code   RO          550    i.ST7735_FillScreen  st7735.o
    0x08001fe4   0x08001fe4   0x00000184   Code   RO          551    i.ST7735_Init       st7735.o
    0x08002168   0x08002168   0x00000014   Code   RO          552    i.ST7735_RGB565     st7735.o
    0x0800217c   0x0800217c   0x00000048   Code   RO          553    i.ST7735_TestPattern  st7735.o
    0x080021c4   0x080021c4   0x00000018   Code   RO          554    i.ST7735_TxCpltCallback  st7735.o
    0x080021dc   0x080021dc   0x00000010   Code   RO          555    i.ST7735_WaitTransfer  st7735.o
    0x080021ec   0x080021ec   0x00000034   Code   RO          556    i.ST7735_WritePixelsDMA  st7735.o
    0x08002220   0x08002220   0x00000002   Code   RO          297    i.SVC_Handler       stm32f1xx_it.o
    0x08002222   0x08002222   0x00000004   Code   RO          298    i.SysTick_Handler   stm32f1xx_it.o
    0x08002226   0x08002226   0x0000005e   Code   RO           14    i.SystemClock_Config  main.o
    0x08002284   0x08002284   0x00000002   Code   RO         2434    i.SystemInit        system_stm32f1xx.o
    0x08002286   0x08002286   0x00000002   PAD
    0x08002288   0x08002288   0x000000c8   Code   RO          651    i.ThermalView_RenderFrame  thermal_view.o
    0x08002350   0x08002350   0x00000048   Code   RO          652    i.ThermalView_ShowNoFrame  thermal_view.o
    0x08002398   0x08002398   0x0000001e   Code   RO          653    i.ThermalView_ShowWaiting  thermal_view.o
    0x080023b6   0x080023b6   0x00000010   Code   RO         2113    i.UART_DMAAbortOnError  stm32f1xx_hal_uart.o
    0x080023c6   0x080023c6   0x0000004a   Code   RO         2114    i.UART_DMAError     stm32f1xx_hal_uart.o
    0x08002410   0x08002410   0x00000086   Code   RO         2115    i.UART_DMAReceiveCplt  stm32f1xx_hal_uart.o
    0x08002496   0x08002496   0x0000001e   Code   RO         2117    i.UART_DMARxHalfCplt  stm32f1xx_hal_uart.o
    0x080024b4   0x080024b4   0x0000004e   Code   RO         2123    i.UART_EndRxTransfer  stm32f1xx_hal_uart.o
    0x08002502   0x08002502   0x0000001c   Code   RO         2124    i.UART_EndTxTransfer  stm32f1xx_hal_uart.o
    0x0800251e   0x0800251e   0x000000c2   Code   RO         2125    i.UART_Receive_IT   stm32f1xx_hal_uart.o
    0x080025e0   0x080025e0   0x000000b8   Code   RO         2126    i.UART_SetConfig    stm32f1xx_hal_uart.o
    0x08002698   0x08002698   0x00000090   Code   RO         2127    i.UART_Start_Receive_DMA  stm32f1xx_hal_uart.o
    0x08002728   0x08002728   0x00000072   Code   RO         2129    i.UART_WaitOnFlagUntilTimeout  stm32f1xx_hal_uart.o
    0x0800279a   0x0800279a   0x00000002   PAD
    0x0800279c   0x0800279c   0x0000000c   Code   RO          299    i.USART2_IRQHandler  stm32f1xx_it.o
    0x080027a8   0x080027a8   0x00000002   Code   RO          300    i.UsageFault_Handler  stm32f1xx_it.o
    0x080027aa   0x080027aa   0x00000020   Code   RO         1583    i.__NVIC_SetPriority  stm32f1xx_hal_cortex.o
    0x080027ca   0x080027ca   0x00000016   Code   RO          654    i.append_char       thermal_view.o
    0x080027e0   0x080027e0   0x0000004a   Code   RO          655    i.append_temp       thermal_view.o
    0x0800282a   0x0800282a   0x00000002   PAD
    0x0800282c   0x0800282c   0x00000042   Code   RO          656    i.append_uint       thermal_view.o
    0x0800286e   0x0800286e   0x0000006e   Code   RO          657    i.calc_stats        thermal_view.o
    0x080028dc   0x080028dc   0x0000001c   Code   RO          412    i.debug_write       app_ir_camera.o
    0x080028f8   0x080028f8   0x00000088   Code   RO          658    i.draw_text         thermal_view.o
    0x08002980   0x08002980   0x00000028   Code   RO          659    i.fill_status_bg    thermal_view.o
    0x080029a8   0x080029a8   0x000000a4   Code   RO          660    i.font5x7           thermal_view.o
    0x08002a4c   0x08002a4c   0x0000003c   Code   RO          483    i.gy_consume_stream  gy_mcu90640.o
    0x08002a88   0x08002a88   0x00000010   Code   RO          484    i.gy_send_command   gy_mcu90640.o
    0x08002a98   0x08002a98   0x0000002c   Code   RO          485    i.gy_start_receive  gy_mcu90640.o
    0x08002ac4   0x08002ac4   0x00000026   Code   RO           15    i.main              main.o
    0x08002aea   0x08002aea   0x00000002   PAD
    0x08002aec   0x08002aec   0x000000b8   Code   RO          661    i.render_status     thermal_view.o
    0x08002ba4   0x08002ba4   0x00000010   Code   RO          557    i.st7735_data_mode  st7735.o
    0x08002bb4   0x08002bb4   0x00000010   Code   RO          558    i.st7735_select     st7735.o
    0x08002bc4   0x08002bc4   0x00000074   Code   RO          559    i.st7735_set_window  st7735.o
    0x08002c38   0x08002c38   0x00000010   Code   RO          560    i.st7735_unselect   st7735.o
    0x08002c48   0x08002c48   0x0000002c   Code   RO          561    i.st7735_write_command  st7735.o
    0x08002c74   0x08002c74   0x00000034   Code   RO          562    i.st7735_write_reg  st7735.o
    0x08002ca8   0x08002ca8   0x0000005c   Code   RO          662    i.thermal_color     thermal_view.o
    0x08002d04   0x08002d04   0x00000008   Data   RO          487    .constdata          gy_mcu90640.o
    0x08002d0c   0x08002d0c   0x00000020   Data   RO          564    .constdata          st7735.o
    0x08002d2c   0x08002d2c   0x00000073   Data   RO          664    .constdata          thermal_view.o
    0x08002d9f   0x08002d9f   0x00000012   Data   RO         1281    .constdata          stm32f1xx_hal_rcc.o
    0x08002db1   0x08002db1   0x00000010   Data   RO         2435    .constdata          system_stm32f1xx.o
    0x08002dc1   0x08002dc1   0x00000008   Data   RO         2436    .constdata          system_stm32f1xx.o
    0x08002dc9   0x08002dc9   0x00000003   PAD
    0x08002dcc   0x08002dcc   0x00000020   Data   RO         2643    Region$$Table       anon$$obj.o


    Execution Region RW_IRAM1 (Exec base: 0x20000000, Load base: 0x08002dec, Size: 0x000043f8, Max: 0x00005000, ABSOLUTE)

    Exec Addr    Load Addr    Size         Type   Attr      Idx    E Section Name        Object

    0x20000000   0x08002dec   0x0000000e   Data   RW          414    .data               app_ir_camera.o
    0x2000000e   0x08002dfa   0x00000004   Data   RW          488    .data               gy_mcu90640.o
    0x20000012   0x08002dfe   0x00000001   Data   RW          565    .data               st7735.o
    0x20000013   0x08002dff   0x00000001   PAD
    0x20000014   0x08002e00   0x0000000c   Data   RW         1118    .data               stm32f1xx_hal.o
    0x20000020   0x08002e0c   0x00000004   Data   RW         2437    .data               system_stm32f1xx.o
    0x20000024        -       0x0000009c   Zero   RW          202    .bss                spi.o
    0x200000c0        -       0x000000d4   Zero   RW          245    .bss                usart.o
    0x20000194        -       0x00000600   Zero   RW          413    .bss                app_ir_camera.o
    0x20000794        -       0x00001e80   Zero   RW          486    .bss                gy_mcu90640.o
    0x20002614        -       0x00000140   Zero   RW          563    .bss                st7735.o
    0x20002754        -       0x00001040   Zero   RW          663    .bss                thermal_view.o
    0x20003794        -       0x00000060   Zero   RW         2517    .bss                c_w.l(libspace.o)
    0x200037f4   0x08002e10   0x00000004   PAD
    0x200037f8        -       0x00000400   Zero   RW            2    HEAP                startup_stm32f103xb.o
    0x20003bf8        -       0x00000800   Zero   RW            1    STACK               startup_stm32f103xb.o


==============================================================================

Image component sizes


      Code (inc. data)   RO Data    RW Data    ZI Data      Debug   Object Name

       216         70          0         14       1536       4775   app_ir_camera.o
        60          4          0          0          0        762   dma.o
       156         14          0          0          0        923   gpio.o
       712         84          8          4       7808       5976   gy_mcu90640.o
       136          0          0          0          0     401816   main.o
       216         30          0          0        156       1738   spi.o
       960         78         32          1        320       9473   st7735.o
        64         26        236          0       3072        804   startup_stm32f103xb.o
       164         28          0         12          0       5889   stm32f1xx_hal.o
       198         14          0          0          0      28943   stm32f1xx_hal_cortex.o
       808         36          0          0          0       4978   stm32f1xx_hal_dma.o
       490         34          0          0          0       2884   stm32f1xx_hal_gpio.o
        60          8          0          0          0        870   stm32f1xx_hal_msp.o
      1240         84         18          0          0       5112   stm32f1xx_hal_rcc.o
      1124         18          0          0          0       7990   stm32f1xx_hal_spi.o
      2068         24          0          0          0      14443   stm32f1xx_hal_uart.o
        56         18          0          0          0       5192   stm32f1xx_it.o
         2          0         24          4          0       1115   system_stm32f1xx.o
      1190         38        115          0       4160       9670   thermal_view.o
       368         42          0          0        212       2470   usart.o

    ----------------------------------------------------------------------
     10308        650        468         36      17264     515823   Object Totals
         0          0         32          0          0          0   (incl. Generated)
        20          0          3          1          0          0   (incl. Padding)

    ----------------------------------------------------------------------

      Code (inc. data)   RO Data    RW Data    ZI Data      Debug   Library Member Name

         8          0          0          0          0         68   __main.o
         0          0          0          0          0          0   __rtentry.o
        12          0          0          0          0          0   __rtentry2.o
         6          0          0          0          0          0   __rtentry4.o
        52          8          0          0          0          0   __scatter.o
        26          0          0          0          0          0   __scatter_copy.o
        28          0          0          0          0          0   __scatter_zi.o
        18          0          0          0          0         80   exit.o
         6          0          0          0          0        152   heapauxi.o
         0          0          0          0          0          0   indicate_semi.o
         2          0          0          0          0          0   libinit.o
         2          0          0          0          0          0   libinit2.o
         2          0          0          0          0          0   libshutdown.o
         2          0          0          0          0          0   libshutdown2.o
         8          4          0          0         96         68   libspace.o
        68          0          0          0          0         68   rt_memclr.o
        78          0          0          0          0         80   rt_memclr_w.o
       138          0          0          0          0         68   rt_memcpy_v6.o
       100          0          0          0          0         80   rt_memcpy_w.o
       132          0          0          0          0         68   rt_memmove_v6.o
       122          0          0          0          0         80   rt_memmove_w.o
         2          0          0          0          0          0   rtexit.o
        10          0          0          0          0          0   rtexit2.o
        62          0          0          0          0         76   strlen.o
        12          4          0          0          0         68   sys_exit.o
        74          0          0          0          0         80   sys_stackheap_outer.o
         2          0          0          0          0         68   use_no_semi.o

    ----------------------------------------------------------------------
       980         16          0          0        100       1104   Library Totals
         8          0          0          0          4          0   (incl. Padding)

    ----------------------------------------------------------------------

      Code (inc. data)   RO Data    RW Data    ZI Data      Debug   Library Name

       972         16          0          0         96       1104   c_w.l

    ----------------------------------------------------------------------
       980         16          0          0        100       1104   Library Totals

    ----------------------------------------------------------------------

==============================================================================


      Code (inc. data)   RO Data    RW Data    ZI Data      Debug   

     11288        666        468         36      17364     510683   Grand Totals
     11288        666        468         36      17364     510683   ELF Image Totals
     11288        666        468         36          0          0   ROM Totals

==============================================================================

    Total RO  Size (Code + RO Data)                11756 (  11.48kB)
    Total RW  Size (RW Data + ZI Data)             17400 (  16.99kB)
    Total ROM Size (Code + RO Data + RW Data)      11792 (  11.52kB)

==============================================================================

